16:10:24 **** Incremental Build of configuration Debug for project CardClassifier ****
make -j12 all 
arm-none-eabi-size  CardClassifier.elf 
   text	   data	    bss	    dec	    hex	filename
 448888	   3352	 482256	 934496	  e4260	CardClassifier.elf
Finished building: default.size.stdout
 
16:14:43 **** Incremental Build of configuration Debug for project CardClassifier ****
make -j12 all 
arm-none-eabi-gcc "../Core/Src/main.c" -mcpu=cortex-m7 -std=gnu11 -g3 -DDEBUG -DUSE_HAL_DRIVER -DSTM32H743xx -c -I../Core/Inc -I../Drivers/STM32H7xx_HAL_Driver/Inc -I../Drivers/STM32H7xx_HAL_Driver/Inc/Legacy -I../Drivers/CMSIS/Device/ST/STM32H7xx/Include -I../Drivers/CMSIS/Include -I../X-CUBE-AI/App -I../X-CUBE-AI -I../Middlewares/ST/AI/Inc -Os -ffunction-sections -fdata-sections -Wall -fstack-usage -fcyclomatic-complexity -MMD -MP -MF"Core/Src/main.d" -MT"Core/Src/main.o" --specs=nano.specs -mfpu=fpv5-d16 -mfloat-abi=hard -mthumb -o "Core/Src/main.o"
../Core/Src/main.c: In function 'main':
../Core/Src/main.c:161:40: warning: format '%x' expects argument of type 'unsigned int', but argument 3 has type 'uint32_t *' {aka 'long unsigned int *'} [-Wformat=]
  161 |   sprintf(buffer, "imagedata address: %x\r\n", imagedata); //24073924
      |                                       ~^       ~~~~~~~~~
      |                                        |       |
      |                                        |       uint32_t * {aka long unsigned int *}
      |                                        unsigned int
      |                                       %ln
../Core/Src/main.c:162:36: warning: implicit declaration of function 'strlen' [-Wimplicit-function-declaration]
  162 |   HAL_UART_Transmit(&huart4,buffer,strlen(buffer),10);
      |                                    ^~~~~~
../Core/Src/main.c:22:1: note: include '<string.h>' or provide a declaration of 'strlen'
   21 | #include "app_x-cube-ai.h"
  +++ |+#include <string.h>
   22 | 
../Core/Src/main.c:162:36: warning: incompatible implicit declaration of built-in function 'strlen' [-Wbuiltin-declaration-mismatch]
  162 |   HAL_UART_Transmit(&huart4,buffer,strlen(buffer),10);
      |                                    ^~~~~~
../Core/Src/main.c:162:36: note: include '<string.h>' or provide a declaration of 'strlen'
../Core/Src/main.c:162:29: warning: pointer targets in passing argument 2 of 'HAL_UART_Transmit' differ in signedness [-Wpointer-sign]
  162 |   HAL_UART_Transmit(&huart4,buffer,strlen(buffer),10);
      |                             ^~~~~~
      |                             |
      |                             char *
In file included from ../Core/Inc/stm32h7xx_hal_conf.h:463,
                 from ../Drivers/STM32H7xx_HAL_Driver/Inc/stm32h7xx_hal.h:29,
                 from ../Core/Inc/main.h:30,
                 from ../Core/Src/main.c:20:
../Drivers/STM32H7xx_HAL_Driver/Inc/stm32h7xx_hal_uart.h:1637:79: note: expected 'const uint8_t *' {aka 'const unsigned char *'} but argument is of type 'char *'
 1637 | HAL_StatusTypeDef HAL_UART_Transmit(UART_HandleTypeDef *huart, const uint8_t *pData, uint16_t Size, uint32_t Timeout);
      |                                                                ~~~~~~~~~~~~~~~^~~~~
../Core/Src/main.c:164:19: warning: passing argument 1 of 'ov7670_startCap' makes integer from pointer without a cast [-Wint-conversion]
  164 |   ov7670_startCap(imagedata);
      |                   ^~~~~~~~~
      |                   |
      |                   uint32_t * {aka long unsigned int *}
In file included from ../Core/Inc/main.h:34:
../Core/Inc/camera.h:15:35: note: expected 'uint32_t' {aka 'long unsigned int'} but argument is of type 'uint32_t *' {aka 'long unsigned int *'}
   15 | uint32_t ov7670_startCap(uint32_t destAddress);
      |                          ~~~~~~~~~^~~~~~~~~~~
../Core/Src/main.c:171:28: warning: passing argument 2 of 'Resize_to_128' from incompatible pointer type [-Wincompatible-pointer-types]
  171 |   Resize_to_128(imagedata, imagedata128);
      |                            ^~~~~~~~~~~~
      |                            |
      |                            uint32_t ** {aka long unsigned int **}
../Core/Inc/camera.h:17:51: note: expected 'uint32_t *' {aka 'long unsigned int *'} but argument is of type 'uint32_t **' {aka 'long unsigned int **'}
   17 | void Resize_to_128 (uint32_t* inputimg, uint32_t* outputimg);
      |                                         ~~~~~~~~~~^~~~~~~~~
arm-none-eabi-gcc -o "CardClassifier.elf" @"objects.list"  -l:NetworkRuntime810_CM7_GCC.a -mcpu=cortex-m7 -T"U:\ECE395-Poker-Card-Classifier-Device\CardClassifier\CardClassifier\STM32H743VITX_FLASH.ld" --specs=nosys.specs -Wl,-Map="CardClassifier.map" -Wl,--gc-sections -static -L../Middlewares/ST/AI/Lib -u_printf_float --specs=nano.specs -mfpu=fpv5-d16 -mfloat-abi=hard -mthumb -Wl,--start-group -lc -lm -Wl,--end-group
C:/ST/STM32CubeIDE_1.13.1/STM32CubeIDE/plugins/com.st.stm32cube.ide.mcu.externaltools.gnu-tools-for-stm32.12.3.rel1.win32_1.0.100.202403111256/tools/bin/../lib/gcc/arm-none-eabi/12.3.1/../../../../arm-none-eabi/bin/ld.exe: C:/ST/STM32CubeIDE_1.13.1/STM32CubeIDE/plugins/com.st.stm32cube.ide.mcu.externaltools.gnu-tools-for-stm32.12.3.rel1.win32_1.0.100.202403111256/tools/bin/../lib/gcc/arm-none-eabi/12.3.1/../../../../arm-none-eabi/lib/thumb/v7e-m+dp/hard\libc_nano.a(libc_a-closer.o): in function `_close_r':
(.text._close_r+0xc): warning: _close is not implemented and will always fail
C:/ST/STM32CubeIDE_1.13.1/STM32CubeIDE/plugins/com.st.stm32cube.ide.mcu.externaltools.gnu-tools-for-stm32.12.3.rel1.win32_1.0.100.202403111256/tools/bin/../lib/gcc/arm-none-eabi/12.3.1/../../../../arm-none-eabi/bin/ld.exe: C:/ST/STM32CubeIDE_1.13.1/STM32CubeIDE/plugins/com.st.stm32cube.ide.mcu.externaltools.gnu-tools-for-stm32.12.3.rel1.win32_1.0.100.202403111256/tools/bin/../lib/gcc/arm-none-eabi/12.3.1/../../../../arm-none-eabi/lib/thumb/v7e-m+dp/hard\libc_nano.a(libc_a-fstatr.o): in function `_fstat_r':
(.text._fstat_r+0xe): warning: _fstat is not implemented and will always fail
C:/ST/STM32CubeIDE_1.13.1/STM32CubeIDE/plugins/com.st.stm32cube.ide.mcu.externaltools.gnu-tools-for-stm32.12.3.rel1.win32_1.0.100.202403111256/tools/bin/../lib/gcc/arm-none-eabi/12.3.1/../../../../arm-none-eabi/bin/ld.exe: C:/ST/STM32CubeIDE_1.13.1/STM32CubeIDE/plugins/com.st.stm32cube.ide.mcu.externaltools.gnu-tools-for-stm32.12.3.rel1.win32_1.0.100.202403111256/tools/bin/../lib/gcc/arm-none-eabi/12.3.1/../../../../arm-none-eabi/lib/thumb/v7e-m+dp/hard\libc_nano.a(libc_a-signalr.o): in function `_getpid_r':
(.text._getpid_r+0x0): warning: _getpid is not implemented and will always fail
C:/ST/STM32CubeIDE_1.13.1/STM32CubeIDE/plugins/com.st.stm32cube.ide.mcu.externaltools.gnu-tools-for-stm32.12.3.rel1.win32_1.0.100.202403111256/tools/bin/../lib/gcc/arm-none-eabi/12.3.1/../../../../arm-none-eabi/bin/ld.exe: C:/ST/STM32CubeIDE_1.13.1/STM32CubeIDE/plugins/com.st.stm32cube.ide.mcu.externaltools.gnu-tools-for-stm32.12.3.rel1.win32_1.0.100.202403111256/tools/bin/../lib/gcc/arm-none-eabi/12.3.1/../../../../arm-none-eabi/lib/thumb/v7e-m+dp/hard\libc_nano.a(libc_a-isattyr.o): in function `_isatty_r':
(.text._isatty_r+0xc): warning: _isatty is not implemented and will always fail
C:/ST/STM32CubeIDE_1.13.1/STM32CubeIDE/plugins/com.st.stm32cube.ide.mcu.externaltools.gnu-tools-for-stm32.12.3.rel1.win32_1.0.100.202403111256/tools/bin/../lib/gcc/arm-none-eabi/12.3.1/../../../../arm-none-eabi/bin/ld.exe: C:/ST/STM32CubeIDE_1.13.1/STM32CubeIDE/plugins/com.st.stm32cube.ide.mcu.externaltools.gnu-tools-for-stm32.12.3.rel1.win32_1.0.100.202403111256/tools/bin/../lib/gcc/arm-none-eabi/12.3.1/../../../../arm-none-eabi/lib/thumb/v7e-m+dp/hard\libc_nano.a(libc_a-signalr.o): in function `_kill_r':
(.text._kill_r+0xe): warning: _kill is not implemented and will always fail
C:/ST/STM32CubeIDE_1.13.1/STM32CubeIDE/plugins/com.st.stm32cube.ide.mcu.externaltools.gnu-tools-for-stm32.12.3.rel1.win32_1.0.100.202403111256/tools/bin/../lib/gcc/arm-none-eabi/12.3.1/../../../../arm-none-eabi/bin/ld.exe: C:/ST/STM32CubeIDE_1.13.1/STM32CubeIDE/plugins/com.st.stm32cube.ide.mcu.externaltools.gnu-tools-for-stm32.12.3.rel1.win32_1.0.100.202403111256/tools/bin/../lib/gcc/arm-none-eabi/12.3.1/../../../../arm-none-eabi/lib/thumb/v7e-m+dp/hard\libc_nano.a(libc_a-lseekr.o): in function `_lseek_r':
(.text._lseek_r+0x10): warning: _lseek is not implemented and will always fail
C:/ST/STM32CubeIDE_1.13.1/STM32CubeIDE/plugins/com.st.stm32cube.ide.mcu.externaltools.gnu-tools-for-stm32.12.3.rel1.win32_1.0.100.202403111256/tools/bin/../lib/gcc/arm-none-eabi/12.3.1/../../../../arm-none-eabi/bin/ld.exe: C:/ST/STM32CubeIDE_1.13.1/STM32CubeIDE/plugins/com.st.stm32cube.ide.mcu.externaltools.gnu-tools-for-stm32.12.3.rel1.win32_1.0.100.202403111256/tools/bin/../lib/gcc/arm-none-eabi/12.3.1/../../../../arm-none-eabi/lib/thumb/v7e-m+dp/hard\libc_nano.a(libc_a-readr.o): in function `_read_r':
(.text._read_r+0x10): warning: _read is not implemented and will always fail
C:/ST/STM32CubeIDE_1.13.1/STM32CubeIDE/plugins/com.st.stm32cube.ide.mcu.externaltools.gnu-tools-for-stm32.12.3.rel1.win32_1.0.100.202403111256/tools/bin/../lib/gcc/arm-none-eabi/12.3.1/../../../../arm-none-eabi/bin/ld.exe: C:/ST/STM32CubeIDE_1.13.1/STM32CubeIDE/plugins/com.st.stm32cube.ide.mcu.externaltools.gnu-tools-for-stm32.12.3.rel1.win32_1.0.100.202403111256/tools/bin/../lib/gcc/arm-none-eabi/12.3.1/../../../../arm-none-eabi/lib/thumb/v7e-m+dp/hard\libc_nano.a(libc_a-writer.o): in function `_write_r':
(.text._write_r+0x10): warning: _write is not implemented and will always fail
Finished building target: CardClassifier.elf
 
arm-none-eabi-size  CardClassifier.elf 
arm-none-eabi-objdump -h -S CardClassifier.elf  > "CardClassifier.list"
   text	   data	    bss	    dec	    hex	filename
 448600	   3352	 431568	 883520	  d7b40	CardClassifier.elf
Finished building: default.size.stdout
 
Finished building: CardClassifier.list
 
16:15:02 **** Incremental Build of configuration Debug for project CardClassifier ****
make -j12 all 
arm-none-eabi-size  CardClassifier.elf 
   text	   data	    bss	    dec	    hex	filename
 448600	   3352	 431568	 883520	  d7b40	CardClassifier.elf
Finished building: default.size.stdout
 
