18:44:28 **** Incremental Build of configuration Debug for project CardClassifier ****
make -j12 all 
arm-none-eabi-gcc "../Core/Src/lcd.c" -mcpu=cortex-m7 -std=gnu11 -g3 -DDEBUG -DUSE_HAL_DRIVER -DSTM32H743xx -c -I../Core/Inc -I../Drivers/STM32H7xx_HAL_Driver/Inc -I../Drivers/STM32H7xx_HAL_Driver/Inc/Legacy -I../Drivers/CMSIS/Device/ST/STM32H7xx/Include -I../Drivers/CMSIS/Include -O0 -ffunction-sections -fdata-sections -Wall -fstack-usage -fcyclomatic-complexity -MMD -MP -MF"Core/Src/lcd.d" -MT"Core/Src/lcd.o" --specs=nano.specs -mfpu=fpv5-d16 -mfloat-abi=hard -mthumb -o "Core/Src/lcd.o"
arm-none-eabi-gcc "../Core/Src/main.c" -mcpu=cortex-m7 -std=gnu11 -g3 -DDEBUG -DUSE_HAL_DRIVER -DSTM32H743xx -c -I../Core/Inc -I../Drivers/STM32H7xx_HAL_Driver/Inc -I../Drivers/STM32H7xx_HAL_Driver/Inc/Legacy -I../Drivers/CMSIS/Device/ST/STM32H7xx/Include -I../Drivers/CMSIS/Include -O0 -ffunction-sections -fdata-sections -Wall -fstack-usage -fcyclomatic-complexity -MMD -MP -MF"Core/Src/main.d" -MT"Core/Src/main.o" --specs=nano.specs -mfpu=fpv5-d16 -mfloat-abi=hard -mthumb -o "Core/Src/main.o"
../Core/Src/lcd.c: In function 'lcd_send_cmd':
../Core/Src/lcd.c:15:18: warning: unused variable 'ret' [-Wunused-variable]
   15 |         uint16_t ret = HAL_I2C_Master_Transmit (lcd_sp_hi2c, SLAVE_ADDRESS_LCD,(uint8_t *) data_t, 4, 100);
      |                  ^~~
arm-none-eabi-gcc -o "CardClassifier.elf" @"objects.list"   -mcpu=cortex-m7 -T"U:\ECE395-Poker-Card-Classifier-Device\CardClassifier\CardClassifier\STM32H743VITX_FLASH.ld" --specs=nosys.specs -Wl,-Map="CardClassifier.map" -Wl,--gc-sections -static --specs=nano.specs -mfpu=fpv5-d16 -mfloat-abi=hard -mthumb -Wl,--start-group -lc -lm -Wl,--end-group
Finished building target: CardClassifier.elf
 
arm-none-eabi-size  CardClassifier.elf 
arm-none-eabi-objdump -h -S CardClassifier.elf  > "CardClassifier.list"
   text	   data	    bss	    dec	    hex	filename
  16716	     20	   1660	  18396	   47dc	CardClassifier.elf
Finished building: default.size.stdout
 
Finished building: CardClassifier.list
 
18:44:33 **** Incremental Build of configuration Debug for project CardClassifier ****
make -j12 all 
arm-none-eabi-size  CardClassifier.elf 
   text	   data	    bss	    dec	    hex	filename
  16716	     20	   1660	  18396	   47dc	CardClassifier.elf
Finished building: default.size.stdout
 
