../Core/Src/stm32h7xx_hal_msp.c:64:6:HAL_MspInit	8	static
../Core/Src/stm32h7xx_hal_msp.c:86:6:HAL_CRC_MspInit	8	static
../Core/Src/stm32h7xx_hal_msp.c:108:6:HAL_CRC_MspDeInit	0	static
../Core/Src/stm32h7xx_hal_msp.c:130:6:HAL_DCMI_MspInit	72	static
../Core/Src/stm32h7xx_hal_msp.c:229:6:HAL_DCMI_MspDeInit	8	static
../Core/Src/stm32h7xx_hal_msp.c:280:6:HAL_I2C_MspInit	240	static
../Core/Src/stm32h7xx_hal_msp.c:359:6:HAL_I2C_MspDeInit	8	static
../Core/Src/stm32h7xx_hal_msp.c:410:6:HAL_UART_MspInit	232	static
../Core/Src/stm32h7xx_hal_msp.c:457:6:HAL_UART_MspDeInit	0	static
