Archive member included to satisfy reference by file (symbol)

../Middlewares/ST/AI/Lib\NetworkRuntime810_CM7_GCC.a(ai_platform.o)
                              ./X-CUBE-AI/App/network.o (ai_buffer_array_item_set_address)
../Middlewares/ST/AI/Lib\NetworkRuntime810_CM7_GCC.a(ai_platform_interface.o)
                              ./X-CUBE-AI/App/network.o (ai_platform_get_weights_map)
../Middlewares/ST/AI/Lib\NetworkRuntime810_CM7_GCC.a(core_common.o)
                              ../Middlewares/ST/AI/Lib\NetworkRuntime810_CM7_GCC.a(ai_platform_interface.o) (core_init)
../Middlewares/ST/AI/Lib\NetworkRuntime810_CM7_GCC.a(core_convert.o)
                              ./X-CUBE-AI/App/network.o (node_convert)
../Middlewares/ST/AI/Lib\NetworkRuntime810_CM7_GCC.a(core_mem_manager.o)
                              ../Middlewares/ST/AI/Lib\NetworkRuntime810_CM7_GCC.a(ai_platform_interface.o) (core_mem_alloc)
../Middlewares/ST/AI/Lib\NetworkRuntime810_CM7_GCC.a(layers.o)
                              ../Middlewares/ST/AI/Lib\NetworkRuntime810_CM7_GCC.a(ai_platform_interface.o) (ai_check_custom_types)
../Middlewares/ST/AI/Lib\NetworkRuntime810_CM7_GCC.a(layers_conv2d_sssa8_ch.o)
                              ./X-CUBE-AI/App/network.o (forward_conv2d_sssa8_ch_nl_pool)
../Middlewares/ST/AI/Lib\NetworkRuntime810_CM7_GCC.a(layers_conv2d_stm32_integer.o)
                              ../Middlewares/ST/AI/Lib\NetworkRuntime810_CM7_GCC.a(layers.o) (get_conv2d_scratch_size)
../Middlewares/ST/AI/Lib\NetworkRuntime810_CM7_GCC.a(layers_generic_float.o)
                              ./X-CUBE-AI/App/network.o (forward_transpose)
../Middlewares/ST/AI/Lib\NetworkRuntime810_CM7_GCC.a(layers_pad_generic.o)
                              ../Middlewares/ST/AI/Lib\NetworkRuntime810_CM7_GCC.a(layers_generic_float.o) (forward_pad_8bit_ch1st_3x3_constant)
../Middlewares/ST/AI/Lib\NetworkRuntime810_CM7_GCC.a(layers_pool_stm32_integer.o)
                              ./X-CUBE-AI/App/network.o (pool_func_mp_array_integer_INT8)
../Middlewares/ST/AI/Lib\NetworkRuntime810_CM7_GCC.a(forward_lite_conv2d_sssa8_ch.o)
                              ../Middlewares/ST/AI/Lib\NetworkRuntime810_CM7_GCC.a(layers_conv2d_sssa8_ch.o) (forward_lite_conv2d_dilated_sssa8_ch)
../Middlewares/ST/AI/Lib\NetworkRuntime810_CM7_GCC.a(forward_lite_convert.o)
                              ../Middlewares/ST/AI/Lib\NetworkRuntime810_CM7_GCC.a(core_convert.o) (forward_lite_node_convert_is1os8)
../Middlewares/ST/AI/Lib\NetworkRuntime810_CM7_GCC.a(forward_lite_maxpool_is16os16.o)
                              ../Middlewares/ST/AI/Lib\NetworkRuntime810_CM7_GCC.a(layers_pool_stm32_integer.o) (forward_lite_maxpool_is16os16_scalepos)
../Middlewares/ST/AI/Lib\NetworkRuntime810_CM7_GCC.a(forward_lite_maxpool_is8os8.o)
                              ../Middlewares/ST/AI/Lib\NetworkRuntime810_CM7_GCC.a(layers_pool_stm32_integer.o) (forward_lite_maxpool_is8os8_scalepos)
../Middlewares/ST/AI/Lib\NetworkRuntime810_CM7_GCC.a(forward_lite_maxpool_iu16ou16.o)
                              ../Middlewares/ST/AI/Lib\NetworkRuntime810_CM7_GCC.a(layers_pool_stm32_integer.o) (forward_lite_maxpool_iu16ou16_scalepos)
../Middlewares/ST/AI/Lib\NetworkRuntime810_CM7_GCC.a(forward_lite_maxpool_iu8ou8.o)
                              ../Middlewares/ST/AI/Lib\NetworkRuntime810_CM7_GCC.a(layers_pool_stm32_integer.o) (forward_lite_maxpool_iu8ou8_scalepos)
../Middlewares/ST/AI/Lib\NetworkRuntime810_CM7_GCC.a(lite_generic_float.o)
                              ../Middlewares/ST/AI/Lib\NetworkRuntime810_CM7_GCC.a(layers_generic_float.o) (forward_lite_topK_axis_0_if32of32)
../Middlewares/ST/AI/Lib\NetworkRuntime810_CM7_GCC.a(forward_lite_pad_generic.o)
                              ../Middlewares/ST/AI/Lib\NetworkRuntime810_CM7_GCC.a(layers_pad_generic.o) (forward_lite_pad_8bit_ch1st_3x3_constant)
../Middlewares/ST/AI/Lib\NetworkRuntime810_CM7_GCC.a(st_convolve_reference.o)
                              ../Middlewares/ST/AI/Lib\NetworkRuntime810_CM7_GCC.a(layers_conv2d_stm32_integer.o) (align_factor)
../Middlewares/ST/AI/Lib\NetworkRuntime810_CM7_GCC.a(st_sssa8_ch_convolve.o)
                              ../Middlewares/ST/AI/Lib\NetworkRuntime810_CM7_GCC.a(layers_conv2d_stm32_integer.o) (st_sssa8_ch_convolve_rank1upd)
../Middlewares/ST/AI/Lib\NetworkRuntime810_CM7_GCC.a(st_sssa8_convolve.o)
                              ../Middlewares/ST/AI/Lib\NetworkRuntime810_CM7_GCC.a(layers_conv2d_stm32_integer.o) (st_sssa8_convolve_rank1upd)
../Middlewares/ST/AI/Lib\NetworkRuntime810_CM7_GCC.a(st_sssa8_convolve_1x1.o)
                              ../Middlewares/ST/AI/Lib\NetworkRuntime810_CM7_GCC.a(layers_conv2d_stm32_integer.o) (st_sssa8_convolve_1x1_WeightsPrefetch)
../Middlewares/ST/AI/Lib\NetworkRuntime810_CM7_GCC.a(st_sssa8_convolve_dw.o)
                              ../Middlewares/ST/AI/Lib\NetworkRuntime810_CM7_GCC.a(layers_conv2d_stm32_integer.o) (st_sssa8_conv_dw_Wadapt)
[...]
Memory Configuration

Name             Origin             Length             Attributes
FLASH            0x08000000         0x00200000         xr
DTCMRAM          0x20000000         0x00020000         xrw
RAM_D1           0x24000000         0x00080000         xrw
RAM_D2           0x30000000         0x00048000         xrw
RAM_D3           0x38000000         0x00010000         xrw
ITCMRAM          0x00000000         0x00010000         xrw
*default*        0x00000000         0xffffffff

Linker script and memory map

LOAD C:/ST/STM32CubeIDE_1.13.1/STM32CubeIDE/plugins/com.st.stm32cube.ide.mcu.externaltools.gnu-tools-for-stm32.12.3.rel1.win32_1.0.100.202403111256/tools/bin/../lib/gcc/arm-none-eabi/12.3.1/thumb/v7e-m+dp/hard/crti.o
LOAD C:/ST/STM32CubeIDE_1.13.1/STM32CubeIDE/plugins/com.st.stm32cube.ide.mcu.externaltools.gnu-tools-for-stm32.12.3.rel1.win32_1.0.100.202403111256/tools/bin/../lib/gcc/arm-none-eabi/12.3.1/thumb/v7e-m+dp/hard/crtbegin.o
LOAD C:/ST/STM32CubeIDE_1.13.1/STM32CubeIDE/plugins/com.st.stm32cube.ide.mcu.externaltools.gnu-tools-for-stm32.12.3.rel1.win32_1.0.100.202403111256/tools/bin/../lib/gcc/arm-none-eabi/12.3.1/../../../../arm-none-eabi/lib/thumb/v7e-m+dp/hard/crt0.o
LOAD ./Core/Src/camera.o
LOAD ./Core/Src/lcd.o
LOAD ./Core/Src/main.o
LOAD ./Core/Src/stm32h7xx_hal_msp.o
LOAD ./Core/Src/stm32h7xx_it.o
LOAD ./Core/Src/sysmem.o
LOAD ./Core/Src/system_stm32h7xx.o
LOAD ./Core/Startup/startup_stm32h743vitx.o
LOAD ./Drivers/STM32H7xx_HAL_Driver/Src/stm32h7xx_hal.o
LOAD ./Drivers/STM32H7xx_HAL_Driver/Src/stm32h7xx_hal_cortex.o
LOAD ./Drivers/STM32H7xx_HAL_Driver/Src/stm32h7xx_hal_crc.o
LOAD ./Drivers/STM32H7xx_HAL_Driver/Src/stm32h7xx_hal_crc_ex.o
LOAD ./Drivers/STM32H7xx_HAL_Driver/Src/stm32h7xx_hal_dcmi.o
LOAD ./Drivers/STM32H7xx_HAL_Driver/Src/stm32h7xx_hal_dma.o
LOAD ./Drivers/STM32H7xx_HAL_Driver/Src/stm32h7xx_hal_dma_ex.o
LOAD ./Drivers/STM32H7xx_HAL_Driver/Src/stm32h7xx_hal_exti.o
LOAD ./Drivers/STM32H7xx_HAL_Driver/Src/stm32h7xx_hal_flash.o
LOAD ./Drivers/STM32H7xx_HAL_Driver/Src/stm32h7xx_hal_flash_ex.o
LOAD ./Drivers/STM32H7xx_HAL_Driver/Src/stm32h7xx_hal_gpio.o
LOAD ./Drivers/STM32H7xx_HAL_Driver/Src/stm32h7xx_hal_hsem.o
LOAD ./Drivers/STM32H7xx_HAL_Driver/Src/stm32h7xx_hal_i2c.o
LOAD ./Drivers/STM32H7xx_HAL_Driver/Src/stm32h7xx_hal_i2c_ex.o
LOAD ./Drivers/STM32H7xx_HAL_Driver/Src/stm32h7xx_hal_mdma.o
LOAD ./Drivers/STM32H7xx_HAL_Driver/Src/stm32h7xx_hal_pwr.o
LOAD ./Drivers/STM32H7xx_HAL_Driver/Src/stm32h7xx_hal_pwr_ex.o
LOAD ./Drivers/STM32H7xx_HAL_Driver/Src/stm32h7xx_hal_rcc.o
LOAD ./Drivers/STM32H7xx_HAL_Driver/Src/stm32h7xx_hal_rcc_ex.o
LOAD ./Drivers/STM32H7xx_HAL_Driver/Src/stm32h7xx_hal_tim.o
LOAD ./Drivers/STM32H7xx_HAL_Driver/Src/stm32h7xx_hal_tim_ex.o
LOAD ./Drivers/STM32H7xx_HAL_Driver/Src/stm32h7xx_hal_uart.o
LOAD ./Drivers/STM32H7xx_HAL_Driver/Src/stm32h7xx_hal_uart_ex.o
LOAD ./X-CUBE-AI/App/app_x-cube-ai.o
LOAD ./X-CUBE-AI/App/network.o
LOAD ./X-CUBE-AI/App/network2.o
LOAD ./X-CUBE-AI/App/network2_data.o
LOAD ./X-CUBE-AI/App/network2_data_params.o
LOAD ./X-CUBE-AI/App/network_data.o
LOAD ./X-CUBE-AI/App/network_data_params.o
LOAD ../Middlewares/ST/AI/Lib\NetworkRuntime810_CM7_GCC.a
START GROUP
LOAD C:/ST/STM32CubeIDE_1.13.1/STM32CubeIDE/plugins/com.st.stm32cube.ide.mcu.externaltools.gnu-tools-for-stm32.12.3.rel1.win32_1.0.100.202403111256/tools/bin/../lib/gcc/arm-none-eabi/12.3.1/../../../../arm-none-eabi/lib/thumb/v7e-m+dp/hard\libc_nano.a
LOAD C:/ST/STM32CubeIDE_1.13.1/STM32CubeIDE/plugins/com.st.stm32cube.ide.mcu.externaltools.gnu-tools-for-stm32.12.3.rel1.win32_1.0.100.202403111256/tools/bin/../lib/gcc/arm-none-eabi/12.3.1/../../../../arm-none-eabi/lib/thumb/v7e-m+dp/hard\libm.a
END GROUP
START GROUP
LOAD C:/ST/STM32CubeIDE_1.13.1/STM32CubeIDE/plugins/com.st.stm32cube.ide.mcu.externaltools.gnu-tools-for-stm32.12.3.rel1.win32_1.0.100.202403111256/tools/bin/../lib/gcc/arm-none-eabi/12.3.1/thumb/v7e-m+dp/hard\libgcc.a
LOAD C:/ST/STM32CubeIDE_1.13.1/STM32CubeIDE/plugins/com.st.stm32cube.ide.mcu.externaltools.gnu-tools-for-stm32.12.3.rel1.win32_1.0.100.202403111256/tools/bin/../lib/gcc/arm-none-eabi/12.3.1/../../../../arm-none-eabi/lib/thumb/v7e-m+dp/hard\libc_nano.a
END GROUP
START GROUP
LOAD C:/ST/STM32CubeIDE_1.13.1/STM32CubeIDE/plugins/com.st.stm32cube.ide.mcu.externaltools.gnu-tools-for-stm32.12.3.rel1.win32_1.0.100.202403111256/tools/bin/../lib/gcc/arm-none-eabi/12.3.1/thumb/v7e-m+dp/hard\libgcc.a
LOAD C:/ST/STM32CubeIDE_1.13.1/STM32CubeIDE/plugins/com.st.stm32cube.ide.mcu.externaltools.gnu-tools-for-stm32.12.3.rel1.win32_1.0.100.202403111256/tools/bin/../lib/gcc/arm-none-eabi/12.3.1/../../../../arm-none-eabi/lib/thumb/v7e-m+dp/hard\libc_nano.a
LOAD C:/ST/STM32CubeIDE_1.13.1/STM32CubeIDE/plugins/com.st.stm32cube.ide.mcu.externaltools.gnu-tools-for-stm32.12.3.rel1.win32_1.0.100.202403111256/tools/bin/../lib/gcc/arm-none-eabi/12.3.1/../../../../arm-none-eabi/lib/thumb/v7e-m+dp/hard\libnosys.a
END GROUP
START GROUP
LOAD C:/ST/STM32CubeIDE_1.13.1/STM32CubeIDE/plugins/com.st.stm32cube.ide.mcu.externaltools.gnu-tools-for-stm32.12.3.rel1.win32_1.0.100.202403111256/tools/bin/../lib/gcc/arm-none-eabi/12.3.1/thumb/v7e-m+dp/hard\libgcc.a
LOAD C:/ST/STM32CubeIDE_1.13.1/STM32CubeIDE/plugins/com.st.stm32cube.ide.mcu.externaltools.gnu-tools-for-stm32.12.3.rel1.win32_1.0.100.202403111256/tools/bin/../lib/gcc/arm-none-eabi/12.3.1/../../../../arm-none-eabi/lib/thumb/v7e-m+dp/hard\libc_nano.a
LOAD C:/ST/STM32CubeIDE_1.13.1/STM32CubeIDE/plugins/com.st.stm32cube.ide.mcu.externaltools.gnu-tools-for-stm32.12.3.rel1.win32_1.0.100.202403111256/tools/bin/../lib/gcc/arm-none-eabi/12.3.1/../../../../arm-none-eabi/lib/thumb/v7e-m+dp/hard\libnosys.a
END GROUP
LOAD C:/ST/STM32CubeIDE_1.13.1/STM32CubeIDE/plugins/com.st.stm32cube.ide.mcu.externaltools.gnu-tools-for-stm32.12.3.rel1.win32_1.0.100.202403111256/tools/bin/../lib/gcc/arm-none-eabi/12.3.1/thumb/v7e-m+dp/hard/crtend.o
LOAD C:/ST/STM32CubeIDE_1.13.1/STM32CubeIDE/plugins/com.st.stm32cube.ide.mcu.externaltools.gnu-tools-for-stm32.12.3.rel1.win32_1.0.100.202403111256/tools/bin/../lib/gcc/arm-none-eabi/12.3.1/thumb/v7e-m+dp/hard/crtn.o
                0x24080000                        _estack = (ORIGIN (RAM_D1) + LENGTH (RAM_D1))
                0x00000800                        _Min_Heap_Size = 0x800
                0x00000800                        _Min_Stack_Size = 0x800

.isr_vector     0x08000000      0x298
                0x08000000                        . = ALIGN (0x4)
 *(.isr_vector)
 .isr_vector    0x08000000      0x298 ./Core/Startup/startup_stm32h743vitx.o
                0x08000000                g_pfnVectors
                0x08000298                        . = ALIGN (0x4)

.text           0x080002a0     0xe8e8
                0x080002a0                        . = ALIGN (0x4)
 *(.text)
 .text          0x080002a0       0x40 C:/ST/STM32CubeIDE_1.13.1/STM32CubeIDE/plugins/com.st.stm32cube.ide.mcu.externaltools.gnu-tools-for-stm32.12.3.rel1.win32_1.0.100.202403111256/tools/bin/../lib/gcc/arm-none-eabi/12.3.1/thumb/v7e-m+dp/hard/crtbegin.o
 .text          0x080002e0       0xa0 C:/ST/STM32CubeIDE_1.13.1/STM32CubeIDE/plugins/com.st.stm32cube.ide.mcu.externaltools.gnu-tools-for-stm32.12.3.rel1.win32_1.0.100.202403111256/tools/bin/../lib/gcc/arm-none-eabi/12.3.1/../../../../arm-none-eabi/lib/thumb/v7e-m+dp/hard\libc_nano.a(libc_a-memchr.o)
                0x080002e0                memchr
 .text          0x08000380       0x10 C:/ST/STM32CubeIDE_1.13.1/STM32CubeIDE/plugins/com.st.stm32cube.ide.mcu.externaltools.gnu-tools-for-stm32.12.3.rel1.win32_1.0.100.202403111256/tools/bin/../lib/gcc/arm-none-eabi/12.3.1/../../../../arm-none-eabi/lib/thumb/v7e-m+dp/hard\libc_nano.a(libc_a-strlen.o)
                0x08000380                strlen
 .text          0x08000390       0x30 C:/ST/STM32CubeIDE_1.13.1/STM32CubeIDE/plugins/com.st.stm32cube.ide.mcu.externaltools.gnu-tools-for-stm32.12.3.rel1.win32_1.0.100.202403111256/tools/bin/../lib/gcc/arm-none-eabi/12.3.1/thumb/v7e-m+dp/hard\libgcc.a(_aeabi_uldivmod.o)
                0x08000390                __aeabi_uldivmod
 .text          0x080003c0       0x28 C:/ST/STM32CubeIDE_1.13.1/STM32CubeIDE/plugins/com.st.stm32cube.ide.mcu.externaltools.gnu-tools-for-stm32.12.3.rel1.win32_1.0.100.202403111256/tools/bin/../lib/gcc/arm-none-eabi/12.3.1/thumb/v7e-m+dp/hard\libgcc.a(_fixsfdi.o)
                0x080003c0                __fixsfdi
                0x080003c0                __aeabi_f2lz
 .text          0x080003e8       0x40 C:/ST/STM32CubeIDE_1.13.1/STM32CubeIDE/plugins/com.st.stm32cube.ide.mcu.externaltools.gnu-tools-for-stm32.12.3.rel1.win32_1.0.100.202403111256/tools/bin/../lib/gcc/arm-none-eabi/12.3.1/thumb/v7e-m+dp/hard\libgcc.a(_fixunssfdi.o)
                0x080003e8                __fixunssfdi
                0x080003e8                __aeabi_f2ulz
 .text          0x08000428      0x2bc C:/ST/STM32CubeIDE_1.13.1/STM32CubeIDE/plugins/com.st.stm32cube.ide.mcu.externaltools.gnu-tools-for-stm32.12.3.rel1.win32_1.0.100.202403111256/tools/bin/../lib/gcc/arm-none-eabi/12.3.1/thumb/v7e-m+dp/hard\libgcc.a(_udivmoddi4.o)
                0x08000428                __udivmoddi4
 .text          0x080006e4        0x4 C:/ST/STM32CubeIDE_1.13.1/STM32CubeIDE/plugins/com.st.stm32cube.ide.mcu.externaltools.gnu-tools-for-stm32.12.3.rel1.win32_1.0.100.202403111256/tools/bin/../lib/gcc/arm-none-eabi/12.3.1/thumb/v7e-m+dp/hard\libgcc.a(_dvmd_tls.o)
                0x080006e4                __aeabi_idiv0
                0x080006e4                __aeabi_ldiv0
 *(.text*)
 .text.ov7670_write
                0x080006e8       0x64 ./Core/Src/camera.o
                0x080006e8                ov7670_write
 .text.ov7670_read
                0x0800074c       0xa4 ./Core/Src/camera.o
                0x0800074c                ov7670_read
 .text.ov7670_init
                0x080007f0       0x7c ./Core/Src/camera.o
                0x080007f0                ov7670_init
 .text.ov7670_stopCap
                0x0800086c       0x1c ./Core/Src/camera.o
                0x0800086c                ov7670_stopCap
 .text.ov7670_startCap
                0x08000888       0x58 ./Core/Src/camera.o
                0x08000888                ov7670_startCap
 .text.Resize_to_128
                0x080008e0       0x68 ./Core/Src/camera.o
                0x080008e0                Resize_to_128
 .text.HAL_DCMI_FrameEventCallback
                0x08000948       0x1c ./Core/Src/camera.o
                0x08000948                HAL_DCMI_FrameEventCallback
 .text.lcd_send_cmd
                0x08000964       0x4c ./Core/Src/lcd.o
                0x08000964                lcd_send_cmd
 .text.lcd_send_data
                0x080009b0       0x4c ./Core/Src/lcd.o
                0x080009b0                lcd_send_data
 .text.lcd_send_string
                0x080009fc       0x1a ./Core/Src/lcd.o
                0x080009fc                lcd_send_string
 *fill*         0x08000a16        0x2 
 .text.lcd_init
                0x08000a18       0x8c ./Core/Src/lcd.o
                0x08000a18                lcd_init
 .text.lcd_clear
                0x08000aa4       0x2c ./Core/Src/lcd.o
                0x08000aa4                lcd_clear
 .text.SystemClock_Config
                0x08000ad0       0xa4 ./Core/Src/main.o
                0x08000ad0                SystemClock_Config
 .text.startup.main
                0x08000b74      0x398 ./Core/Src/main.o
                0x08000b74                main
 .text.Error_Handler
                0x08000f0c        0x4 ./Core/Src/main.o
                0x08000f0c                Error_Handler
 .text.HAL_MspInit
                0x08000f10       0x24 ./Core/Src/stm32h7xx_hal_msp.o
                0x08000f10                HAL_MspInit
 .text.HAL_CRC_MspInit
                0x08000f34       0x30 ./Core/Src/stm32h7xx_hal_msp.o
                0x08000f34                HAL_CRC_MspInit
 .text.HAL_DCMI_MspInit
                0x08000f64      0x18c ./Core/Src/stm32h7xx_hal_msp.o
                0x08000f64                HAL_DCMI_MspInit
 .text.HAL_I2C_MspInit
                0x080010f0      0x108 ./Core/Src/stm32h7xx_hal_msp.o
                0x080010f0                HAL_I2C_MspInit
 .text.HAL_UART_MspInit
                0x080011f8       0x94 ./Core/Src/stm32h7xx_hal_msp.o
                0x080011f8                HAL_UART_MspInit
 .text.NMI_Handler
                0x0800128c        0x2 ./Core/Src/stm32h7xx_it.o
                0x0800128c                NMI_Handler
 .text.HardFault_Handler
                0x0800128e        0x2 ./Core/Src/stm32h7xx_it.o
                0x0800128e                HardFault_Handler
 .text.MemManage_Handler
                0x08001290        0x2 ./Core/Src/stm32h7xx_it.o
                0x08001290                MemManage_Handler
 .text.BusFault_Handler
                0x08001292        0x2 ./Core/Src/stm32h7xx_it.o
                0x08001292                BusFault_Handler
 .text.UsageFault_Handler
                0x08001294        0x2 ./Core/Src/stm32h7xx_it.o
                0x08001294                UsageFault_Handler
 .text.SVC_Handler
                0x08001296        0x2 ./Core/Src/stm32h7xx_it.o
                0x08001296                SVC_Handler
 .text.DebugMon_Handler
                0x08001298        0x2 ./Core/Src/stm32h7xx_it.o
                0x08001298                DebugMon_Handler
 .text.PendSV_Handler
                0x0800129a        0x2 ./Core/Src/stm32h7xx_it.o
                0x0800129a                PendSV_Handler
 .text.SysTick_Handler
                0x0800129c        0x4 ./Core/Src/stm32h7xx_it.o
                0x0800129c                SysTick_Handler
 .text.DMA1_Stream0_IRQHandler
                0x080012a0        0xc ./Core/Src/stm32h7xx_it.o
                0x080012a0                DMA1_Stream0_IRQHandler
 .text.DCMI_IRQHandler
                0x080012ac        0xc ./Core/Src/stm32h7xx_it.o
                0x080012ac                DCMI_IRQHandler
 .text._sbrk    0x080012b8       0x40 ./Core/Src/sysmem.o
                0x080012b8                _sbrk
 .text.SystemInit
                0x080012f8       0xc0 ./Core/Src/system_stm32h7xx.o
                0x080012f8                SystemInit
 .text.Reset_Handler
                0x080013b8       0x50 ./Core/Startup/startup_stm32h743vitx.o
                0x080013b8                Reset_Handler
 .text.Default_Handler
                0x08001408        0x2 ./Core/Startup/startup_stm32h743vitx.o
                0x08001408                RTC_Alarm_IRQHandler
                0x08001408                EXTI2_IRQHandler
                0x08001408                TIM8_CC_IRQHandler
                0x08001408                HRTIM1_Master_IRQHandler
                0x08001408                UART8_IRQHandler
                0x08001408                SPI4_IRQHandler
                0x08001408                TIM1_CC_IRQHandler
                0x08001408                BDMA_Channel6_IRQHandler
                0x08001408                DMA2_Stream5_IRQHandler
                0x08001408                HRTIM1_FLT_IRQHandler
                0x08001408                JPEG_IRQHandler
                0x08001408                DMA1_Stream5_IRQHandler
                0x08001408                BDMA_Channel1_IRQHandler
                0x08001408                HRTIM1_TIMD_IRQHandler
                0x08001408                TAMP_STAMP_IRQHandler
                0x08001408                EXTI3_IRQHandler
                0x08001408                LPTIM4_IRQHandler
                0x08001408                TIM8_TRG_COM_TIM14_IRQHandler
                0x08001408                LPTIM2_IRQHandler
                0x08001408                DFSDM1_FLT1_IRQHandler
                0x08001408                DMAMUX2_OVR_IRQHandler
                0x08001408                TIM8_UP_TIM13_IRQHandler
                0x08001408                I2C3_ER_IRQHandler
                0x08001408                DFSDM1_FLT2_IRQHandler
                0x08001408                MDMA_IRQHandler
                0x08001408                LPTIM3_IRQHandler
                0x08001408                HSEM1_IRQHandler
                0x08001408                EXTI0_IRQHandler
                0x08001408                I2C2_EV_IRQHandler
                0x08001408                DMA1_Stream2_IRQHandler
                0x08001408                FPU_IRQHandler
                0x08001408                OTG_HS_WKUP_IRQHandler
                0x08001408                FDCAN1_IT1_IRQHandler
                0x08001408                LTDC_ER_IRQHandler
                0x08001408                DMA2_Stream2_IRQHandler
                0x08001408                HRTIM1_TIME_IRQHandler
                0x08001408                SPI1_IRQHandler
                0x08001408                TIM6_DAC_IRQHandler
                0x08001408                HRTIM1_TIMC_IRQHandler
                0x08001408                DMA2_Stream3_IRQHandler
                0x08001408                SAI2_IRQHandler
                0x08001408                DFSDM1_FLT3_IRQHandler
                0x08001408                USART6_IRQHandler
                0x08001408                TIM17_IRQHandler
                0x08001408                USART3_IRQHandler
                0x08001408                BDMA_Channel7_IRQHandler
                0x08001408                LPTIM5_IRQHandler
                0x08001408                UART5_IRQHandler
                0x08001408                ADC3_IRQHandler
                0x08001408                DMA2_Stream0_IRQHandler
                0x08001408                TIM4_IRQHandler
                0x08001408                BDMA_Channel2_IRQHandler
                0x08001408                QUADSPI_IRQHandler
                0x08001408                I2C1_EV_IRQHandler
                0x08001408                DMA1_Stream6_IRQHandler
                0x08001408                DMAMUX1_OVR_IRQHandler
                0x08001408                DMA1_Stream1_IRQHandler
                0x08001408                TIM16_IRQHandler
                0x08001408                UART4_IRQHandler
                0x08001408                BDMA_Channel5_IRQHandler
                0x08001408                TIM3_IRQHandler
                0x08001408                RCC_IRQHandler
                0x08001408                TIM8_BRK_TIM12_IRQHandler
                0x08001408                TIM1_TRG_COM_IRQHandler
                0x08001408                Default_Handler
                0x08001408                ECC_IRQHandler
                0x08001408                CEC_IRQHandler
                0x08001408                EXTI15_10_IRQHandler
                0x08001408                BDMA_Channel0_IRQHandler
                0x08001408                ADC_IRQHandler
                0x08001408                DMA1_Stream7_IRQHandler
                0x08001408                HRTIM1_TIMA_IRQHandler
                0x08001408                SPI5_IRQHandler
                0x08001408                TIM7_IRQHandler
                0x08001408                SDMMC1_IRQHandler
                0x08001408                TIM5_IRQHandler
                0x08001408                DMA2_Stream7_IRQHandler
                0x08001408                TIM15_IRQHandler
                0x08001408                PVD_AVD_IRQHandler
                0x08001408                I2C3_EV_IRQHandler
                0x08001408                EXTI9_5_IRQHandler
                0x08001408                RTC_WKUP_IRQHandler
                0x08001408                LTDC_IRQHandler
                0x08001408                SAI3_IRQHandler
                0x08001408                ETH_WKUP_IRQHandler
                0x08001408                SPDIF_RX_IRQHandler
                0x08001408                SPI2_IRQHandler
                0x08001408                OTG_HS_EP1_IN_IRQHandler
                0x08001408                CRS_IRQHandler
                0x08001408                EXTI4_IRQHandler
                0x08001408                RNG_IRQHandler
                0x08001408                HRTIM1_TIMB_IRQHandler
                0x08001408                FDCAN2_IT1_IRQHandler
                0x08001408                ETH_IRQHandler
                0x08001408                TIM1_UP_IRQHandler
                0x08001408                BDMA_Channel4_IRQHandler
                0x08001408                OTG_HS_EP1_OUT_IRQHandler
                0x08001408                WWDG_IRQHandler
                0x08001408                SPI6_IRQHandler
                0x08001408                MDIOS_IRQHandler
                0x08001408                I2C4_EV_IRQHandler
                0x08001408                FDCAN2_IT0_IRQHandler
                0x08001408                LPUART1_IRQHandler
                0x08001408                FDCAN1_IT0_IRQHandler
                0x08001408                TIM2_IRQHandler
                0x08001408                OTG_FS_WKUP_IRQHandler
                0x08001408                OTG_HS_IRQHandler
                0x08001408                DMA2D_IRQHandler
                0x08001408                TIM1_BRK_IRQHandler
                0x08001408                EXTI1_IRQHandler
                0x08001408                SDMMC2_IRQHandler
                0x08001408                OTG_FS_EP1_OUT_IRQHandler
                0x08001408                BDMA_Channel3_IRQHandler
                0x08001408                UART7_IRQHandler
                0x08001408                MDIOS_WKUP_IRQHandler
                0x08001408                USART2_IRQHandler
                0x08001408                DFSDM1_FLT0_IRQHandler
                0x08001408                SAI4_IRQHandler
                0x08001408                I2C2_ER_IRQHandler
                0x08001408                DMA2_Stream1_IRQHandler
                0x08001408                FLASH_IRQHandler
                0x08001408                DMA2_Stream4_IRQHandler
                0x08001408                USART1_IRQHandler
                0x08001408                OTG_FS_IRQHandler
                0x08001408                SPI3_IRQHandler
                0x08001408                WAKEUP_PIN_IRQHandler
                0x08001408                DMA1_Stream4_IRQHandler
                0x08001408                OTG_FS_EP1_IN_IRQHandler
                0x08001408                I2C1_ER_IRQHandler
                0x08001408                FMC_IRQHandler
                0x08001408                FDCAN_CAL_IRQHandler
                0x08001408                SWPMI1_IRQHandler
                0x08001408                COMP1_IRQHandler
                0x08001408                LPTIM1_IRQHandler
                0x08001408                I2C4_ER_IRQHandler
                0x08001408                DMA2_Stream6_IRQHandler
                0x08001408                SAI1_IRQHandler
                0x08001408                DMA1_Stream3_IRQHandler
 *fill*         0x0800140a        0x2 
 .text.HAL_InitTick
                0x0800140c       0x4c ./Drivers/STM32H7xx_HAL_Driver/Src/stm32h7xx_hal.o
                0x0800140c                HAL_InitTick
 .text.HAL_Init
                0x08001458       0x5c ./Drivers/STM32H7xx_HAL_Driver/Src/stm32h7xx_hal.o
                0x08001458                HAL_Init
 .text.HAL_IncTick
                0x080014b4       0x18 ./Drivers/STM32H7xx_HAL_Driver/Src/stm32h7xx_hal.o
                0x080014b4                HAL_IncTick
 .text.HAL_GetTick
                0x080014cc        0xc ./Drivers/STM32H7xx_HAL_Driver/Src/stm32h7xx_hal.o
                0x080014cc                HAL_GetTick
 .text.HAL_Delay
                0x080014d8       0x24 ./Drivers/STM32H7xx_HAL_Driver/Src/stm32h7xx_hal.o
                0x080014d8                HAL_Delay
 .text.HAL_GetREVID
                0x080014fc        0xc ./Drivers/STM32H7xx_HAL_Driver/Src/stm32h7xx_hal.o
                0x080014fc                HAL_GetREVID
 .text.HAL_NVIC_SetPriorityGrouping
                0x08001508       0x24 ./Drivers/STM32H7xx_HAL_Driver/Src/stm32h7xx_hal_cortex.o
                0x08001508                HAL_NVIC_SetPriorityGrouping
 .text.HAL_NVIC_SetPriority
                0x0800152c       0x64 ./Drivers/STM32H7xx_HAL_Driver/Src/stm32h7xx_hal_cortex.o
                0x0800152c                HAL_NVIC_SetPriority
 .text.HAL_NVIC_EnableIRQ
                0x08001590       0x1c ./Drivers/STM32H7xx_HAL_Driver/Src/stm32h7xx_hal_cortex.o
                0x08001590                HAL_NVIC_EnableIRQ
 .text.HAL_SYSTICK_Config
                0x080015ac       0x28 ./Drivers/STM32H7xx_HAL_Driver/Src/stm32h7xx_hal_cortex.o
                0x080015ac                HAL_SYSTICK_Config
 .text.HAL_CRC_Init
                0x080015d4       0x74 ./Drivers/STM32H7xx_HAL_Driver/Src/stm32h7xx_hal_crc.o
                0x080015d4                HAL_CRC_Init
 .text.HAL_CRCEx_Polynomial_Set
                0x08001648       0x4e ./Drivers/STM32H7xx_HAL_Driver/Src/stm32h7xx_hal_crc_ex.o
                0x08001648                HAL_CRCEx_Polynomial_Set
 .text.DCMI_DMAXferCplt
                0x08001696       0x7c ./Drivers/STM32H7xx_HAL_Driver/Src/stm32h7xx_hal_dcmi.o
 *fill*         0x08001712        0x2 
 .text.HAL_DCMI_Init
                0x08001714       0x90 ./Drivers/STM32H7xx_HAL_Driver/Src/stm32h7xx_hal_dcmi.o
                0x08001714                HAL_DCMI_Init
 .text.HAL_DCMI_Start_DMA
                0x080017a4       0xd8 ./Drivers/STM32H7xx_HAL_Driver/Src/stm32h7xx_hal_dcmi.o
                0x080017a4                HAL_DCMI_Start_DMA
 .text.HAL_DCMI_Stop
                0x0800187c       0x74 ./Drivers/STM32H7xx_HAL_Driver/Src/stm32h7xx_hal_dcmi.o
                0x0800187c                HAL_DCMI_Stop
 .text.HAL_DCMI_ErrorCallback
                0x080018f0        0x2 ./Drivers/STM32H7xx_HAL_Driver/Src/stm32h7xx_hal_dcmi.o
                0x080018f0                HAL_DCMI_ErrorCallback
 .text.DCMI_DMAError
                0x080018f2       0x20 ./Drivers/STM32H7xx_HAL_Driver/Src/stm32h7xx_hal_dcmi.o
 .text.HAL_DCMI_LineEventCallback
                0x08001912        0x2 ./Drivers/STM32H7xx_HAL_Driver/Src/stm32h7xx_hal_dcmi.o
                0x08001912                HAL_DCMI_LineEventCallback
 .text.HAL_DCMI_VsyncEventCallback
                0x08001914        0x2 ./Drivers/STM32H7xx_HAL_Driver/Src/stm32h7xx_hal_dcmi.o
                0x08001914                HAL_DCMI_VsyncEventCallback
 *fill*         0x08001916        0x2 
 .text.HAL_DCMI_IRQHandler
                0x08001918       0x94 ./Drivers/STM32H7xx_HAL_Driver/Src/stm32h7xx_hal_dcmi.o
                0x08001918                HAL_DCMI_IRQHandler
 .text.DMA_SetConfig
                0x080019ac      0x184 ./Drivers/STM32H7xx_HAL_Driver/Src/stm32h7xx_hal_dma.o
 .text.DMA_CalcBaseAndBitshift
                0x08001b30       0x9c ./Drivers/STM32H7xx_HAL_Driver/Src/stm32h7xx_hal_dma.o
 .text.DMA_CalcDMAMUXChannelBaseAndMask
                0x08001bcc       0x98 ./Drivers/STM32H7xx_HAL_Driver/Src/stm32h7xx_hal_dma.o
 .text.DMA_CalcDMAMUXRequestGenBaseAndMask
                0x08001c64       0x70 ./Drivers/STM32H7xx_HAL_Driver/Src/stm32h7xx_hal_dma.o
 .text.HAL_DMA_Init
                0x08001cd4      0x380 ./Drivers/STM32H7xx_HAL_Driver/Src/stm32h7xx_hal_dma.o
                0x08001cd4                HAL_DMA_Init
 .text.HAL_DMA_Start_IT
                0x08002054      0x234 ./Drivers/STM32H7xx_HAL_Driver/Src/stm32h7xx_hal_dma.o
                0x08002054                HAL_DMA_Start_IT
 .text.HAL_DMA_Abort
                0x08002288      0x34c ./Drivers/STM32H7xx_HAL_Driver/Src/stm32h7xx_hal_dma.o
                0x08002288                HAL_DMA_Abort
 .text.HAL_DMA_Abort_IT
                0x080025d4      0x120 ./Drivers/STM32H7xx_HAL_Driver/Src/stm32h7xx_hal_dma.o
                0x080025d4                HAL_DMA_Abort_IT
 .text.HAL_DMA_IRQHandler
                0x080026f4      0x548 ./Drivers/STM32H7xx_HAL_Driver/Src/stm32h7xx_hal_dma.o
                0x080026f4                HAL_DMA_IRQHandler
 .text.DMA_MultiBufferSetConfig
                0x08002c3c       0x60 ./Drivers/STM32H7xx_HAL_Driver/Src/stm32h7xx_hal_dma_ex.o
 .text.HAL_DMAEx_MultiBufferStart_IT
                0x08002c9c      0x3c0 ./Drivers/STM32H7xx_HAL_Driver/Src/stm32h7xx_hal_dma_ex.o
                0x08002c9c                HAL_DMAEx_MultiBufferStart_IT
 .text.HAL_DMAEx_ChangeMemory
                0x0800305c       0x58 ./Drivers/STM32H7xx_HAL_Driver/Src/stm32h7xx_hal_dma_ex.o
                0x0800305c                HAL_DMAEx_ChangeMemory
 .text.HAL_GPIO_Init
                0x080030b4      0x1d0 ./Drivers/STM32H7xx_HAL_Driver/Src/stm32h7xx_hal_gpio.o
                0x080030b4                HAL_GPIO_Init
 .text.HAL_GPIO_WritePin
                0x08003284        0xa ./Drivers/STM32H7xx_HAL_Driver/Src/stm32h7xx_hal_gpio.o
                0x08003284                HAL_GPIO_WritePin
 .text.I2C_Flush_TXDR
                0x0800328e       0x1c ./Drivers/STM32H7xx_HAL_Driver/Src/stm32h7xx_hal_i2c.o
 *fill*         0x080032aa        0x2 
 .text.I2C_TransferConfig
                0x080032ac       0x2c ./Drivers/STM32H7xx_HAL_Driver/Src/stm32h7xx_hal_i2c.o
 .text.I2C_IsErrorOccurred
                0x080032d8      0x100 ./Drivers/STM32H7xx_HAL_Driver/Src/stm32h7xx_hal_i2c.o
 .text.I2C_WaitOnTXISFlagUntilTimeout
                0x080033d8       0x56 ./Drivers/STM32H7xx_HAL_Driver/Src/stm32h7xx_hal_i2c.o
 .text.I2C_WaitOnFlagUntilTimeout
                0x0800342e       0x76 ./Drivers/STM32H7xx_HAL_Driver/Src/stm32h7xx_hal_i2c.o
 .text.I2C_WaitOnSTOPFlagUntilTimeout
                0x080034a4       0x52 ./Drivers/STM32H7xx_HAL_Driver/Src/stm32h7xx_hal_i2c.o
 *fill*         0x080034f6        0x2 
 .text.I2C_WaitOnRXNEFlagUntilTimeout
                0x080034f8       0xa4 ./Drivers/STM32H7xx_HAL_Driver/Src/stm32h7xx_hal_i2c.o
 .text.HAL_I2C_Init
                0x0800359c       0xaa ./Drivers/STM32H7xx_HAL_Driver/Src/stm32h7xx_hal_i2c.o
                0x0800359c                HAL_I2C_Init
 *fill*         0x08003646        0x2 
 .text.HAL_I2C_Master_Transmit
                0x08003648      0x158 ./Drivers/STM32H7xx_HAL_Driver/Src/stm32h7xx_hal_i2c.o
                0x08003648                HAL_I2C_Master_Transmit
 .text.HAL_I2C_Master_Receive
                0x080037a0      0x130 ./Drivers/STM32H7xx_HAL_Driver/Src/stm32h7xx_hal_i2c.o
                0x080037a0                HAL_I2C_Master_Receive
 .text.HAL_I2CEx_ConfigAnalogFilter
                0x080038d0       0x4c ./Drivers/STM32H7xx_HAL_Driver/Src/stm32h7xx_hal_i2c_ex.o
                0x080038d0                HAL_I2CEx_ConfigAnalogFilter
 .text.HAL_I2CEx_ConfigDigitalFilter
                0x0800391c       0x4a ./Drivers/STM32H7xx_HAL_Driver/Src/stm32h7xx_hal_i2c_ex.o
                0x0800391c                HAL_I2CEx_ConfigDigitalFilter
 *fill*         0x08003966        0x2 
 .text.HAL_PWREx_ConfigSupply
                0x08003968       0x48 ./Drivers/STM32H7xx_HAL_Driver/Src/stm32h7xx_hal_pwr_ex.o
                0x08003968                HAL_PWREx_ConfigSupply
 .text.HAL_RCC_OscConfig
                0x080039b0      0x558 ./Drivers/STM32H7xx_HAL_Driver/Src/stm32h7xx_hal_rcc.o
                0x080039b0                HAL_RCC_OscConfig
 .text.HAL_RCC_MCOConfig
                0x08003f08       0x9c ./Drivers/STM32H7xx_HAL_Driver/Src/stm32h7xx_hal_rcc.o
                0x08003f08                HAL_RCC_MCOConfig
 .text.HAL_RCC_GetSysClockFreq
                0x08003fa4      0x144 ./Drivers/STM32H7xx_HAL_Driver/Src/stm32h7xx_hal_rcc.o
                0x08003fa4                HAL_RCC_GetSysClockFreq
 .text.HAL_RCC_ClockConfig
                0x080040e8      0x24c ./Drivers/STM32H7xx_HAL_Driver/Src/stm32h7xx_hal_rcc.o
                0x080040e8                HAL_RCC_ClockConfig
 .text.HAL_RCC_GetHCLKFreq
                0x08004334       0x44 ./Drivers/STM32H7xx_HAL_Driver/Src/stm32h7xx_hal_rcc.o
                0x08004334                HAL_RCC_GetHCLKFreq
 .text.HAL_RCC_GetPCLK1Freq
                0x08004378       0x24 ./Drivers/STM32H7xx_HAL_Driver/Src/stm32h7xx_hal_rcc.o
                0x08004378                HAL_RCC_GetPCLK1Freq
 .text.HAL_RCC_GetPCLK2Freq
                0x0800439c       0x24 ./Drivers/STM32H7xx_HAL_Driver/Src/stm32h7xx_hal_rcc.o
                0x0800439c                HAL_RCC_GetPCLK2Freq
 .text.RCCEx_PLL2_Config
                0x080043c0       0xf0 ./Drivers/STM32H7xx_HAL_Driver/Src/stm32h7xx_hal_rcc_ex.o
 .text.RCCEx_PLL3_Config
                0x080044b0       0xf0 ./Drivers/STM32H7xx_HAL_Driver/Src/stm32h7xx_hal_rcc_ex.o
 .text.HAL_RCCEx_PeriphCLKConfig
                0x080045a0      0x9d0 ./Drivers/STM32H7xx_HAL_Driver/Src/stm32h7xx_hal_rcc_ex.o
                0x080045a0                HAL_RCCEx_PeriphCLKConfig
 .text.HAL_RCCEx_GetD3PCLK1Freq
                0x08004f70       0x24 ./Drivers/STM32H7xx_HAL_Driver/Src/stm32h7xx_hal_rcc_ex.o
                0x08004f70                HAL_RCCEx_GetD3PCLK1Freq
 .text.HAL_RCCEx_GetPLL2ClockFreq
                0x08004f94      0x154 ./Drivers/STM32H7xx_HAL_Driver/Src/stm32h7xx_hal_rcc_ex.o
                0x08004f94                HAL_RCCEx_GetPLL2ClockFreq
 .text.HAL_RCCEx_GetPLL3ClockFreq
                0x080050e8      0x154 ./Drivers/STM32H7xx_HAL_Driver/Src/stm32h7xx_hal_rcc_ex.o
                0x080050e8                HAL_RCCEx_GetPLL3ClockFreq
 .text.UART_EndRxTransfer
                0x0800523c       0x58 ./Drivers/STM32H7xx_HAL_Driver/Src/stm32h7xx_hal_uart.o
 .text.UART_SetConfig
                0x08005294      0x32c ./Drivers/STM32H7xx_HAL_Driver/Src/stm32h7xx_hal_uart.o
                0x08005294                UART_SetConfig
 .text.UART_AdvFeatureConfig
                0x080055c0       0xaa ./Drivers/STM32H7xx_HAL_Driver/Src/stm32h7xx_hal_uart.o
                0x080055c0                UART_AdvFeatureConfig
 .text.UART_WaitOnFlagUntilTimeout
                0x0800566a       0x90 ./Drivers/STM32H7xx_HAL_Driver/Src/stm32h7xx_hal_uart.o
                0x0800566a                UART_WaitOnFlagUntilTimeout
 .text.HAL_UART_Transmit
                0x080056fa       0xaa ./Drivers/STM32H7xx_HAL_Driver/Src/stm32h7xx_hal_uart.o
                0x080056fa                HAL_UART_Transmit
 .text.UART_CheckIdleState
                0x080057a4       0xb6 ./Drivers/STM32H7xx_HAL_Driver/Src/stm32h7xx_hal_uart.o
                0x080057a4                UART_CheckIdleState
 .text.HAL_UART_Init
                0x0800585a       0x60 ./Drivers/STM32H7xx_HAL_Driver/Src/stm32h7xx_hal_uart.o
                0x0800585a                HAL_UART_Init
 *fill*         0x080058ba        0x2 
 .text.UARTEx_SetNbDataToProcess
                0x080058bc       0x44 ./Drivers/STM32H7xx_HAL_Driver/Src/stm32h7xx_hal_uart_ex.o
 .text.HAL_UARTEx_DisableFifoMode
                0x08005900       0x36 ./Drivers/STM32H7xx_HAL_Driver/Src/stm32h7xx_hal_uart_ex.o
                0x08005900                HAL_UARTEx_DisableFifoMode
 .text.HAL_UARTEx_SetTxFifoThreshold
                0x08005936       0x40 ./Drivers/STM32H7xx_HAL_Driver/Src/stm32h7xx_hal_uart_ex.o
                0x08005936                HAL_UARTEx_SetTxFifoThreshold
 .text.HAL_UARTEx_SetRxFifoThreshold
                0x08005976       0x40 ./Drivers/STM32H7xx_HAL_Driver/Src/stm32h7xx_hal_uart_ex.o
                0x08005976                HAL_UARTEx_SetRxFifoThreshold
 *fill*         0x080059b6        0x2 
 .text.acquire_and_process_data
                0x080059b8      0x100 ./X-CUBE-AI/App/app_x-cube-ai.o
                0x080059b8                acquire_and_process_data
 .text.indexlargest
                0x08005ab8       0x3a ./X-CUBE-AI/App/app_x-cube-ai.o
                0x08005ab8                indexlargest
 *fill*         0x08005af2        0x2 
 .text.post_process
                0x08005af4      0x250 ./X-CUBE-AI/App/app_x-cube-ai.o
                0x08005af4                post_process
 .text.MX_X_CUBE_AI_Init
                0x08005d44       0x90 ./X-CUBE-AI/App/app_x-cube-ai.o
                0x08005d44                MX_X_CUBE_AI_Init
 .text.MX_X_CUBE_AI_Process
                0x08005dd4      0x17c ./X-CUBE-AI/App/app_x-cube-ai.o
                0x08005dd4                MX_X_CUBE_AI_Process
 .text.ai_network_get_error
                0x08005f50        0x4 ./X-CUBE-AI/App/network.o
                0x08005f50                ai_network_get_error
 .text.ai_network_create
                0x08005f54       0x1c ./X-CUBE-AI/App/network.o
                0x08005f54                ai_network_create
 .text.ai_network_inputs_get
                0x08005f70       0x14 ./X-CUBE-AI/App/network.o
                0x08005f70                ai_network_inputs_get
 .text.ai_network_outputs_get
                0x08005f84       0x14 ./X-CUBE-AI/App/network.o
                0x08005f84                ai_network_outputs_get
 .text.ai_network_init
                0x08005f98      0x1d8 ./X-CUBE-AI/App/network.o
                0x08005f98                ai_network_init
 .text.ai_network_create_and_init
                0x08006170       0x8e ./X-CUBE-AI/App/network.o
                0x08006170                ai_network_create_and_init
 .text.ai_network_run
                0x080061fe        0x4 ./X-CUBE-AI/App/network.o
                0x080061fe                ai_network_run
 *fill*         0x08006202        0x2 
 .text.ai_network_data_params_get
                0x08006204       0x30 ./X-CUBE-AI/App/network_data.o
                0x08006204                ai_network_data_params_get
 .text.ai_buffer_get_size
                0x08006234       0x68 ../Middlewares/ST/AI/Lib\NetworkRuntime810_CM7_GCC.a(ai_platform.o)
                0x08006234                ai_buffer_get_size
 .text.ai_buffer_array_sane
                0x0800629c       0x14 ../Middlewares/ST/AI/Lib\NetworkRuntime810_CM7_GCC.a(ai_platform.o)
                0x0800629c                ai_buffer_array_sane
 .text.ai_buffer_array_item_set_address
                0x080062b0       0x20 ../Middlewares/ST/AI/Lib\NetworkRuntime810_CM7_GCC.a(ai_platform.o)
                0x080062b0                ai_buffer_array_item_set_address
 .text._ai_platform_acquire_crc
                0x080062d0        0x4 ../Middlewares/ST/AI/Lib\NetworkRuntime810_CM7_GCC.a(ai_platform_interface.o)
                0x080062d0                _ai_platform_acquire_crc
 .text._ai_platform_release_crc
                0x080062d4        0x4 ../Middlewares/ST/AI/Lib\NetworkRuntime810_CM7_GCC.a(ai_platform_interface.o)
                0x080062d4                _ai_platform_release_crc
 .text.ai_platform_get_weights_map
                0x080062d8       0xb0 ../Middlewares/ST/AI/Lib\NetworkRuntime810_CM7_GCC.a(ai_platform_interface.o)
                0x080062d8                ai_platform_get_weights_map
 .text.ai_platform_get_activations_map
                0x08006388       0xb0 ../Middlewares/ST/AI/Lib\NetworkRuntime810_CM7_GCC.a(ai_platform_interface.o)
                0x08006388                ai_platform_get_activations_map
 .text.ai_platform_bind_network_params
                0x08006438       0x34 ../Middlewares/ST/AI/Lib\NetworkRuntime810_CM7_GCC.a(ai_platform_interface.o)
                0x08006438                ai_platform_bind_network_params
 .text.ai_platform_network_get_error
                0x0800646c      0x218 ../Middlewares/ST/AI/Lib\NetworkRuntime810_CM7_GCC.a(ai_platform_interface.o)
                0x0800646c                ai_platform_network_get_error
 .text.ai_platform_network_set_error
                0x08006684        0xc ../Middlewares/ST/AI/Lib\NetworkRuntime810_CM7_GCC.a(ai_platform_interface.o)
                0x08006684                ai_platform_network_set_error
 .text.ai_platform_inputs_get
                0x08006690      0x318 ../Middlewares/ST/AI/Lib\NetworkRuntime810_CM7_GCC.a(ai_platform_interface.o)
                0x08006690                ai_platform_inputs_get
 .text.ai_platform_outputs_get
                0x080069a8      0x310 ../Middlewares/ST/AI/Lib\NetworkRuntime810_CM7_GCC.a(ai_platform_interface.o)
                0x080069a8                ai_platform_outputs_get
 .text.ai_platform_network_create
                0x08006cb8      0x3b4 ../Middlewares/ST/AI/Lib\NetworkRuntime810_CM7_GCC.a(ai_platform_interface.o)
                0x08006cb8                ai_platform_network_create
 .text.ai_platform_network_init
                0x0800706c      0x338 ../Middlewares/ST/AI/Lib\NetworkRuntime810_CM7_GCC.a(ai_platform_interface.o)
                0x0800706c                ai_platform_network_init
 .text.ai_platform_network_post_init
                0x080073a4      0x254 ../Middlewares/ST/AI/Lib\NetworkRuntime810_CM7_GCC.a(ai_platform_interface.o)
                0x080073a4                ai_platform_network_post_init
 .text.ai_platform_network_process
                0x080075f8      0x5b8 ../Middlewares/ST/AI/Lib\NetworkRuntime810_CM7_GCC.a(ai_platform_interface.o)
                0x080075f8                ai_platform_network_process
 .text.core_init
                0x08007bb0        0x4 ../Middlewares/ST/AI/Lib\NetworkRuntime810_CM7_GCC.a(core_common.o)
                0x08007bb0                core_init
 .text.core_get_error
                0x08007bb4        0xc ../Middlewares/ST/AI/Lib\NetworkRuntime810_CM7_GCC.a(core_common.o)
                0x08007bb4                core_get_error
 .text.core_set_error
                0x08007bc0       0x18 ../Middlewares/ST/AI/Lib\NetworkRuntime810_CM7_GCC.a(core_common.o)
                0x08007bc0                core_set_error
 .text.node_convert
                0x08007bd8      0x2a0 ../Middlewares/ST/AI/Lib\NetworkRuntime810_CM7_GCC.a(core_convert.o)
                0x08007bd8                node_convert
 .text.ai_check_custom_types
                0x08007e78       0x50 ../Middlewares/ST/AI/Lib\NetworkRuntime810_CM7_GCC.a(layers.o)
                0x08007e78                ai_check_custom_types
 .text.ai_layers_init_all
                0x08007ec8       0x1c ../Middlewares/ST/AI/Lib\NetworkRuntime810_CM7_GCC.a(layers.o)
                0x08007ec8                ai_layers_init_all
 .text.ai_layers_post_init_all
                0x08007ee4       0x28 ../Middlewares/ST/AI/Lib\NetworkRuntime810_CM7_GCC.a(layers.o)
                0x08007ee4                ai_layers_post_init_all
 .text.ai_layers_forward_all
                0x08007f0c       0x90 ../Middlewares/ST/AI/Lib\NetworkRuntime810_CM7_GCC.a(layers.o)
                0x08007f0c                ai_layers_forward_all
 .text.func_dummy
                0x08007f9c        0x4 ../Middlewares/ST/AI/Lib\NetworkRuntime810_CM7_GCC.a(layers_conv2d_sssa8_ch.o)
 .text.forward_conv2d_sssa8_ch_nl_pool
                0x08007fa0      0x54c ../Middlewares/ST/AI/Lib\NetworkRuntime810_CM7_GCC.a(layers_conv2d_sssa8_ch.o)
                0x08007fa0                forward_conv2d_sssa8_ch_nl_pool
 .text.forward_dense_integer_SSSA
                0x080084ec      0x2f8 ../Middlewares/ST/AI/Lib\NetworkRuntime810_CM7_GCC.a(layers_conv2d_stm32_integer.o)
                0x080084ec                forward_dense_integer_SSSA
 .text.forward_transpose
                0x080087e4      0x164 ../Middlewares/ST/AI/Lib\NetworkRuntime810_CM7_GCC.a(layers_generic_float.o)
                0x080087e4                forward_transpose
 .text.pool_func_mp_array_integer_INT8
                0x08008948      0x1d8 ../Middlewares/ST/AI/Lib\NetworkRuntime810_CM7_GCC.a(layers_pool_stm32_integer.o)
                0x08008948                pool_func_mp_array_integer_INT8
 .text.forward_lite_conv2d_sssa8_ch
                0x08008b20      0xae0 ../Middlewares/ST/AI/Lib\NetworkRuntime810_CM7_GCC.a(forward_lite_conv2d_sssa8_ch.o)
                0x08008b20                forward_lite_conv2d_sssa8_ch
 .text.forward_lite_maxpool_is8os8_scalepos
                0x08009600      0x1c4 ../Middlewares/ST/AI/Lib\NetworkRuntime810_CM7_GCC.a(forward_lite_maxpool_is8os8.o)
                0x08009600                forward_lite_maxpool_is8os8_scalepos
 .text.forward_lite_maxpool_is8os8_scaleneg
                0x080097c4      0x1c0 ../Middlewares/ST/AI/Lib\NetworkRuntime810_CM7_GCC.a(forward_lite_maxpool_is8os8.o)
                0x080097c4                forward_lite_maxpool_is8os8_scaleneg
 .text.align_factor
                0x08009984       0xa4 ../Middlewares/ST/AI/Lib\NetworkRuntime810_CM7_GCC.a(st_convolve_reference.o)
                0x08009984                align_factor
 .text.align_factor_ch
                0x08009a28       0x60 ../Middlewares/ST/AI/Lib\NetworkRuntime810_CM7_GCC.a(st_convolve_reference.o)
                0x08009a28                align_factor_ch
 .text.st_sssa8_ch_convolve_rank1upd
                0x08009a88      0x114 ../Middlewares/ST/AI/Lib\NetworkRuntime810_CM7_GCC.a(st_sssa8_ch_convolve.o)
                0x08009a88                st_sssa8_ch_convolve_rank1upd
 .text.st_sssa8_fully_connected
                0x08009b9c      0x5f4 ../Middlewares/ST/AI/Lib\NetworkRuntime810_CM7_GCC.a(st_sssa8_dense.o)
                0x08009b9c                st_sssa8_fully_connected
 .text.st_int8_copy
                0x0800a190      0x110 ../Middlewares/ST/AI/Lib\NetworkRuntime810_CM7_GCC.a(st_int8_fill.o)
                0x0800a190                st_int8_copy
 .text.st_int8_reordered_no_shift_zero
                0x0800a2a0       0x70 ../Middlewares/ST/AI/Lib\NetworkRuntime810_CM7_GCC.a(st_int8_reordered_no_shift.o)
                0x0800a2a0                st_int8_reordered_no_shift_zero
 .text.st_int8_to16_no_shift
                0x0800a310       0xc4 ../Middlewares/ST/AI/Lib\NetworkRuntime810_CM7_GCC.a(st_int8_to16_no_shift.o)
                0x0800a310                st_int8_to16_no_shift
 .text.st_int8_to16_no_shift_interleaved
                0x0800a3d4       0x88 ../Middlewares/ST/AI/Lib\NetworkRuntime810_CM7_GCC.a(st_int8_to16_no_shift.o)
                0x0800a3d4                st_int8_to16_no_shift_interleaved
 .text.st_int8_to16_dual
                0x0800a45c      0x1d4 ../Middlewares/ST/AI/Lib\NetworkRuntime810_CM7_GCC.a(st_int8_to16_no_shift.o)
                0x0800a45c                st_int8_to16_dual
 .text.st_int8_to16_dual_interleaved
                0x0800a630      0x174 ../Middlewares/ST/AI/Lib\NetworkRuntime810_CM7_GCC.a(st_int8_to16_no_shift.o)
                0x0800a630                st_int8_to16_dual_interleaved
 .text.ai_padding_opt_init
                0x0800a7a4       0xb4 ../Middlewares/ST/AI/Lib\NetworkRuntime810_CM7_GCC.a(st_padding_opt.o)
                0x0800a7a4                ai_padding_opt_init
 .text.ai_padding_opt_phase1
                0x0800a858       0x34 ../Middlewares/ST/AI/Lib\NetworkRuntime810_CM7_GCC.a(st_padding_opt.o)
                0x0800a858                ai_padding_opt_phase1
 .text.st_sssa8_ch_nn_mat_mult_kernel_opt
                0x0800a88c      0x7d4 ../Middlewares/ST/AI/Lib\NetworkRuntime810_CM7_GCC.a(st_sssa8_ch_nn_mat_mult_kernel_opt.o)
                0x0800a88c                st_sssa8_ch_nn_mat_mult_kernel_opt
 .text.st_sssa8_ch_nn_mat_mult_kernel_single_opt
                0x0800b060      0x47c ../Middlewares/ST/AI/Lib\NetworkRuntime810_CM7_GCC.a(st_sssa8_ch_nn_mat_mult_kernel_opt.o)
                0x0800b060                st_sssa8_ch_nn_mat_mult_kernel_single_opt
 .text.arm_fill_q15
                0x0800b4dc       0x5c ../Middlewares/ST/AI/Lib\NetworkRuntime810_CM7_GCC.a(arm_fill_q15.o)
                0x0800b4dc                arm_fill_q15
 .text.arm_float_to_q15
                0x0800b538      0x16c ../Middlewares/ST/AI/Lib\NetworkRuntime810_CM7_GCC.a(arm_float_to_q15.o)
                0x0800b538                arm_float_to_q15
 .text.arm_float_to_q7
                0x0800b6a4      0x198 ../Middlewares/ST/AI/Lib\NetworkRuntime810_CM7_GCC.a(arm_float_to_q7.o)
                0x0800b6a4                arm_float_to_q7
 .text.arm_q15_to_float
                0x0800b83c       0xcc ../Middlewares/ST/AI/Lib\NetworkRuntime810_CM7_GCC.a(arm_q15_to_float.o)
                0x0800b83c                arm_q15_to_float
 .text.arm_q7_to_float
                0x0800b908       0xc8 ../Middlewares/ST/AI/Lib\NetworkRuntime810_CM7_GCC.a(arm_q7_to_float.o)
                0x0800b908                arm_q7_to_float
 .text.ai_array_to_buffer_fmt
                0x0800b9d0       0xd8 ../Middlewares/ST/AI/Lib\NetworkRuntime810_CM7_GCC.a(ai_datatypes_format.o)
                0x0800b9d0                ai_array_to_buffer_fmt
 .text.ai_array_get_byte_size
                0x0800baa8       0x50 ../Middlewares/ST/AI/Lib\NetworkRuntime810_CM7_GCC.a(ai_datatypes_format.o)
                0x0800baa8                ai_array_get_byte_size
 .text.ai_array_get_data_byte_size
                0x0800baf8       0x20 ../Middlewares/ST/AI/Lib\NetworkRuntime810_CM7_GCC.a(ai_datatypes_format.o)
                0x0800baf8                ai_array_get_data_byte_size
 .text.ai_version_get
                0x0800bb18        0xc ../Middlewares/ST/AI/Lib\NetworkRuntime810_CM7_GCC.a(ai_datatypes_internal.o)
                0x0800bb18                ai_version_get
 .text.get_tensor_byte_size
                0x0800bb24       0x2c ../Middlewares/ST/AI/Lib\NetworkRuntime810_CM7_GCC.a(ai_datatypes_internal.o)
                0x0800bb24                get_tensor_byte_size
 .text.core_tensor_clone
                0x0800bb50       0x64 ../Middlewares/ST/AI/Lib\NetworkRuntime810_CM7_GCC.a(core_utils.o)
                0x0800bb50                core_tensor_clone
 .text.core_array_clone
                0x0800bbb4        0xc ../Middlewares/ST/AI/Lib\NetworkRuntime810_CM7_GCC.a(core_utils.o)
                0x0800bbb4                core_array_clone
 .text.malloc   0x0800bbc0       0x10 C:/ST/STM32CubeIDE_1.13.1/STM32CubeIDE/plugins/com.st.stm32cube.ide.mcu.externaltools.gnu-tools-for-stm32.12.3.rel1.win32_1.0.100.202403111256/tools/bin/../lib/gcc/arm-none-eabi/12.3.1/../../../../arm-none-eabi/lib/thumb/v7e-m+dp/hard\libc_nano.a(libc_a-malloc.o)
                0x0800bbc0                malloc
 .text.sbrk_aligned
                0x0800bbd0       0x44 C:/ST/STM32CubeIDE_1.13.1/STM32CubeIDE/plugins/com.st.stm32cube.ide.mcu.externaltools.gnu-tools-for-stm32.12.3.rel1.win32_1.0.100.202403111256/tools/bin/../lib/gcc/arm-none-eabi/12.3.1/../../../../arm-none-eabi/lib/thumb/v7e-m+dp/hard\libc_nano.a(libc_a-mallocr.o)
 .text._malloc_r
                0x0800bc14      0x100 C:/ST/STM32CubeIDE_1.13.1/STM32CubeIDE/plugins/com.st.stm32cube.ide.mcu.externaltools.gnu-tools-for-stm32.12.3.rel1.win32_1.0.100.202403111256/tools/bin/../lib/gcc/arm-none-eabi/12.3.1/../../../../arm-none-eabi/lib/thumb/v7e-m+dp/hard\libc_nano.a(libc_a-mallocr.o)
                0x0800bc14                _malloc_r
 .text.__malloc_lock
                0x0800bd14        0xc C:/ST/STM32CubeIDE_1.13.1/STM32CubeIDE/plugins/com.st.stm32cube.ide.mcu.externaltools.gnu-tools-for-stm32.12.3.rel1.win32_1.0.100.202403111256/tools/bin/../lib/gcc/arm-none-eabi/12.3.1/../../../../arm-none-eabi/lib/thumb/v7e-m+dp/hard\libc_nano.a(libc_a-mlock.o)
                0x0800bd14                __malloc_lock
 .text.__malloc_unlock
                0x0800bd20        0xc C:/ST/STM32CubeIDE_1.13.1/STM32CubeIDE/plugins/com.st.stm32cube.ide.mcu.externaltools.gnu-tools-for-stm32.12.3.rel1.win32_1.0.100.202403111256/tools/bin/../lib/gcc/arm-none-eabi/12.3.1/../../../../arm-none-eabi/lib/thumb/v7e-m+dp/hard\libc_nano.a(libc_a-mlock.o)
                0x0800bd20                __malloc_unlock
 .text._realloc_r
                0x0800bd2c       0x5c C:/ST/STM32CubeIDE_1.13.1/STM32CubeIDE/plugins/com.st.stm32cube.ide.mcu.externaltools.gnu-tools-for-stm32.12.3.rel1.win32_1.0.100.202403111256/tools/bin/../lib/gcc/arm-none-eabi/12.3.1/../../../../arm-none-eabi/lib/thumb/v7e-m+dp/hard\libc_nano.a(libc_a-reallocr.o)
                0x0800bd2c                _realloc_r
 .text.__cvt    0x0800bd88       0xa8 C:/ST/STM32CubeIDE_1.13.1/STM32CubeIDE/plugins/com.st.stm32cube.ide.mcu.externaltools.gnu-tools-for-stm32.12.3.rel1.win32_1.0.100.202403111256/tools/bin/../lib/gcc/arm-none-eabi/12.3.1/../../../../arm-none-eabi/lib/thumb/v7e-m+dp/hard\libc_nano.a(libc_a-nano-vfprintf_float.o)
                0x0800bd88                __cvt
 .text.__exponent
                0x0800be30       0x74 C:/ST/STM32CubeIDE_1.13.1/STM32CubeIDE/plugins/com.st.stm32cube.ide.mcu.externaltools.gnu-tools-for-stm32.12.3.rel1.win32_1.0.100.202403111256/tools/bin/../lib/gcc/arm-none-eabi/12.3.1/../../../../arm-none-eabi/lib/thumb/v7e-m+dp/hard\libc_nano.a(libc_a-nano-vfprintf_float.o)
                0x0800be30                __exponent
 *fill*         0x0800bea4        0x4 
 .text._printf_float
                0x0800bea8      0x434 C:/ST/STM32CubeIDE_1.13.1/STM32CubeIDE/plugins/com.st.stm32cube.ide.mcu.externaltools.gnu-tools-for-stm32.12.3.rel1.win32_1.0.100.202403111256/tools/bin/../lib/gcc/arm-none-eabi/12.3.1/../../../../arm-none-eabi/lib/thumb/v7e-m+dp/hard\libc_nano.a(libc_a-nano-vfprintf_float.o)
                0x0800bea8                _printf_float
 .text._printf_common
                0x0800c2dc       0xda C:/ST/STM32CubeIDE_1.13.1/STM32CubeIDE/plugins/com.st.stm32cube.ide.mcu.externaltools.gnu-tools-for-stm32.12.3.rel1.win32_1.0.100.202403111256/tools/bin/../lib/gcc/arm-none-eabi/12.3.1/../../../../arm-none-eabi/lib/thumb/v7e-m+dp/hard\libc_nano.a(libc_a-nano-vfprintf_i.o)
                0x0800c2dc                _printf_common
 *fill*         0x0800c3b6        0x2 
 .text._printf_i
                0x0800c3b8      0x240 C:/ST/STM32CubeIDE_1.13.1/STM32CubeIDE/plugins/com.st.stm32cube.ide.mcu.externaltools.gnu-tools-for-stm32.12.3.rel1.win32_1.0.100.202403111256/tools/bin/../lib/gcc/arm-none-eabi/12.3.1/../../../../arm-none-eabi/lib/thumb/v7e-m+dp/hard\libc_nano.a(libc_a-nano-vfprintf_i.o)
                0x0800c3b8                _printf_i
 .text.std      0x0800c5f8       0x6c C:/ST/STM32CubeIDE_1.13.1/STM32CubeIDE/plugins/com.st.stm32cube.ide.mcu.externaltools.gnu-tools-for-stm32.12.3.rel1.win32_1.0.100.202403111256/tools/bin/../lib/gcc/arm-none-eabi/12.3.1/../../../../arm-none-eabi/lib/thumb/v7e-m+dp/hard\libc_nano.a(libc_a-findfp.o)
 .text.stdio_exit_handler
                0x0800c664       0x18 C:/ST/STM32CubeIDE_1.13.1/STM32CubeIDE/plugins/com.st.stm32cube.ide.mcu.externaltools.gnu-tools-for-stm32.12.3.rel1.win32_1.0.100.202403111256/tools/bin/../lib/gcc/arm-none-eabi/12.3.1/../../../../arm-none-eabi/lib/thumb/v7e-m+dp/hard\libc_nano.a(libc_a-findfp.o)
 .text.cleanup_stdio
                0x0800c67c       0x40 C:/ST/STM32CubeIDE_1.13.1/STM32CubeIDE/plugins/com.st.stm32cube.ide.mcu.externaltools.gnu-tools-for-stm32.12.3.rel1.win32_1.0.100.202403111256/tools/bin/../lib/gcc/arm-none-eabi/12.3.1/../../../../arm-none-eabi/lib/thumb/v7e-m+dp/hard\libc_nano.a(libc_a-findfp.o)
 .text.global_stdio_init.part.0
                0x0800c6bc       0x3c C:/ST/STM32CubeIDE_1.13.1/STM32CubeIDE/plugins/com.st.stm32cube.ide.mcu.externaltools.gnu-tools-for-stm32.12.3.rel1.win32_1.0.100.202403111256/tools/bin/../lib/gcc/arm-none-eabi/12.3.1/../../../../arm-none-eabi/lib/thumb/v7e-m+dp/hard\libc_nano.a(libc_a-findfp.o)
 .text.__sfp_lock_acquire
                0x0800c6f8        0xc C:/ST/STM32CubeIDE_1.13.1/STM32CubeIDE/plugins/com.st.stm32cube.ide.mcu.externaltools.gnu-tools-for-stm32.12.3.rel1.win32_1.0.100.202403111256/tools/bin/../lib/gcc/arm-none-eabi/12.3.1/../../../../arm-none-eabi/lib/thumb/v7e-m+dp/hard\libc_nano.a(libc_a-findfp.o)
                0x0800c6f8                __sfp_lock_acquire
 .text.__sfp_lock_release
                0x0800c704        0xc C:/ST/STM32CubeIDE_1.13.1/STM32CubeIDE/plugins/com.st.stm32cube.ide.mcu.externaltools.gnu-tools-for-stm32.12.3.rel1.win32_1.0.100.202403111256/tools/bin/../lib/gcc/arm-none-eabi/12.3.1/../../../../arm-none-eabi/lib/thumb/v7e-m+dp/hard\libc_nano.a(libc_a-findfp.o)
                0x0800c704                __sfp_lock_release
 .text.__sinit  0x0800c710       0x30 C:/ST/STM32CubeIDE_1.13.1/STM32CubeIDE/plugins/com.st.stm32cube.ide.mcu.externaltools.gnu-tools-for-stm32.12.3.rel1.win32_1.0.100.202403111256/tools/bin/../lib/gcc/arm-none-eabi/12.3.1/../../../../arm-none-eabi/lib/thumb/v7e-m+dp/hard\libc_nano.a(libc_a-findfp.o)
                0x0800c710                __sinit
 .text._fwalk_sglue
                0x0800c740       0x3c C:/ST/STM32CubeIDE_1.13.1/STM32CubeIDE/plugins/com.st.stm32cube.ide.mcu.externaltools.gnu-tools-for-stm32.12.3.rel1.win32_1.0.100.202403111256/tools/bin/../lib/gcc/arm-none-eabi/12.3.1/../../../../arm-none-eabi/lib/thumb/v7e-m+dp/hard\libc_nano.a(libc_a-fwalk.o)
                0x0800c740                _fwalk_sglue
 .text.sprintf  0x0800c77c       0x40 C:/ST/STM32CubeIDE_1.13.1/STM32CubeIDE/plugins/com.st.stm32cube.ide.mcu.externaltools.gnu-tools-for-stm32.12.3.rel1.win32_1.0.100.202403111256/tools/bin/../lib/gcc/arm-none-eabi/12.3.1/../../../../arm-none-eabi/lib/thumb/v7e-m+dp/hard\libc_nano.a(libc_a-sprintf.o)
                0x0800c77c                siprintf
                0x0800c77c                sprintf
 .text.__sread  0x0800c7bc       0x22 C:/ST/STM32CubeIDE_1.13.1/STM32CubeIDE/plugins/com.st.stm32cube.ide.mcu.externaltools.gnu-tools-for-stm32.12.3.rel1.win32_1.0.100.202403111256/tools/bin/../lib/gcc/arm-none-eabi/12.3.1/../../../../arm-none-eabi/lib/thumb/v7e-m+dp/hard\libc_nano.a(libc_a-stdio.o)
                0x0800c7bc                __sread
 .text.__swrite
                0x0800c7de       0x38 C:/ST/STM32CubeIDE_1.13.1/STM32CubeIDE/plugins/com.st.stm32cube.ide.mcu.externaltools.gnu-tools-for-stm32.12.3.rel1.win32_1.0.100.202403111256/tools/bin/../lib/gcc/arm-none-eabi/12.3.1/../../../../arm-none-eabi/lib/thumb/v7e-m+dp/hard\libc_nano.a(libc_a-stdio.o)
                0x0800c7de                __swrite
 .text.__sseek  0x0800c816       0x24 C:/ST/STM32CubeIDE_1.13.1/STM32CubeIDE/plugins/com.st.stm32cube.ide.mcu.externaltools.gnu-tools-for-stm32.12.3.rel1.win32_1.0.100.202403111256/tools/bin/../lib/gcc/arm-none-eabi/12.3.1/../../../../arm-none-eabi/lib/thumb/v7e-m+dp/hard\libc_nano.a(libc_a-stdio.o)
                0x0800c816                __sseek
 .text.__sclose
                0x0800c83a        0x8 C:/ST/STM32CubeIDE_1.13.1/STM32CubeIDE/plugins/com.st.stm32cube.ide.mcu.externaltools.gnu-tools-for-stm32.12.3.rel1.win32_1.0.100.202403111256/tools/bin/../lib/gcc/arm-none-eabi/12.3.1/../../../../arm-none-eabi/lib/thumb/v7e-m+dp/hard\libc_nano.a(libc_a-stdio.o)
                0x0800c83a                __sclose
 .text.memmove  0x0800c842       0x34 C:/ST/STM32CubeIDE_1.13.1/STM32CubeIDE/plugins/com.st.stm32cube.ide.mcu.externaltools.gnu-tools-for-stm32.12.3.rel1.win32_1.0.100.202403111256/tools/bin/../lib/gcc/arm-none-eabi/12.3.1/../../../../arm-none-eabi/lib/thumb/v7e-m+dp/hard\libc_nano.a(libc_a-memmove.o)
                0x0800c842                memmove
 .text.memset   0x0800c876       0x10 C:/ST/STM32CubeIDE_1.13.1/STM32CubeIDE/plugins/com.st.stm32cube.ide.mcu.externaltools.gnu-tools-for-stm32.12.3.rel1.win32_1.0.100.202403111256/tools/bin/../lib/gcc/arm-none-eabi/12.3.1/../../../../arm-none-eabi/lib/thumb/v7e-m+dp/hard\libc_nano.a(libc_a-memset.o)
                0x0800c876                memset
 .text.strcat   0x0800c886       0x1e C:/ST/STM32CubeIDE_1.13.1/STM32CubeIDE/plugins/com.st.stm32cube.ide.mcu.externaltools.gnu-tools-for-stm32.12.3.rel1.win32_1.0.100.202403111256/tools/bin/../lib/gcc/arm-none-eabi/12.3.1/../../../../arm-none-eabi/lib/thumb/v7e-m+dp/hard\libc_nano.a(libc_a-strcat.o)
                0x0800c886                strcat
 .text._localeconv_r
                0x0800c8a4        0x8 C:/ST/STM32CubeIDE_1.13.1/STM32CubeIDE/plugins/com.st.stm32cube.ide.mcu.externaltools.gnu-tools-for-stm32.12.3.rel1.win32_1.0.100.202403111256/tools/bin/../lib/gcc/arm-none-eabi/12.3.1/../../../../arm-none-eabi/lib/thumb/v7e-m+dp/hard\libc_nano.a(libc_a-localeconv.o)
                0x0800c8a4                _localeconv_r
 .text._close_r
                0x0800c8ac       0x20 C:/ST/STM32CubeIDE_1.13.1/STM32CubeIDE/plugins/com.st.stm32cube.ide.mcu.externaltools.gnu-tools-for-stm32.12.3.rel1.win32_1.0.100.202403111256/tools/bin/../lib/gcc/arm-none-eabi/12.3.1/../../../../arm-none-eabi/lib/thumb/v7e-m+dp/hard\libc_nano.a(libc_a-closer.o)
                0x0800c8ac                _close_r
 .text._lseek_r
                0x0800c8cc       0x24 C:/ST/STM32CubeIDE_1.13.1/STM32CubeIDE/plugins/com.st.stm32cube.ide.mcu.externaltools.gnu-tools-for-stm32.12.3.rel1.win32_1.0.100.202403111256/tools/bin/../lib/gcc/arm-none-eabi/12.3.1/../../../../arm-none-eabi/lib/thumb/v7e-m+dp/hard\libc_nano.a(libc_a-lseekr.o)
                0x0800c8cc                _lseek_r
 .text._read_r  0x0800c8f0       0x24 C:/ST/STM32CubeIDE_1.13.1/STM32CubeIDE/plugins/com.st.stm32cube.ide.mcu.externaltools.gnu-tools-for-stm32.12.3.rel1.win32_1.0.100.202403111256/tools/bin/../lib/gcc/arm-none-eabi/12.3.1/../../../../arm-none-eabi/lib/thumb/v7e-m+dp/hard\libc_nano.a(libc_a-readr.o)
                0x0800c8f0                _read_r
 .text._sbrk_r  0x0800c914       0x20 C:/ST/STM32CubeIDE_1.13.1/STM32CubeIDE/plugins/com.st.stm32cube.ide.mcu.externaltools.gnu-tools-for-stm32.12.3.rel1.win32_1.0.100.202403111256/tools/bin/../lib/gcc/arm-none-eabi/12.3.1/../../../../arm-none-eabi/lib/thumb/v7e-m+dp/hard\libc_nano.a(libc_a-sbrkr.o)
                0x0800c914                _sbrk_r
 .text._write_r
                0x0800c934       0x24 C:/ST/STM32CubeIDE_1.13.1/STM32CubeIDE/plugins/com.st.stm32cube.ide.mcu.externaltools.gnu-tools-for-stm32.12.3.rel1.win32_1.0.100.202403111256/tools/bin/../lib/gcc/arm-none-eabi/12.3.1/../../../../arm-none-eabi/lib/thumb/v7e-m+dp/hard\libc_nano.a(libc_a-writer.o)
                0x0800c934                _write_r
 .text.__errno  0x0800c958        0xc C:/ST/STM32CubeIDE_1.13.1/STM32CubeIDE/plugins/com.st.stm32cube.ide.mcu.externaltools.gnu-tools-for-stm32.12.3.rel1.win32_1.0.100.202403111256/tools/bin/../lib/gcc/arm-none-eabi/12.3.1/../../../../arm-none-eabi/lib/thumb/v7e-m+dp/hard\libc_nano.a(libc_a-errno.o)
                0x0800c958                __errno
 .text.__libc_init_array
                0x0800c964       0x48 C:/ST/STM32CubeIDE_1.13.1/STM32CubeIDE/plugins/com.st.stm32cube.ide.mcu.externaltools.gnu-tools-for-stm32.12.3.rel1.win32_1.0.100.202403111256/tools/bin/../lib/gcc/arm-none-eabi/12.3.1/../../../../arm-none-eabi/lib/thumb/v7e-m+dp/hard\libc_nano.a(libc_a-init.o)
                0x0800c964                __libc_init_array
 .text.__retarget_lock_init_recursive
                0x0800c9ac        0x2 C:/ST/STM32CubeIDE_1.13.1/STM32CubeIDE/plugins/com.st.stm32cube.ide.mcu.externaltools.gnu-tools-for-stm32.12.3.rel1.win32_1.0.100.202403111256/tools/bin/../lib/gcc/arm-none-eabi/12.3.1/../../../../arm-none-eabi/lib/thumb/v7e-m+dp/hard\libc_nano.a(libc_a-lock.o)
                0x0800c9ac                __retarget_lock_init_recursive
 .text.__retarget_lock_acquire_recursive
                0x0800c9ae        0x2 C:/ST/STM32CubeIDE_1.13.1/STM32CubeIDE/plugins/com.st.stm32cube.ide.mcu.externaltools.gnu-tools-for-stm32.12.3.rel1.win32_1.0.100.202403111256/tools/bin/../lib/gcc/arm-none-eabi/12.3.1/../../../../arm-none-eabi/lib/thumb/v7e-m+dp/hard\libc_nano.a(libc_a-lock.o)
                0x0800c9ae                __retarget_lock_acquire_recursive
 .text.__retarget_lock_release_recursive
                0x0800c9b0        0x2 C:/ST/STM32CubeIDE_1.13.1/STM32CubeIDE/plugins/com.st.stm32cube.ide.mcu.externaltools.gnu-tools-for-stm32.12.3.rel1.win32_1.0.100.202403111256/tools/bin/../lib/gcc/arm-none-eabi/12.3.1/../../../../arm-none-eabi/lib/thumb/v7e-m+dp/hard\libc_nano.a(libc_a-lock.o)
                0x0800c9b0                __retarget_lock_release_recursive
 .text.strcpy   0x0800c9b2       0x10 C:/ST/STM32CubeIDE_1.13.1/STM32CubeIDE/plugins/com.st.stm32cube.ide.mcu.externaltools.gnu-tools-for-stm32.12.3.rel1.win32_1.0.100.202403111256/tools/bin/../lib/gcc/arm-none-eabi/12.3.1/../../../../arm-none-eabi/lib/thumb/v7e-m+dp/hard\libc_nano.a(libc_a-strcpy.o)
                0x0800c9b2                strcpy
 .text.memcpy   0x0800c9c2       0x1c C:/ST/STM32CubeIDE_1.13.1/STM32CubeIDE/plugins/com.st.stm32cube.ide.mcu.externaltools.gnu-tools-for-stm32.12.3.rel1.win32_1.0.100.202403111256/tools/bin/../lib/gcc/arm-none-eabi/12.3.1/../../../../arm-none-eabi/lib/thumb/v7e-m+dp/hard\libc_nano.a(libc_a-memcpy-stub.o)
                0x0800c9c2                memcpy
 .text.quorem   0x0800c9de      0x110 C:/ST/STM32CubeIDE_1.13.1/STM32CubeIDE/plugins/com.st.stm32cube.ide.mcu.externaltools.gnu-tools-for-stm32.12.3.rel1.win32_1.0.100.202403111256/tools/bin/../lib/gcc/arm-none-eabi/12.3.1/../../../../arm-none-eabi/lib/thumb/v7e-m+dp/hard\libc_nano.a(libc_a-dtoa.o)
 *fill*         0x0800caee        0x2 
 .text._dtoa_r  0x0800caf0      0xaac C:/ST/STM32CubeIDE_1.13.1/STM32CubeIDE/plugins/com.st.stm32cube.ide.mcu.externaltools.gnu-tools-for-stm32.12.3.rel1.win32_1.0.100.202403111256/tools/bin/../lib/gcc/arm-none-eabi/12.3.1/../../../../arm-none-eabi/lib/thumb/v7e-m+dp/hard\libc_nano.a(libc_a-dtoa.o)
                0x0800caf0                _dtoa_r
 .text._free_r  0x0800d59c       0x94 C:/ST/STM32CubeIDE_1.13.1/STM32CubeIDE/plugins/com.st.stm32cube.ide.mcu.externaltools.gnu-tools-for-stm32.12.3.rel1.win32_1.0.100.202403111256/tools/bin/../lib/gcc/arm-none-eabi/12.3.1/../../../../arm-none-eabi/lib/thumb/v7e-m+dp/hard\libc_nano.a(libc_a-freer.o)
                0x0800d59c                _free_r
 .text._Balloc  0x0800d630       0x80 C:/ST/STM32CubeIDE_1.13.1/STM32CubeIDE/plugins/com.st.stm32cube.ide.mcu.externaltools.gnu-tools-for-stm32.12.3.rel1.win32_1.0.100.202403111256/tools/bin/../lib/gcc/arm-none-eabi/12.3.1/../../../../arm-none-eabi/lib/thumb/v7e-m+dp/hard\libc_nano.a(libc_a-mprec.o)
                0x0800d630                _Balloc
 .text._Bfree   0x0800d6b0       0x44 C:/ST/STM32CubeIDE_1.13.1/STM32CubeIDE/plugins/com.st.stm32cube.ide.mcu.externaltools.gnu-tools-for-stm32.12.3.rel1.win32_1.0.100.202403111256/tools/bin/../lib/gcc/arm-none-eabi/12.3.1/../../../../arm-none-eabi/lib/thumb/v7e-m+dp/hard\libc_nano.a(libc_a-mprec.o)
                0x0800d6b0                _Bfree
 .text.__multadd
                0x0800d6f4       0x8c C:/ST/STM32CubeIDE_1.13.1/STM32CubeIDE/plugins/com.st.stm32cube.ide.mcu.externaltools.gnu-tools-for-stm32.12.3.rel1.win32_1.0.100.202403111256/tools/bin/../lib/gcc/arm-none-eabi/12.3.1/../../../../arm-none-eabi/lib/thumb/v7e-m+dp/hard\libc_nano.a(libc_a-mprec.o)
                0x0800d6f4                __multadd
 .text.__hi0bits
                0x0800d780       0x3e C:/ST/STM32CubeIDE_1.13.1/STM32CubeIDE/plugins/com.st.stm32cube.ide.mcu.externaltools.gnu-tools-for-stm32.12.3.rel1.win32_1.0.100.202403111256/tools/bin/../lib/gcc/arm-none-eabi/12.3.1/../../../../arm-none-eabi/lib/thumb/v7e-m+dp/hard\libc_nano.a(libc_a-mprec.o)
                0x0800d780                __hi0bits
 .text.__lo0bits
                0x0800d7be       0x5a C:/ST/STM32CubeIDE_1.13.1/STM32CubeIDE/plugins/com.st.stm32cube.ide.mcu.externaltools.gnu-tools-for-stm32.12.3.rel1.win32_1.0.100.202403111256/tools/bin/../lib/gcc/arm-none-eabi/12.3.1/../../../../arm-none-eabi/lib/thumb/v7e-m+dp/hard\libc_nano.a(libc_a-mprec.o)
                0x0800d7be                __lo0bits
 .text.__i2b    0x0800d818       0x2c C:/ST/STM32CubeIDE_1.13.1/STM32CubeIDE/plugins/com.st.stm32cube.ide.mcu.externaltools.gnu-tools-for-stm32.12.3.rel1.win32_1.0.100.202403111256/tools/bin/../lib/gcc/arm-none-eabi/12.3.1/../../../../arm-none-eabi/lib/thumb/v7e-m+dp/hard\libc_nano.a(libc_a-mprec.o)
                0x0800d818                __i2b
 .text.__multiply
                0x0800d844      0x154 C:/ST/STM32CubeIDE_1.13.1/STM32CubeIDE/plugins/com.st.stm32cube.ide.mcu.externaltools.gnu-tools-for-stm32.12.3.rel1.win32_1.0.100.202403111256/tools/bin/../lib/gcc/arm-none-eabi/12.3.1/../../../../arm-none-eabi/lib/thumb/v7e-m+dp/hard\libc_nano.a(libc_a-mprec.o)
                0x0800d844                __multiply
 .text.__pow5mult
                0x0800d998       0xb4 C:/ST/STM32CubeIDE_1.13.1/STM32CubeIDE/plugins/com.st.stm32cube.ide.mcu.externaltools.gnu-tools-for-stm32.12.3.rel1.win32_1.0.100.202403111256/tools/bin/../lib/gcc/arm-none-eabi/12.3.1/../../../../arm-none-eabi/lib/thumb/v7e-m+dp/hard\libc_nano.a(libc_a-mprec.o)
                0x0800d998                __pow5mult
 .text.__lshift
                0x0800da4c       0xd8 C:/ST/STM32CubeIDE_1.13.1/STM32CubeIDE/plugins/com.st.stm32cube.ide.mcu.externaltools.gnu-tools-for-stm32.12.3.rel1.win32_1.0.100.202403111256/tools/bin/../lib/gcc/arm-none-eabi/12.3.1/../../../../arm-none-eabi/lib/thumb/v7e-m+dp/hard\libc_nano.a(libc_a-mprec.o)
                0x0800da4c                __lshift
 .text.__mcmp   0x0800db24       0x36 C:/ST/STM32CubeIDE_1.13.1/STM32CubeIDE/plugins/com.st.stm32cube.ide.mcu.externaltools.gnu-tools-for-stm32.12.3.rel1.win32_1.0.100.202403111256/tools/bin/../lib/gcc/arm-none-eabi/12.3.1/../../../../arm-none-eabi/lib/thumb/v7e-m+dp/hard\libc_nano.a(libc_a-mprec.o)
                0x0800db24                __mcmp
 *fill*         0x0800db5a        0x2 
 .text.__mdiff  0x0800db5c      0x128 C:/ST/STM32CubeIDE_1.13.1/STM32CubeIDE/plugins/com.st.stm32cube.ide.mcu.externaltools.gnu-tools-for-stm32.12.3.rel1.win32_1.0.100.202403111256/tools/bin/../lib/gcc/arm-none-eabi/12.3.1/../../../../arm-none-eabi/lib/thumb/v7e-m+dp/hard\libc_nano.a(libc_a-mprec.o)
                0x0800db5c                __mdiff
 .text.__d2b    0x0800dc84       0xb0 C:/ST/STM32CubeIDE_1.13.1/STM32CubeIDE/plugins/com.st.stm32cube.ide.mcu.externaltools.gnu-tools-for-stm32.12.3.rel1.win32_1.0.100.202403111256/tools/bin/../lib/gcc/arm-none-eabi/12.3.1/../../../../arm-none-eabi/lib/thumb/v7e-m+dp/hard\libc_nano.a(libc_a-mprec.o)
                0x0800dc84                __d2b
 .text._malloc_usable_size_r
                0x0800dd34       0x10 C:/ST/STM32CubeIDE_1.13.1/STM32CubeIDE/plugins/com.st.stm32cube.ide.mcu.externaltools.gnu-tools-for-stm32.12.3.rel1.win32_1.0.100.202403111256/tools/bin/../lib/gcc/arm-none-eabi/12.3.1/../../../../arm-none-eabi/lib/thumb/v7e-m+dp/hard\libc_nano.a(libc_a-msizer.o)
                0x0800dd34                _malloc_usable_size_r
 .text.__ssputs_r
                0x0800dd44       0xb6 C:/ST/STM32CubeIDE_1.13.1/STM32CubeIDE/plugins/com.st.stm32cube.ide.mcu.externaltools.gnu-tools-for-stm32.12.3.rel1.win32_1.0.100.202403111256/tools/bin/../lib/gcc/arm-none-eabi/12.3.1/../../../../arm-none-eabi/lib/thumb/v7e-m+dp/hard\libc_nano.a(libc_a-nano-svfprintf.o)
                0x0800dd44                __ssputs_r
 *fill*         0x0800ddfa        0x2 
 .text._svfprintf_r
                0x0800ddfc      0x1f8 C:/ST/STM32CubeIDE_1.13.1/STM32CubeIDE/plugins/com.st.stm32cube.ide.mcu.externaltools.gnu-tools-for-stm32.12.3.rel1.win32_1.0.100.202403111256/tools/bin/../lib/gcc/arm-none-eabi/12.3.1/../../../../arm-none-eabi/lib/thumb/v7e-m+dp/hard\libc_nano.a(libc_a-nano-svfprintf.o)
                0x0800ddfc                _svfiprintf_r
                0x0800ddfc                _svfprintf_r
 .text.__sflush_r
                0x0800dff4      0x108 C:/ST/STM32CubeIDE_1.13.1/STM32CubeIDE/plugins/com.st.stm32cube.ide.mcu.externaltools.gnu-tools-for-stm32.12.3.rel1.win32_1.0.100.202403111256/tools/bin/../lib/gcc/arm-none-eabi/12.3.1/../../../../arm-none-eabi/lib/thumb/v7e-m+dp/hard\libc_nano.a(libc_a-fflush.o)
                0x0800dff4                __sflush_r
 .text._fflush_r
                0x0800e0fc       0x50 C:/ST/STM32CubeIDE_1.13.1/STM32CubeIDE/plugins/com.st.stm32cube.ide.mcu.externaltools.gnu-tools-for-stm32.12.3.rel1.win32_1.0.100.202403111256/tools/bin/../lib/gcc/arm-none-eabi/12.3.1/../../../../arm-none-eabi/lib/thumb/v7e-m+dp/hard\libc_nano.a(libc_a-fflush.o)
                0x0800e0fc                _fflush_r
 .text.__assert_func
                0x0800e14c       0x3c C:/ST/STM32CubeIDE_1.13.1/STM32CubeIDE/plugins/com.st.stm32cube.ide.mcu.externaltools.gnu-tools-for-stm32.12.3.rel1.win32_1.0.100.202403111256/tools/bin/../lib/gcc/arm-none-eabi/12.3.1/../../../../arm-none-eabi/lib/thumb/v7e-m+dp/hard\libc_nano.a(libc_a-assert.o)
                0x0800e14c                __assert_func
 .text._calloc_r
                0x0800e188       0x28 C:/ST/STM32CubeIDE_1.13.1/STM32CubeIDE/plugins/com.st.stm32cube.ide.mcu.externaltools.gnu-tools-for-stm32.12.3.rel1.win32_1.0.100.202403111256/tools/bin/../lib/gcc/arm-none-eabi/12.3.1/../../../../arm-none-eabi/lib/thumb/v7e-m+dp/hard\libc_nano.a(libc_a-callocr.o)
                0x0800e188                _calloc_r
 .text.__ascii_mbtowc
                0x0800e1b0       0x24 C:/ST/STM32CubeIDE_1.13.1/STM32CubeIDE/plugins/com.st.stm32cube.ide.mcu.externaltools.gnu-tools-for-stm32.12.3.rel1.win32_1.0.100.202403111256/tools/bin/../lib/gcc/arm-none-eabi/12.3.1/../../../../arm-none-eabi/lib/thumb/v7e-m+dp/hard\libc_nano.a(libc_a-mbtowc_r.o)
                0x0800e1b0                __ascii_mbtowc
 .text.__ascii_wctomb
                0x0800e1d4       0x1a C:/ST/STM32CubeIDE_1.13.1/STM32CubeIDE/plugins/com.st.stm32cube.ide.mcu.externaltools.gnu-tools-for-stm32.12.3.rel1.win32_1.0.100.202403111256/tools/bin/../lib/gcc/arm-none-eabi/12.3.1/../../../../arm-none-eabi/lib/thumb/v7e-m+dp/hard\libc_nano.a(libc_a-wctomb_r.o)
                0x0800e1d4                __ascii_wctomb
 *fill*         0x0800e1ee        0x2 
 .text.fprintf  0x0800e1f0       0x24 C:/ST/STM32CubeIDE_1.13.1/STM32CubeIDE/plugins/com.st.stm32cube.ide.mcu.externaltools.gnu-tools-for-stm32.12.3.rel1.win32_1.0.100.202403111256/tools/bin/../lib/gcc/arm-none-eabi/12.3.1/../../../../arm-none-eabi/lib/thumb/v7e-m+dp/hard\libc_nano.a(libc_a-fprintf.o)
                0x0800e1f0                fiprintf
                0x0800e1f0                fprintf
 .text.abort    0x0800e214        0xe C:/ST/STM32CubeIDE_1.13.1/STM32CubeIDE/plugins/com.st.stm32cube.ide.mcu.externaltools.gnu-tools-for-stm32.12.3.rel1.win32_1.0.100.202403111256/tools/bin/../lib/gcc/arm-none-eabi/12.3.1/../../../../arm-none-eabi/lib/thumb/v7e-m+dp/hard\libc_nano.a(libc_a-abort.o)
                0x0800e214                abort
 .text.__sfputc_r
                0x0800e222       0x2e C:/ST/STM32CubeIDE_1.13.1/STM32CubeIDE/plugins/com.st.stm32cube.ide.mcu.externaltools.gnu-tools-for-stm32.12.3.rel1.win32_1.0.100.202403111256/tools/bin/../lib/gcc/arm-none-eabi/12.3.1/../../../../arm-none-eabi/lib/thumb/v7e-m+dp/hard\libc_nano.a(libc_a-nano-vfprintf.o)
 .text.__sfputs_r
                0x0800e250       0x24 C:/ST/STM32CubeIDE_1.13.1/STM32CubeIDE/plugins/com.st.stm32cube.ide.mcu.externaltools.gnu-tools-for-stm32.12.3.rel1.win32_1.0.100.202403111256/tools/bin/../lib/gcc/arm-none-eabi/12.3.1/../../../../arm-none-eabi/lib/thumb/v7e-m+dp/hard\libc_nano.a(libc_a-nano-vfprintf.o)
                0x0800e250                __sfputs_r
 .text._vfprintf_r
                0x0800e274      0x230 C:/ST/STM32CubeIDE_1.13.1/STM32CubeIDE/plugins/com.st.stm32cube.ide.mcu.externaltools.gnu-tools-for-stm32.12.3.rel1.win32_1.0.100.202403111256/tools/bin/../lib/gcc/arm-none-eabi/12.3.1/../../../../arm-none-eabi/lib/thumb/v7e-m+dp/hard\libc_nano.a(libc_a-nano-vfprintf.o)
                0x0800e274                _vfprintf_r
                0x0800e274                _vfiprintf_r
 .text.__swbuf_r
                0x0800e4a4       0x7c C:/ST/STM32CubeIDE_1.13.1/STM32CubeIDE/plugins/com.st.stm32cube.ide.mcu.externaltools.gnu-tools-for-stm32.12.3.rel1.win32_1.0.100.202403111256/tools/bin/../lib/gcc/arm-none-eabi/12.3.1/../../../../arm-none-eabi/lib/thumb/v7e-m+dp/hard\libc_nano.a(libc_a-wbuf.o)
                0x0800e4a4                __swbuf_r
 .text.__swsetup_r
                0x0800e520       0xac C:/ST/STM32CubeIDE_1.13.1/STM32CubeIDE/plugins/com.st.stm32cube.ide.mcu.externaltools.gnu-tools-for-stm32.12.3.rel1.win32_1.0.100.202403111256/tools/bin/../lib/gcc/arm-none-eabi/12.3.1/../../../../arm-none-eabi/lib/thumb/v7e-m+dp/hard\libc_nano.a(libc_a-wsetup.o)
                0x0800e520                __swsetup_r
 .text._raise_r
                0x0800e5cc       0x50 C:/ST/STM32CubeIDE_1.13.1/STM32CubeIDE/plugins/com.st.stm32cube.ide.mcu.externaltools.gnu-tools-for-stm32.12.3.rel1.win32_1.0.100.202403111256/tools/bin/../lib/gcc/arm-none-eabi/12.3.1/../../../../arm-none-eabi/lib/thumb/v7e-m+dp/hard\libc_nano.a(libc_a-signal.o)
                0x0800e5cc                _raise_r
 .text.raise    0x0800e61c       0x10 C:/ST/STM32CubeIDE_1.13.1/STM32CubeIDE/plugins/com.st.stm32cube.ide.mcu.externaltools.gnu-tools-for-stm32.12.3.rel1.win32_1.0.100.202403111256/tools/bin/../lib/gcc/arm-none-eabi/12.3.1/../../../../arm-none-eabi/lib/thumb/v7e-m+dp/hard\libc_nano.a(libc_a-signal.o)
                0x0800e61c                raise
 .text._kill_r  0x0800e62c       0x24 C:/ST/STM32CubeIDE_1.13.1/STM32CubeIDE/plugins/com.st.stm32cube.ide.mcu.externaltools.gnu-tools-for-stm32.12.3.rel1.win32_1.0.100.202403111256/tools/bin/../lib/gcc/arm-none-eabi/12.3.1/../../../../arm-none-eabi/lib/thumb/v7e-m+dp/hard\libc_nano.a(libc_a-signalr.o)
                0x0800e62c                _kill_r
 .text._getpid_r
                0x0800e650        0x4 C:/ST/STM32CubeIDE_1.13.1/STM32CubeIDE/plugins/com.st.stm32cube.ide.mcu.externaltools.gnu-tools-for-stm32.12.3.rel1.win32_1.0.100.202403111256/tools/bin/../lib/gcc/arm-none-eabi/12.3.1/../../../../arm-none-eabi/lib/thumb/v7e-m+dp/hard\libc_nano.a(libc_a-signalr.o)
                0x0800e650                _getpid_r
 .text.__swhatbuf_r
                0x0800e654       0x4c C:/ST/STM32CubeIDE_1.13.1/STM32CubeIDE/plugins/com.st.stm32cube.ide.mcu.externaltools.gnu-tools-for-stm32.12.3.rel1.win32_1.0.100.202403111256/tools/bin/../lib/gcc/arm-none-eabi/12.3.1/../../../../arm-none-eabi/lib/thumb/v7e-m+dp/hard\libc_nano.a(libc_a-makebuf.o)
                0x0800e654                __swhatbuf_r
 .text.__smakebuf_r
                0x0800e6a0       0x78 C:/ST/STM32CubeIDE_1.13.1/STM32CubeIDE/plugins/com.st.stm32cube.ide.mcu.externaltools.gnu-tools-for-stm32.12.3.rel1.win32_1.0.100.202403111256/tools/bin/../lib/gcc/arm-none-eabi/12.3.1/../../../../arm-none-eabi/lib/thumb/v7e-m+dp/hard\libc_nano.a(libc_a-makebuf.o)
                0x0800e6a0                __smakebuf_r
 .text._fstat_r
                0x0800e718       0x24 C:/ST/STM32CubeIDE_1.13.1/STM32CubeIDE/plugins/com.st.stm32cube.ide.mcu.externaltools.gnu-tools-for-stm32.12.3.rel1.win32_1.0.100.202403111256/tools/bin/../lib/gcc/arm-none-eabi/12.3.1/../../../../arm-none-eabi/lib/thumb/v7e-m+dp/hard\libc_nano.a(libc_a-fstatr.o)
                0x0800e718                _fstat_r
 .text._isatty_r
                0x0800e73c       0x20 C:/ST/STM32CubeIDE_1.13.1/STM32CubeIDE/plugins/com.st.stm32cube.ide.mcu.externaltools.gnu-tools-for-stm32.12.3.rel1.win32_1.0.100.202403111256/tools/bin/../lib/gcc/arm-none-eabi/12.3.1/../../../../arm-none-eabi/lib/thumb/v7e-m+dp/hard\libc_nano.a(libc_a-isattyr.o)
                0x0800e73c                _isatty_r
 .text.checkint
                0x0800e75c       0x2e C:/ST/STM32CubeIDE_1.13.1/STM32CubeIDE/plugins/com.st.stm32cube.ide.mcu.externaltools.gnu-tools-for-stm32.12.3.rel1.win32_1.0.100.202403111256/tools/bin/../lib/gcc/arm-none-eabi/12.3.1/../../../../arm-none-eabi/lib/thumb/v7e-m+dp/hard\libm.a(libm_a-sf_pow.o)
 *fill*         0x0800e78a        0x6 
 .text.powf     0x0800e790      0x2c0 C:/ST/STM32CubeIDE_1.13.1/STM32CubeIDE/plugins/com.st.stm32cube.ide.mcu.externaltools.gnu-tools-for-stm32.12.3.rel1.win32_1.0.100.202403111256/tools/bin/../lib/gcc/arm-none-eabi/12.3.1/../../../../arm-none-eabi/lib/thumb/v7e-m+dp/hard\libm.a(libm_a-sf_pow.o)
                0x0800e790                powf
 .text.with_errnof
                0x0800ea50       0x1c C:/ST/STM32CubeIDE_1.13.1/STM32CubeIDE/plugins/com.st.stm32cube.ide.mcu.externaltools.gnu-tools-for-stm32.12.3.rel1.win32_1.0.100.202403111256/tools/bin/../lib/gcc/arm-none-eabi/12.3.1/../../../../arm-none-eabi/lib/thumb/v7e-m+dp/hard\libm.a(libm_a-math_errf.o)
 .text.xflowf   0x0800ea6c       0x16 C:/ST/STM32CubeIDE_1.13.1/STM32CubeIDE/plugins/com.st.stm32cube.ide.mcu.externaltools.gnu-tools-for-stm32.12.3.rel1.win32_1.0.100.202403111256/tools/bin/../lib/gcc/arm-none-eabi/12.3.1/../../../../arm-none-eabi/lib/thumb/v7e-m+dp/hard\libm.a(libm_a-math_errf.o)
 *fill*         0x0800ea82        0x2 
 .text.__math_uflowf
                0x0800ea84        0xc C:/ST/STM32CubeIDE_1.13.1/STM32CubeIDE/plugins/com.st.stm32cube.ide.mcu.externaltools.gnu-tools-for-stm32.12.3.rel1.win32_1.0.100.202403111256/tools/bin/../lib/gcc/arm-none-eabi/12.3.1/../../../../arm-none-eabi/lib/thumb/v7e-m+dp/hard\libm.a(libm_a-math_errf.o)
                0x0800ea84                __math_uflowf
 .text.__math_may_uflowf
                0x0800ea90        0xc C:/ST/STM32CubeIDE_1.13.1/STM32CubeIDE/plugins/com.st.stm32cube.ide.mcu.externaltools.gnu-tools-for-stm32.12.3.rel1.win32_1.0.100.202403111256/tools/bin/../lib/gcc/arm-none-eabi/12.3.1/../../../../arm-none-eabi/lib/thumb/v7e-m+dp/hard\libm.a(libm_a-math_errf.o)
                0x0800ea90                __math_may_uflowf
 .text.__math_oflowf
                0x0800ea9c        0xc C:/ST/STM32CubeIDE_1.13.1/STM32CubeIDE/plugins/com.st.stm32cube.ide.mcu.externaltools.gnu-tools-for-stm32.12.3.rel1.win32_1.0.100.202403111256/tools/bin/../lib/gcc/arm-none-eabi/12.3.1/../../../../arm-none-eabi/lib/thumb/v7e-m+dp/hard\libm.a(libm_a-math_errf.o)
                0x0800ea9c                __math_oflowf
 .text.__math_divzerof
                0x0800eaa8       0x24 C:/ST/STM32CubeIDE_1.13.1/STM32CubeIDE/plugins/com.st.stm32cube.ide.mcu.externaltools.gnu-tools-for-stm32.12.3.rel1.win32_1.0.100.202403111256/tools/bin/../lib/gcc/arm-none-eabi/12.3.1/../../../../arm-none-eabi/lib/thumb/v7e-m+dp/hard\libm.a(libm_a-math_errf.o)
                0x0800eaa8                __math_divzerof
 .text.__math_invalidf
                0x0800eacc       0x1e C:/ST/STM32CubeIDE_1.13.1/STM32CubeIDE/plugins/com.st.stm32cube.ide.mcu.externaltools.gnu-tools-for-stm32.12.3.rel1.win32_1.0.100.202403111256/tools/bin/../lib/gcc/arm-none-eabi/12.3.1/../../../../arm-none-eabi/lib/thumb/v7e-m+dp/hard\libm.a(libm_a-math_errf.o)
                0x0800eacc                __math_invalidf
 *fill*         0x0800eaea        0x2 
 .text._close   0x0800eaec       0x10 C:/ST/STM32CubeIDE_1.13.1/STM32CubeIDE/plugins/com.st.stm32cube.ide.mcu.externaltools.gnu-tools-for-stm32.12.3.rel1.win32_1.0.100.202403111256/tools/bin/../lib/gcc/arm-none-eabi/12.3.1/../../../../arm-none-eabi/lib/thumb/v7e-m+dp/hard\libnosys.a(close.o)
                0x0800eaec                _close
 .text._fstat   0x0800eafc       0x10 C:/ST/STM32CubeIDE_1.13.1/STM32CubeIDE/plugins/com.st.stm32cube.ide.mcu.externaltools.gnu-tools-for-stm32.12.3.rel1.win32_1.0.100.202403111256/tools/bin/../lib/gcc/arm-none-eabi/12.3.1/../../../../arm-none-eabi/lib/thumb/v7e-m+dp/hard\libnosys.a(fstat.o)
                0x0800eafc                _fstat
 .text._getpid  0x0800eb0c       0x10 C:/ST/STM32CubeIDE_1.13.1/STM32CubeIDE/plugins/com.st.stm32cube.ide.mcu.externaltools.gnu-tools-for-stm32.12.3.rel1.win32_1.0.100.202403111256/tools/bin/../lib/gcc/arm-none-eabi/12.3.1/../../../../arm-none-eabi/lib/thumb/v7e-m+dp/hard\libnosys.a(getpid.o)
                0x0800eb0c                _getpid
 .text._isatty  0x0800eb1c       0x10 C:/ST/STM32CubeIDE_1.13.1/STM32CubeIDE/plugins/com.st.stm32cube.ide.mcu.externaltools.gnu-tools-for-stm32.12.3.rel1.win32_1.0.100.202403111256/tools/bin/../lib/gcc/arm-none-eabi/12.3.1/../../../../arm-none-eabi/lib/thumb/v7e-m+dp/hard\libnosys.a(isatty.o)
                0x0800eb1c                _isatty
 .text._kill    0x0800eb2c       0x10 C:/ST/STM32CubeIDE_1.13.1/STM32CubeIDE/plugins/com.st.stm32cube.ide.mcu.externaltools.gnu-tools-for-stm32.12.3.rel1.win32_1.0.100.202403111256/tools/bin/../lib/gcc/arm-none-eabi/12.3.1/../../../../arm-none-eabi/lib/thumb/v7e-m+dp/hard\libnosys.a(kill.o)
                0x0800eb2c                _kill
 .text._lseek   0x0800eb3c       0x10 C:/ST/STM32CubeIDE_1.13.1/STM32CubeIDE/plugins/com.st.stm32cube.ide.mcu.externaltools.gnu-tools-for-stm32.12.3.rel1.win32_1.0.100.202403111256/tools/bin/../lib/gcc/arm-none-eabi/12.3.1/../../../../arm-none-eabi/lib/thumb/v7e-m+dp/hard\libnosys.a(lseek.o)
                0x0800eb3c                _lseek
 .text._read    0x0800eb4c       0x10 C:/ST/STM32CubeIDE_1.13.1/STM32CubeIDE/plugins/com.st.stm32cube.ide.mcu.externaltools.gnu-tools-for-stm32.12.3.rel1.win32_1.0.100.202403111256/tools/bin/../lib/gcc/arm-none-eabi/12.3.1/../../../../arm-none-eabi/lib/thumb/v7e-m+dp/hard\libnosys.a(read.o)
                0x0800eb4c                _read
 .text._write   0x0800eb5c       0x10 C:/ST/STM32CubeIDE_1.13.1/STM32CubeIDE/plugins/com.st.stm32cube.ide.mcu.externaltools.gnu-tools-for-stm32.12.3.rel1.win32_1.0.100.202403111256/tools/bin/../lib/gcc/arm-none-eabi/12.3.1/../../../../arm-none-eabi/lib/thumb/v7e-m+dp/hard\libnosys.a(write.o)
                0x0800eb5c                _write
 .text._exit    0x0800eb6c        0x2 C:/ST/STM32CubeIDE_1.13.1/STM32CubeIDE/plugins/com.st.stm32cube.ide.mcu.externaltools.gnu-tools-for-stm32.12.3.rel1.win32_1.0.100.202403111256/tools/bin/../lib/gcc/arm-none-eabi/12.3.1/../../../../arm-none-eabi/lib/thumb/v7e-m+dp/hard\libnosys.a(_exit.o)
                0x0800eb6c                _exit
 *(.glue_7)
 .glue_7        0x0800eb6e        0x0 linker stubs
 *(.glue_7t)
 .glue_7t       0x0800eb6e        0x0 linker stubs
 *(.eh_frame)
 *fill*         0x0800eb6e        0x2 
 .eh_frame      0x0800eb70        0x0 C:/ST/STM32CubeIDE_1.13.1/STM32CubeIDE/plugins/com.st.stm32cube.ide.mcu.externaltools.gnu-tools-for-stm32.12.3.rel1.win32_1.0.100.202403111256/tools/bin/../lib/gcc/arm-none-eabi/12.3.1/thumb/v7e-m+dp/hard/crtbegin.o
 *(.init)
 .init          0x0800eb70        0x4 C:/ST/STM32CubeIDE_1.13.1/STM32CubeIDE/plugins/com.st.stm32cube.ide.mcu.externaltools.gnu-tools-for-stm32.12.3.rel1.win32_1.0.100.202403111256/tools/bin/../lib/gcc/arm-none-eabi/12.3.1/thumb/v7e-m+dp/hard/crti.o
                0x0800eb70                _init
 .init          0x0800eb74        0x8 C:/ST/STM32CubeIDE_1.13.1/STM32CubeIDE/plugins/com.st.stm32cube.ide.mcu.externaltools.gnu-tools-for-stm32.12.3.rel1.win32_1.0.100.202403111256/tools/bin/../lib/gcc/arm-none-eabi/12.3.1/thumb/v7e-m+dp/hard/crtn.o
 *(.fini)
 .fini          0x0800eb7c        0x4 C:/ST/STM32CubeIDE_1.13.1/STM32CubeIDE/plugins/com.st.stm32cube.ide.mcu.externaltools.gnu-tools-for-stm32.12.3.rel1.win32_1.0.100.202403111256/tools/bin/../lib/gcc/arm-none-eabi/12.3.1/thumb/v7e-m+dp/hard/crti.o
                0x0800eb7c                _fini
 .fini          0x0800eb80        0x8 C:/ST/STM32CubeIDE_1.13.1/STM32CubeIDE/plugins/com.st.stm32cube.ide.mcu.externaltools.gnu-tools-for-stm32.12.3.rel1.win32_1.0.100.202403111256/tools/bin/../lib/gcc/arm-none-eabi/12.3.1/thumb/v7e-m+dp/hard/crtn.o
                0x0800eb88                        . = ALIGN (0x4)
                0x0800eb88                        _etext = .

.vfp11_veneer   0x0800eb88        0x0
 .vfp11_veneer  0x0800eb88        0x0 linker stubs

.v4_bx          0x0800eb88        0x0
 .v4_bx         0x0800eb88        0x0 linker stubs

.iplt           0x0800eb88        0x0
 .iplt          0x0800eb88        0x0 C:/ST/STM32CubeIDE_1.13.1/STM32CubeIDE/plugins/com.st.stm32cube.ide.mcu.externaltools.gnu-tools-for-stm32.12.3.rel1.win32_1.0.100.202403111256/tools/bin/../lib/gcc/arm-none-eabi/12.3.1/thumb/v7e-m+dp/hard/crtbegin.o

.rodata         0x0800eba0    0x5ecc8
                0x0800eba0                        . = ALIGN (0x4)
 *(.rodata)
 .rodata        0x0800eba0       0x10 ./X-CUBE-AI/App/network_data.o
 *(.rodata*)
 .rodata.ov7670_write.str1.1
                0x0800ebb0       0x13 ./Core/Src/camera.o
 .rodata.ov7670_read.str1.1
                0x0800ebc3       0x4d ./Core/Src/camera.o
 .rodata.ov7670_init.str1.1
                0x0800ec10       0x19 ./Core/Src/camera.o
 .rodata.ov7670_startCap.str1.1
                0x0800ec29       0x12 ./Core/Src/camera.o
 .rodata.lcd_init.str1.1
                0x0800ec3b       0x12 ./Core/Src/lcd.o
                                  0x1 (size before relaxing)
 .rodata.main.str1.1
                0x0800ec3b       0x4a ./Core/Src/main.o
 .rodata.D1CorePrescTable
                0x0800ec85       0x10 ./Core/Src/system_stm32h7xx.o
                0x0800ec85                D1CorePrescTable
 .rodata.flagBitshiftOffset.0
                0x0800ec95        0x8 ./Drivers/STM32H7xx_HAL_Driver/Src/stm32h7xx_hal_dma.o
 *fill*         0x0800ec9d        0x1 
 .rodata.UARTPrescTable
                0x0800ec9e       0x18 ./Drivers/STM32H7xx_HAL_Driver/Src/stm32h7xx_hal_uart.o
                0x0800ec9e                UARTPrescTable
 .rodata.denominator.0
                0x0800ecb6        0x8 ./Drivers/STM32H7xx_HAL_Driver/Src/stm32h7xx_hal_uart_ex.o
 .rodata.numerator.1
                0x0800ecbe        0x8 ./Drivers/STM32H7xx_HAL_Driver/Src/stm32h7xx_hal_uart_ex.o
 .rodata.post_process.str1.1
                0x0800ecc6       0xa7 ./X-CUBE-AI/App/app_x-cube-ai.o
 .rodata.MX_X_CUBE_AI_Init.str1.1
                0x0800ed6d       0x4d ./X-CUBE-AI/App/app_x-cube-ai.o
 .rodata.MX_X_CUBE_AI_Process.str1.1
                0x0800edba       0xd1 ./X-CUBE-AI/App/app_x-cube-ai.o
 *fill*         0x0800ee8b        0x1 
 .rodata.conversion_0_chain
                0x0800ee8c        0x8 ./X-CUBE-AI/App/network.o
 .rodata.conv2d_1_chain
                0x0800ee94        0x8 ./X-CUBE-AI/App/network.o
 .rodata.conv2d_3_chain
                0x0800ee9c        0x8 ./X-CUBE-AI/App/network.o
 .rodata.transpose_5_chain
                0x0800eea4        0x8 ./X-CUBE-AI/App/network.o
 .rodata.gemm_7_chain
                0x0800eeac        0x8 ./X-CUBE-AI/App/network.o
 .rodata.gemm_8_chain
                0x0800eeb4        0x8 ./X-CUBE-AI/App/network.o
 .rodata.conversion_9_chain
                0x0800eebc        0x8 ./X-CUBE-AI/App/network.o
 .rodata.gemm_8_output_array_intq
                0x0800eec4        0x8 ./X-CUBE-AI/App/network.o
 .rodata.__compound_literal.35
                0x0800eecc        0x8 ./X-CUBE-AI/App/network.o
 .rodata.__compound_literal.34
                0x0800eed4        0x1 ./X-CUBE-AI/App/network.o
 *fill*         0x0800eed5        0x3 
 .rodata.__compound_literal.33
                0x0800eed8        0x4 ./X-CUBE-AI/App/network.o
 .rodata.gemm_7_output_array_intq
                0x0800eedc        0x8 ./X-CUBE-AI/App/network.o
 .rodata.__compound_literal.32
                0x0800eee4        0x8 ./X-CUBE-AI/App/network.o
 .rodata.__compound_literal.31
                0x0800eeec        0x1 ./X-CUBE-AI/App/network.o
 *fill*         0x0800eeed        0x3 
 .rodata.__compound_literal.30
                0x0800eef0        0x4 ./X-CUBE-AI/App/network.o
 .rodata.transpose_5_output_array_intq
                0x0800eef4        0x8 ./X-CUBE-AI/App/network.o
 .rodata.__compound_literal.29
                0x0800eefc        0x8 ./X-CUBE-AI/App/network.o
 .rodata.__compound_literal.28
                0x0800ef04        0x1 ./X-CUBE-AI/App/network.o
 *fill*         0x0800ef05        0x3 
 .rodata.__compound_literal.27
                0x0800ef08        0x4 ./X-CUBE-AI/App/network.o
 .rodata.conv2d_3_output_array_intq
                0x0800ef0c        0x8 ./X-CUBE-AI/App/network.o
 .rodata.__compound_literal.26
                0x0800ef14        0x8 ./X-CUBE-AI/App/network.o
 .rodata.__compound_literal.25
                0x0800ef1c        0x1 ./X-CUBE-AI/App/network.o
 *fill*         0x0800ef1d        0x3 
 .rodata.__compound_literal.24
                0x0800ef20        0x4 ./X-CUBE-AI/App/network.o
 .rodata.conv2d_1_output_array_intq
                0x0800ef24        0x8 ./X-CUBE-AI/App/network.o
 .rodata.__compound_literal.23
                0x0800ef2c        0x8 ./X-CUBE-AI/App/network.o
 .rodata.__compound_literal.22
                0x0800ef34        0x1 ./X-CUBE-AI/App/network.o
 *fill*         0x0800ef35        0x3 
 .rodata.__compound_literal.21
                0x0800ef38        0x4 ./X-CUBE-AI/App/network.o
 .rodata.conversion_0_output_array_intq
                0x0800ef3c        0x8 ./X-CUBE-AI/App/network.o
 .rodata.__compound_literal.20
                0x0800ef44        0x8 ./X-CUBE-AI/App/network.o
 .rodata.__compound_literal.19
                0x0800ef4c        0x1 ./X-CUBE-AI/App/network.o
 *fill*         0x0800ef4d        0x3 
 .rodata.__compound_literal.18
                0x0800ef50        0x4 ./X-CUBE-AI/App/network.o
 .rodata.conv2d_3_scratch1_array_intq
                0x0800ef54        0x8 ./X-CUBE-AI/App/network.o
 .rodata.__compound_literal.17
                0x0800ef5c        0x8 ./X-CUBE-AI/App/network.o
 .rodata.__compound_literal.16
                0x0800ef64        0x1 ./X-CUBE-AI/App/network.o
 *fill*         0x0800ef65        0x3 
 .rodata.__compound_literal.15
                0x0800ef68        0x4 ./X-CUBE-AI/App/network.o
 .rodata.conv2d_1_scratch1_array_intq
                0x0800ef6c        0x8 ./X-CUBE-AI/App/network.o
 .rodata.__compound_literal.14
                0x0800ef74        0x8 ./X-CUBE-AI/App/network.o
 .rodata.__compound_literal.13
                0x0800ef7c        0x1 ./X-CUBE-AI/App/network.o
 *fill*         0x0800ef7d        0x3 
 .rodata.__compound_literal.12
                0x0800ef80        0x4 ./X-CUBE-AI/App/network.o
 .rodata.gemm_8_weights_array_intq
                0x0800ef84        0x8 ./X-CUBE-AI/App/network.o
 .rodata.__compound_literal.11
                0x0800ef8c        0x8 ./X-CUBE-AI/App/network.o
 .rodata.__compound_literal.10
                0x0800ef94        0x1 ./X-CUBE-AI/App/network.o
 *fill*         0x0800ef95        0x3 
 .rodata.__compound_literal.9
                0x0800ef98        0x4 ./X-CUBE-AI/App/network.o
 .rodata.gemm_7_weights_array_intq
                0x0800ef9c        0x8 ./X-CUBE-AI/App/network.o
 .rodata.__compound_literal.8
                0x0800efa4        0x8 ./X-CUBE-AI/App/network.o
 .rodata.__compound_literal.7
                0x0800efac        0x1 ./X-CUBE-AI/App/network.o
 *fill*         0x0800efad        0x3 
 .rodata.__compound_literal.6
                0x0800efb0        0x4 ./X-CUBE-AI/App/network.o
 .rodata.conv2d_3_weights_array_intq
                0x0800efb4        0x8 ./X-CUBE-AI/App/network.o
 .rodata.__compound_literal.5
                0x0800efbc        0x8 ./X-CUBE-AI/App/network.o
 .rodata.__compound_literal.4
                0x0800efc4       0x10 ./X-CUBE-AI/App/network.o
 .rodata.__compound_literal.3
                0x0800efd4       0x40 ./X-CUBE-AI/App/network.o
 .rodata.conv2d_1_weights_array_intq
                0x0800f014        0x8 ./X-CUBE-AI/App/network.o
 .rodata.__compound_literal.2
                0x0800f01c        0x8 ./X-CUBE-AI/App/network.o
 .rodata.__compound_literal.1
                0x0800f024        0x6 ./X-CUBE-AI/App/network.o
 *fill*         0x0800f02a        0x2 
 .rodata.__compound_literal.0
                0x0800f02c       0x18 ./X-CUBE-AI/App/network.o