Archive member included to satisfy reference by file (symbol)

../Middlewares/ST/AI/Lib\NetworkRuntime810_CM7_GCC.a(ai_platform.o)
                              ./X-CUBE-AI/App/network.o (ai_buffer_array_item_set_address)
../Middlewares/ST/AI/Lib\NetworkRuntime810_CM7_GCC.a(ai_platform_interface.o)
                              ./X-CUBE-AI/App/network.o (ai_platform_get_weights_map)
../Middlewares/ST/AI/Lib\NetworkRuntime810_CM7_GCC.a(core_common.o)
                              ../Middlewares/ST/AI/Lib\NetworkRuntime810_CM7_GCC.a(ai_platform_interface.o) (core_init)
../Middlewares/ST/AI/Lib\NetworkRuntime810_CM7_GCC.a(core_convert.o)
                              ./X-CUBE-AI/App/network.o (node_convert)
../Middlewares/ST/AI/Lib\NetworkRuntime810_CM7_GCC.a(core_mem_manager.o)
                              ../Middlewares/ST/AI/Lib\NetworkRuntime810_CM7_GCC.a(ai_platform_interface.o) (core_mem_alloc)
../Middlewares/ST/AI/Lib\NetworkRuntime810_CM7_GCC.a(layers.o)
                              ../Middlewares/ST/AI/Lib\NetworkRuntime810_CM7_GCC.a(ai_platform_interface.o) (ai_check_custom_types)
../Middlewares/ST/AI/Lib\NetworkRuntime810_CM7_GCC.a(layers_conv2d_sssa8_ch.o)
                              ./X-CUBE-AI/App/network.o (forward_conv2d_sssa8_ch_nl_pool)
../Middlewares/ST/AI/Lib\NetworkRuntime810_CM7_GCC.a(layers_conv2d_stm32_integer.o)
                              ../Middlewares/ST/AI/Lib\NetworkRuntime810_CM7_GCC.a(layers.o) (get_conv2d_scratch_size)
../Middlewares/ST/AI/Lib\NetworkRuntime810_CM7_GCC.a(layers_generic_float.o)
                              ./X-CUBE-AI/App/network.o (forward_transpose)
../Middlewares/ST/AI/Lib\NetworkRuntime810_CM7_GCC.a(layers_pad_generic.o)
                              ../Middlewares/ST/AI/Lib\NetworkRuntime810_CM7_GCC.a(layers_generic_float.o) (forward_pad_8bit_ch1st_3x3_constant)
../Middlewares/ST/AI/Lib\NetworkRuntime810_CM7_GCC.a(layers_pool_stm32_integer.o)
                              ./X-CUBE-AI/App/network.o (pool_func_mp_array_integer_INT8)
../Middlewares/ST/AI/Lib\NetworkRuntime810_CM7_GCC.a(forward_lite_conv2d_sssa8_ch.o)
                              ../Middlewares/ST/AI/Lib\NetworkRuntime810_CM7_GCC.a(layers_conv2d_sssa8_ch.o) (forward_lite_conv2d_dilated_sssa8_ch)
../Middlewares/ST/AI/Lib\NetworkRuntime810_CM7_GCC.a(forward_lite_convert.o)
                              ../Middlewares/ST/AI/Lib\NetworkRuntime810_CM7_GCC.a(core_convert.o) (forward_lite_node_convert_is1os8)
../Middlewares/ST/AI/Lib\NetworkRuntime810_CM7_GCC.a(forward_lite_maxpool_is16os16.o)
                              ../Middlewares/ST/AI/Lib\NetworkRuntime810_CM7_GCC.a(layers_pool_stm32_integer.o) (forward_lite_maxpool_is16os16_scalepos)
../Middlewares/ST/AI/Lib\NetworkRuntime810_CM7_GCC.a(forward_lite_maxpool_is8os8.o)
                              ../Middlewares/ST/AI/Lib\NetworkRuntime810_CM7_GCC.a(layers_pool_stm32_integer.o) (forward_lite_maxpool_is8os8_scalepos)
../Middlewares/ST/AI/Lib\NetworkRuntime810_CM7_GCC.a(forward_lite_maxpool_iu16ou16.o)
                              ../Middlewares/ST/AI/Lib\NetworkRuntime810_CM7_GCC.a(layers_pool_stm32_integer.o) (forward_lite_maxpool_iu16ou16_scalepos)
../Middlewares/ST/AI/Lib\NetworkRuntime810_CM7_GCC.a(forward_lite_maxpool_iu8ou8.o)
                              ../Middlewares/ST/AI/Lib\NetworkRuntime810_CM7_GCC.a(layers_pool_stm32_integer.o) (forward_lite_maxpool_iu8ou8_scalepos)
../Middlewares/ST/AI/Lib\NetworkRuntime810_CM7_GCC.a(lite_generic_float.o)
                              ../Middlewares/ST/AI/Lib\NetworkRuntime810_CM7_GCC.a(layers_generic_float.o) (forward_lite_topK_axis_0_if32of32)
../Middlewares/ST/AI/Lib\NetworkRuntime810_CM7_GCC.a(forward_lite_pad_generic.o)
                              ../Middlewares/ST/AI/Lib\NetworkRuntime810_CM7_GCC.a(layers_pad_generic.o) (forward_lite_pad_8bit_ch1st_3x3_constant)
../Middlewares/ST/AI/Lib\NetworkRuntime810_CM7_GCC.a(st_convolve_reference.o)
                              ../Middlewares/ST/AI/Lib\NetworkRuntime810_CM7_GCC.a(layers_conv2d_stm32_integer.o) (align_factor)
../Middlewares/ST/AI/Lib\NetworkRuntime810_CM7_GCC.a(st_sssa8_ch_convolve.o)
                              ../Middlewares/ST/AI/Lib\NetworkRuntime810_CM7_GCC.a(layers_conv2d_stm32_integer.o) (st_sssa8_ch_convolve_rank1upd)
../Middlewares/ST/AI/Lib\NetworkRuntime810_CM7_GCC.a(st_sssa8_convolve.o)
                              ../Middlewares/ST/AI/Lib\NetworkRuntime810_CM7_GCC.a(layers_conv2d_stm32_integer.o) (st_sssa8_convolve_rank1upd)
../Middlewares/ST/AI/Lib\NetworkRuntime810_CM7_GCC.a(st_sssa8_convolve_1x1.o)
                              ../Middlewares/ST/AI/Lib\NetworkRuntime810_CM7_GCC.a(layers_conv2d_stm32_integer.o) (st_sssa8_convolve_1x1_WeightsPrefetch)
../Middlewares/ST/AI/Lib\NetworkRuntime810_CM7_GCC.a(st_sssa8_convolve_dw.o)
                              ../Middlewares/ST/AI/Lib\NetworkRuntime810_CM7_GCC.a(layers_conv2d_stm32_integer.o) (st_sssa8_conv_dw_Wadapt)
[...]
Memory Configuration

Name             Origin             Length             Attributes
FLASH            0x08000000         0x00200000         xr
DTCMRAM          0x20000000         0x00020000         xrw
RAM_D1           0x24000000         0x00080000         xrw
RAM_D2           0x30000000         0x00048000         xrw
RAM_D3           0x38000000         0x00010000         xrw
ITCMRAM          0x00000000         0x00010000         xrw
*default*        0x00000000         0xffffffff

Linker script and memory map

LOAD C:/ST/STM32CubeIDE_1.13.1/STM32CubeIDE/plugins/com.st.stm32cube.ide.mcu.externaltools.gnu-tools-for-stm32.12.3.rel1.win32_1.0.100.202403111256/tools/bin/../lib/gcc/arm-none-eabi/12.3.1/thumb/v7e-m+dp/hard/crti.o
LOAD C:/ST/STM32CubeIDE_1.13.1/STM32CubeIDE/plugins/com.st.stm32cube.ide.mcu.externaltools.gnu-tools-for-stm32.12.3.rel1.win32_1.0.100.202403111256/tools/bin/../lib/gcc/arm-none-eabi/12.3.1/thumb/v7e-m+dp/hard/crtbegin.o
LOAD C:/ST/STM32CubeIDE_1.13.1/STM32CubeIDE/plugins/com.st.stm32cube.ide.mcu.externaltools.gnu-tools-for-stm32.12.3.rel1.win32_1.0.100.202403111256/tools/bin/../lib/gcc/arm-none-eabi/12.3.1/../../../../arm-none-eabi/lib/thumb/v7e-m+dp/hard/crt0.o
LOAD ./Core/Src/camera.o
LOAD ./Core/Src/lcd.o
LOAD ./Core/Src/main.o
LOAD ./Core/Src/stm32h7xx_hal_msp.o
LOAD ./Core/Src/stm32h7xx_it.o
LOAD ./Core/Src/sysmem.o
LOAD ./Core/Src/system_stm32h7xx.o
LOAD ./Core/Startup/startup_stm32h743vitx.o
LOAD ./Drivers/STM32H7xx_HAL_Driver/Src/stm32h7xx_hal.o
LOAD ./Drivers/STM32H7xx_HAL_Driver/Src/stm32h7xx_hal_cortex.o
LOAD ./Drivers/STM32H7xx_HAL_Driver/Src/stm32h7xx_hal_crc.o
LOAD ./Drivers/STM32H7xx_HAL_Driver/Src/stm32h7xx_hal_crc_ex.o
LOAD ./Drivers/STM32H7xx_HAL_Driver/Src/stm32h7xx_hal_dcmi.o
LOAD ./Drivers/STM32H7xx_HAL_Driver/Src/stm32h7xx_hal_dma.o
LOAD ./Drivers/STM32H7xx_HAL_Driver/Src/stm32h7xx_hal_dma_ex.o
LOAD ./Drivers/STM32H7xx_HAL_Driver/Src/stm32h7xx_hal_exti.o
LOAD ./Drivers/STM32H7xx_HAL_Driver/Src/stm32h7xx_hal_flash.o
LOAD ./Drivers/STM32H7xx_HAL_Driver/Src/stm32h7xx_hal_flash_ex.o
LOAD ./Drivers/STM32H7xx_HAL_Driver/Src/stm32h7xx_hal_gpio.o
LOAD ./Drivers/STM32H7xx_HAL_Driver/Src/stm32h7xx_hal_hsem.o
LOAD ./Drivers/STM32H7xx_HAL_Driver/Src/stm32h7xx_hal_i2c.o
LOAD ./Drivers/STM32H7xx_HAL_Driver/Src/stm32h7xx_hal_i2c_ex.o
LOAD ./Drivers/STM32H7xx_HAL_Driver/Src/stm32h7xx_hal_mdma.o
LOAD ./Drivers/STM32H7xx_HAL_Driver/Src/stm32h7xx_hal_pwr.o
LOAD ./Drivers/STM32H7xx_HAL_Driver/Src/stm32h7xx_hal_pwr_ex.o
LOAD ./Drivers/STM32H7xx_HAL_Driver/Src/stm32h7xx_hal_rcc.o
LOAD ./Drivers/STM32H7xx_HAL_Driver/Src/stm32h7xx_hal_rcc_ex.o
LOAD ./Drivers/STM32H7xx_HAL_Driver/Src/stm32h7xx_hal_tim.o
LOAD ./Drivers/STM32H7xx_HAL_Driver/Src/stm32h7xx_hal_tim_ex.o
LOAD ./Drivers/STM32H7xx_HAL_Driver/Src/stm32h7xx_hal_uart.o
LOAD ./Drivers/STM32H7xx_HAL_Driver/Src/stm32h7xx_hal_uart_ex.o
LOAD ./X-CUBE-AI/App/app_x-cube-ai.o
LOAD ./X-CUBE-AI/App/network.o
LOAD ./X-CUBE-AI/App/network_data.o
LOAD ./X-CUBE-AI/App/network_data_params.o
LOAD ../Middlewares/ST/AI/Lib\NetworkRuntime810_CM7_GCC.a
START GROUP
LOAD C:/ST/STM32CubeIDE_1.13.1/STM32CubeIDE/plugins/com.st.stm32cube.ide.mcu.externaltools.gnu-tools-for-stm32.12.3.rel1.win32_1.0.100.202403111256/tools/bin/../lib/gcc/arm-none-eabi/12.3.1/../../../../arm-none-eabi/lib/thumb/v7e-m+dp/hard\libc_nano.a
LOAD C:/ST/STM32CubeIDE_1.13.1/STM32CubeIDE/plugins/com.st.stm32cube.ide.mcu.externaltools.gnu-tools-for-stm32.12.3.rel1.win32_1.0.100.202403111256/tools/bin/../lib/gcc/arm-none-eabi/12.3.1/../../../../arm-none-eabi/lib/thumb/v7e-m+dp/hard\libm.a
END GROUP
START GROUP
LOAD C:/ST/STM32CubeIDE_1.13.1/STM32CubeIDE/plugins/com.st.stm32cube.ide.mcu.externaltools.gnu-tools-for-stm32.12.3.rel1.win32_1.0.100.202403111256/tools/bin/../lib/gcc/arm-none-eabi/12.3.1/thumb/v7e-m+dp/hard\libgcc.a
LOAD C:/ST/STM32CubeIDE_1.13.1/STM32CubeIDE/plugins/com.st.stm32cube.ide.mcu.externaltools.gnu-tools-for-stm32.12.3.rel1.win32_1.0.100.202403111256/tools/bin/../lib/gcc/arm-none-eabi/12.3.1/../../../../arm-none-eabi/lib/thumb/v7e-m+dp/hard\libc_nano.a
END GROUP
START GROUP
LOAD C:/ST/STM32CubeIDE_1.13.1/STM32CubeIDE/plugins/com.st.stm32cube.ide.mcu.externaltools.gnu-tools-for-stm32.12.3.rel1.win32_1.0.100.202403111256/tools/bin/../lib/gcc/arm-none-eabi/12.3.1/thumb/v7e-m+dp/hard\libgcc.a
LOAD C:/ST/STM32CubeIDE_1.13.1/STM32CubeIDE/plugins/com.st.stm32cube.ide.mcu.externaltools.gnu-tools-for-stm32.12.3.rel1.win32_1.0.100.202403111256/tools/bin/../lib/gcc/arm-none-eabi/12.3.1/../../../../arm-none-eabi/lib/thumb/v7e-m+dp/hard\libc_nano.a
LOAD C:/ST/STM32CubeIDE_1.13.1/STM32CubeIDE/plugins/com.st.stm32cube.ide.mcu.externaltools.gnu-tools-for-stm32.12.3.rel1.win32_1.0.100.202403111256/tools/bin/../lib/gcc/arm-none-eabi/12.3.1/../../../../arm-none-eabi/lib/thumb/v7e-m+dp/hard\libnosys.a
END GROUP
START GROUP
LOAD C:/ST/STM32CubeIDE_1.13.1/STM32CubeIDE/plugins/com.st.stm32cube.ide.mcu.externaltools.gnu-tools-for-stm32.12.3.rel1.win32_1.0.100.202403111256/tools/bin/../lib/gcc/arm-none-eabi/12.3.1/thumb/v7e-m+dp/hard\libgcc.a
LOAD C:/ST/STM32CubeIDE_1.13.1/STM32CubeIDE/plugins/com.st.stm32cube.ide.mcu.externaltools.gnu-tools-for-stm32.12.3.rel1.win32_1.0.100.202403111256/tools/bin/../lib/gcc/arm-none-eabi/12.3.1/../../../../arm-none-eabi/lib/thumb/v7e-m+dp/hard\libc_nano.a
LOAD C:/ST/STM32CubeIDE_1.13.1/STM32CubeIDE/plugins/com.st.stm32cube.ide.mcu.externaltools.gnu-tools-for-stm32.12.3.rel1.win32_1.0.100.202403111256/tools/bin/../lib/gcc/arm-none-eabi/12.3.1/../../../../arm-none-eabi/lib/thumb/v7e-m+dp/hard\libnosys.a
END GROUP
LOAD C:/ST/STM32CubeIDE_1.13.1/STM32CubeIDE/plugins/com.st.stm32cube.ide.mcu.externaltools.gnu-tools-for-stm32.12.3.rel1.win32_1.0.100.202403111256/tools/bin/../lib/gcc/arm-none-eabi/12.3.1/thumb/v7e-m+dp/hard/crtend.o
LOAD C:/ST/STM32CubeIDE_1.13.1/STM32CubeIDE/plugins/com.st.stm32cube.ide.mcu.externaltools.gnu-tools-for-stm32.12.3.rel1.win32_1.0.100.202403111256/tools/bin/../lib/gcc/arm-none-eabi/12.3.1/thumb/v7e-m+dp/hard/crtn.o
                0x24080000                        _estack = (ORIGIN (RAM_D1) + LENGTH (RAM_D1))
                0x00000800                        _Min_Heap_Size = 0x800
                0x00000800                        _Min_Stack_Size = 0x800

.isr_vector     0x08000000      0x298
                0x08000000                        . = ALIGN (0x4)
 *(.isr_vector)
 .isr_vector    0x08000000      0x298 ./Core/Startup/startup_stm32h743vitx.o
                0x08000000                g_pfnVectors
                0x08000298                        . = ALIGN (0x4)

.text           0x080002a0     0xcb8c
                0x080002a0                        . = ALIGN (0x4)
 *(.text)
 .text          0x080002a0       0x40 C:/ST/STM32CubeIDE_1.13.1/STM32CubeIDE/plugins/com.st.stm32cube.ide.mcu.externaltools.gnu-tools-for-stm32.12.3.rel1.win32_1.0.100.202403111256/tools/bin/../lib/gcc/arm-none-eabi/12.3.1/thumb/v7e-m+dp/hard/crtbegin.o
 .text          0x080002e0       0x10 C:/ST/STM32CubeIDE_1.13.1/STM32CubeIDE/plugins/com.st.stm32cube.ide.mcu.externaltools.gnu-tools-for-stm32.12.3.rel1.win32_1.0.100.202403111256/tools/bin/../lib/gcc/arm-none-eabi/12.3.1/../../../../arm-none-eabi/lib/thumb/v7e-m+dp/hard\libc_nano.a(libc_a-strlen.o)
                0x080002e0                strlen
 .text          0x080002f0       0xa0 C:/ST/STM32CubeIDE_1.13.1/STM32CubeIDE/plugins/com.st.stm32cube.ide.mcu.externaltools.gnu-tools-for-stm32.12.3.rel1.win32_1.0.100.202403111256/tools/bin/../lib/gcc/arm-none-eabi/12.3.1/../../../../arm-none-eabi/lib/thumb/v7e-m+dp/hard\libc_nano.a(libc_a-memchr.o)
                0x080002f0                memchr
 .text          0x08000390       0x30 C:/ST/STM32CubeIDE_1.13.1/STM32CubeIDE/plugins/com.st.stm32cube.ide.mcu.externaltools.gnu-tools-for-stm32.12.3.rel1.win32_1.0.100.202403111256/tools/bin/../lib/gcc/arm-none-eabi/12.3.1/thumb/v7e-m+dp/hard\libgcc.a(_aeabi_uldivmod.o)
                0x08000390                __aeabi_uldivmod
 .text          0x080003c0       0x28 C:/ST/STM32CubeIDE_1.13.1/STM32CubeIDE/plugins/com.st.stm32cube.ide.mcu.externaltools.gnu-tools-for-stm32.12.3.rel1.win32_1.0.100.202403111256/tools/bin/../lib/gcc/arm-none-eabi/12.3.1/thumb/v7e-m+dp/hard\libgcc.a(_fixsfdi.o)
                0x080003c0                __fixsfdi
                0x080003c0                __aeabi_f2lz
 .text          0x080003e8       0x40 C:/ST/STM32CubeIDE_1.13.1/STM32CubeIDE/plugins/com.st.stm32cube.ide.mcu.externaltools.gnu-tools-for-stm32.12.3.rel1.win32_1.0.100.202403111256/tools/bin/../lib/gcc/arm-none-eabi/12.3.1/thumb/v7e-m+dp/hard\libgcc.a(_fixunssfdi.o)
                0x080003e8                __fixunssfdi
                0x080003e8                __aeabi_f2ulz
 .text          0x08000428      0x2bc C:/ST/STM32CubeIDE_1.13.1/STM32CubeIDE/plugins/com.st.stm32cube.ide.mcu.externaltools.gnu-tools-for-stm32.12.3.rel1.win32_1.0.100.202403111256/tools/bin/../lib/gcc/arm-none-eabi/12.3.1/thumb/v7e-m+dp/hard\libgcc.a(_udivmoddi4.o)
                0x08000428                __udivmoddi4
 .text          0x080006e4        0x4 C:/ST/STM32CubeIDE_1.13.1/STM32CubeIDE/plugins/com.st.stm32cube.ide.mcu.externaltools.gnu-tools-for-stm32.12.3.rel1.win32_1.0.100.202403111256/tools/bin/../lib/gcc/arm-none-eabi/12.3.1/thumb/v7e-m+dp/hard\libgcc.a(_dvmd_tls.o)
                0x080006e4                __aeabi_idiv0
                0x080006e4                __aeabi_ldiv0
 *(.text*)
 .text.ov7670_write
                0x080006e8       0x64 ./Core/Src/camera.o
                0x080006e8                ov7670_write
 .text.ov7670_read
                0x0800074c       0xa4 ./Core/Src/camera.o
                0x0800074c                ov7670_read
 .text.ov7670_init
                0x080007f0       0x7c ./Core/Src/camera.o
                0x080007f0                ov7670_init
 .text.ov7670_stopCap
                0x0800086c       0x1c ./Core/Src/camera.o
                0x0800086c                ov7670_stopCap
 .text.ov7670_startCap
                0x08000888       0x58 ./Core/Src/camera.o
                0x08000888                ov7670_startCap
 .text.HAL_DCMI_FrameEventCallback
                0x080008e0       0x1c ./Core/Src/camera.o
                0x080008e0                HAL_DCMI_FrameEventCallback
 .text.lcd_send_cmd
                0x080008fc       0x4c ./Core/Src/lcd.o
                0x080008fc                lcd_send_cmd
 .text.lcd_send_data
                0x08000948       0x4c ./Core/Src/lcd.o
                0x08000948                lcd_send_data
 .text.lcd_send_string
                0x08000994       0x1a ./Core/Src/lcd.o
                0x08000994                lcd_send_string
 *fill*         0x080009ae        0x2 
 .text.lcd_init
                0x080009b0       0x8c ./Core/Src/lcd.o
                0x080009b0                lcd_init
 .text.lcd_clear
                0x08000a3c       0x2c ./Core/Src/lcd.o
                0x08000a3c                lcd_clear
 .text.SystemClock_Config
                0x08000a68       0xa4 ./Core/Src/main.o
                0x08000a68                SystemClock_Config
 .text.startup.main
                0x08000b0c      0x448 ./Core/Src/main.o
                0x08000b0c                main
 .text.Error_Handler
                0x08000f54        0x4 ./Core/Src/main.o
                0x08000f54                Error_Handler
 .text.HAL_MspInit
                0x08000f58       0x24 ./Core/Src/stm32h7xx_hal_msp.o
                0x08000f58                HAL_MspInit
 .text.HAL_CRC_MspInit
                0x08000f7c       0x30 ./Core/Src/stm32h7xx_hal_msp.o
                0x08000f7c                HAL_CRC_MspInit
 .text.HAL_DCMI_MspInit
                0x08000fac      0x18c ./Core/Src/stm32h7xx_hal_msp.o
                0x08000fac                HAL_DCMI_MspInit
 .text.HAL_I2C_MspInit
                0x08001138      0x108 ./Core/Src/stm32h7xx_hal_msp.o
                0x08001138                HAL_I2C_MspInit
 .text.HAL_UART_MspInit
                0x08001240       0x94 ./Core/Src/stm32h7xx_hal_msp.o
                0x08001240                HAL_UART_MspInit
 .text.NMI_Handler
                0x080012d4        0x2 ./Core/Src/stm32h7xx_it.o
                0x080012d4                NMI_Handler
 .text.HardFault_Handler
                0x080012d6        0x2 ./Core/Src/stm32h7xx_it.o
                0x080012d6                HardFault_Handler
 .text.MemManage_Handler
                0x080012d8        0x2 ./Core/Src/stm32h7xx_it.o
                0x080012d8                MemManage_Handler
 .text.BusFault_Handler
                0x080012da        0x2 ./Core/Src/stm32h7xx_it.o
                0x080012da                BusFault_Handler
 .text.UsageFault_Handler
                0x080012dc        0x2 ./Core/Src/stm32h7xx_it.o
                0x080012dc                UsageFault_Handler
 .text.SVC_Handler
                0x080012de        0x2 ./Core/Src/stm32h7xx_it.o
                0x080012de                SVC_Handler
 .text.DebugMon_Handler
                0x080012e0        0x2 ./Core/Src/stm32h7xx_it.o
                0x080012e0                DebugMon_Handler
 .text.PendSV_Handler
                0x080012e2        0x2 ./Core/Src/stm32h7xx_it.o
                0x080012e2                PendSV_Handler
 .text.SysTick_Handler
                0x080012e4        0x4 ./Core/Src/stm32h7xx_it.o
                0x080012e4                SysTick_Handler
 .text.DMA1_Stream0_IRQHandler
                0x080012e8        0xc ./Core/Src/stm32h7xx_it.o
                0x080012e8                DMA1_Stream0_IRQHandler
 .text.DCMI_IRQHandler
                0x080012f4        0xc ./Core/Src/stm32h7xx_it.o
                0x080012f4                DCMI_IRQHandler
 .text._sbrk    0x08001300       0x40 ./Core/Src/sysmem.o
                0x08001300                _sbrk
 .text.SystemInit
                0x08001340       0xc0 ./Core/Src/system_stm32h7xx.o
                0x08001340                SystemInit
 .text.Reset_Handler
                0x08001400       0x50 ./Core/Startup/startup_stm32h743vitx.o
                0x08001400                Reset_Handler
 .text.Default_Handler
                0x08001450        0x2 ./Core/Startup/startup_stm32h743vitx.o
                0x08001450                RTC_Alarm_IRQHandler
                0x08001450                EXTI2_IRQHandler
                0x08001450                TIM8_CC_IRQHandler
                0x08001450                HRTIM1_Master_IRQHandler
                0x08001450                UART8_IRQHandler
                0x08001450                SPI4_IRQHandler
                0x08001450                TIM1_CC_IRQHandler
                0x08001450                BDMA_Channel6_IRQHandler
                0x08001450                DMA2_Stream5_IRQHandler
                0x08001450                HRTIM1_FLT_IRQHandler
                0x08001450                JPEG_IRQHandler
                0x08001450                DMA1_Stream5_IRQHandler
                0x08001450                BDMA_Channel1_IRQHandler
                0x08001450                HRTIM1_TIMD_IRQHandler
                0x08001450                TAMP_STAMP_IRQHandler
                0x08001450                EXTI3_IRQHandler
                0x08001450                LPTIM4_IRQHandler
                0x08001450                TIM8_TRG_COM_TIM14_IRQHandler
                0x08001450                LPTIM2_IRQHandler
                0x08001450                DFSDM1_FLT1_IRQHandler
                0x08001450                DMAMUX2_OVR_IRQHandler
                0x08001450                TIM8_UP_TIM13_IRQHandler
                0x08001450                I2C3_ER_IRQHandler
                0x08001450                DFSDM1_FLT2_IRQHandler
                0x08001450                MDMA_IRQHandler
                0x08001450                LPTIM3_IRQHandler
                0x08001450                HSEM1_IRQHandler
                0x08001450                EXTI0_IRQHandler
                0x08001450                I2C2_EV_IRQHandler
                0x08001450                DMA1_Stream2_IRQHandler
                0x08001450                FPU_IRQHandler
                0x08001450                OTG_HS_WKUP_IRQHandler
                0x08001450                FDCAN1_IT1_IRQHandler
                0x08001450                LTDC_ER_IRQHandler
                0x08001450                DMA2_Stream2_IRQHandler
                0x08001450                HRTIM1_TIME_IRQHandler
                0x08001450                SPI1_IRQHandler
                0x08001450                TIM6_DAC_IRQHandler
                0x08001450                HRTIM1_TIMC_IRQHandler
                0x08001450                DMA2_Stream3_IRQHandler
                0x08001450                SAI2_IRQHandler
                0x08001450                DFSDM1_FLT3_IRQHandler
                0x08001450                USART6_IRQHandler
                0x08001450                TIM17_IRQHandler
                0x08001450                USART3_IRQHandler
                0x08001450                BDMA_Channel7_IRQHandler
                0x08001450                LPTIM5_IRQHandler
                0x08001450                UART5_IRQHandler
                0x08001450                ADC3_IRQHandler
                0x08001450                DMA2_Stream0_IRQHandler
                0x08001450                TIM4_IRQHandler
                0x08001450                BDMA_Channel2_IRQHandler
                0x08001450                QUADSPI_IRQHandler
                0x08001450                I2C1_EV_IRQHandler
                0x08001450                DMA1_Stream6_IRQHandler
                0x08001450                DMAMUX1_OVR_IRQHandler
                0x08001450                DMA1_Stream1_IRQHandler
                0x08001450                TIM16_IRQHandler
                0x08001450                UART4_IRQHandler
                0x08001450                BDMA_Channel5_IRQHandler
                0x08001450                TIM3_IRQHandler
                0x08001450                RCC_IRQHandler
                0x08001450                TIM8_BRK_TIM12_IRQHandler
                0x08001450                TIM1_TRG_COM_IRQHandler
                0x08001450                Default_Handler
                0x08001450                ECC_IRQHandler
                0x08001450                CEC_IRQHandler
                0x08001450                EXTI15_10_IRQHandler
                0x08001450                BDMA_Channel0_IRQHandler
                0x08001450                ADC_IRQHandler
                0x08001450                DMA1_Stream7_IRQHandler
                0x08001450                HRTIM1_TIMA_IRQHandler
                0x08001450                SPI5_IRQHandler
                0x08001450                TIM7_IRQHandler
                0x08001450                SDMMC1_IRQHandler
                0x08001450                TIM5_IRQHandler
                0x08001450                DMA2_Stream7_IRQHandler
                0x08001450                TIM15_IRQHandler
                0x08001450                PVD_AVD_IRQHandler
                0x08001450                I2C3_EV_IRQHandler
                0x08001450                EXTI9_5_IRQHandler
                0x08001450                RTC_WKUP_IRQHandler
                0x08001450                LTDC_IRQHandler
                0x08001450                SAI3_IRQHandler
                0x08001450                ETH_WKUP_IRQHandler
                0x08001450                SPDIF_RX_IRQHandler
                0x08001450                SPI2_IRQHandler
                0x08001450                OTG_HS_EP1_IN_IRQHandler
                0x08001450                CRS_IRQHandler
                0x08001450                EXTI4_IRQHandler
                0x08001450                RNG_IRQHandler
                0x08001450                HRTIM1_TIMB_IRQHandler
                0x08001450                FDCAN2_IT1_IRQHandler
                0x08001450                ETH_IRQHandler
                0x08001450                TIM1_UP_IRQHandler
                0x08001450                BDMA_Channel4_IRQHandler
                0x08001450                OTG_HS_EP1_OUT_IRQHandler
                0x08001450                WWDG_IRQHandler
                0x08001450                SPI6_IRQHandler
                0x08001450                MDIOS_IRQHandler
                0x08001450                I2C4_EV_IRQHandler
                0x08001450                FDCAN2_IT0_IRQHandler
                0x08001450                LPUART1_IRQHandler
                0x08001450                FDCAN1_IT0_IRQHandler
                0x08001450                TIM2_IRQHandler
                0x08001450                OTG_FS_WKUP_IRQHandler
                0x08001450                OTG_HS_IRQHandler
                0x08001450                DMA2D_IRQHandler
                0x08001450                TIM1_BRK_IRQHandler
                0x08001450                EXTI1_IRQHandler
                0x08001450                SDMMC2_IRQHandler
                0x08001450                OTG_FS_EP1_OUT_IRQHandler
                0x08001450                BDMA_Channel3_IRQHandler
                0x08001450                UART7_IRQHandler
                0x08001450                MDIOS_WKUP_IRQHandler
                0x08001450                USART2_IRQHandler
                0x08001450                DFSDM1_FLT0_IRQHandler
                0x08001450                SAI4_IRQHandler
                0x08001450                I2C2_ER_IRQHandler
                0x08001450                DMA2_Stream1_IRQHandler
                0x08001450                FLASH_IRQHandler
                0x08001450                DMA2_Stream4_IRQHandler
                0x08001450                USART1_IRQHandler
                0x08001450                OTG_FS_IRQHandler
                0x08001450                SPI3_IRQHandler
                0x08001450                WAKEUP_PIN_IRQHandler
                0x08001450                DMA1_Stream4_IRQHandler
                0x08001450                OTG_FS_EP1_IN_IRQHandler
                0x08001450                I2C1_ER_IRQHandler
                0x08001450                FMC_IRQHandler
                0x08001450                FDCAN_CAL_IRQHandler
                0x08001450                SWPMI1_IRQHandler
                0x08001450                COMP1_IRQHandler
                0x08001450                LPTIM1_IRQHandler
                0x08001450                I2C4_ER_IRQHandler
                0x08001450                DMA2_Stream6_IRQHandler
                0x08001450                SAI1_IRQHandler
                0x08001450                DMA1_Stream3_IRQHandler
 *fill*         0x08001452        0x2 
 .text.HAL_InitTick
                0x08001454       0x4c ./Drivers/STM32H7xx_HAL_Driver/Src/stm32h7xx_hal.o
                0x08001454                HAL_InitTick
 .text.HAL_Init
                0x080014a0       0x5c ./Drivers/STM32H7xx_HAL_Driver/Src/stm32h7xx_hal.o
                0x080014a0                HAL_Init
 .text.HAL_IncTick
                0x080014fc       0x18 ./Drivers/STM32H7xx_HAL_Driver/Src/stm32h7xx_hal.o
                0x080014fc                HAL_IncTick
 .text.HAL_GetTick
                0x08001514        0xc ./Drivers/STM32H7xx_HAL_Driver/Src/stm32h7xx_hal.o
                0x08001514                HAL_GetTick
 .text.HAL_Delay
                0x08001520       0x24 ./Drivers/STM32H7xx_HAL_Driver/Src/stm32h7xx_hal.o
                0x08001520                HAL_Delay
 .text.HAL_GetREVID
                0x08001544        0xc ./Drivers/STM32H7xx_HAL_Driver/Src/stm32h7xx_hal.o
                0x08001544                HAL_GetREVID
 .text.HAL_NVIC_SetPriorityGrouping
                0x08001550       0x24 ./Drivers/STM32H7xx_HAL_Driver/Src/stm32h7xx_hal_cortex.o
                0x08001550                HAL_NVIC_SetPriorityGrouping
 .text.HAL_NVIC_SetPriority
                0x08001574       0x64 ./Drivers/STM32H7xx_HAL_Driver/Src/stm32h7xx_hal_cortex.o
                0x08001574                HAL_NVIC_SetPriority
 .text.HAL_NVIC_EnableIRQ
                0x080015d8       0x1c ./Drivers/STM32H7xx_HAL_Driver/Src/stm32h7xx_hal_cortex.o
                0x080015d8                HAL_NVIC_EnableIRQ
 .text.HAL_SYSTICK_Config
                0x080015f4       0x28 ./Drivers/STM32H7xx_HAL_Driver/Src/stm32h7xx_hal_cortex.o
                0x080015f4                HAL_SYSTICK_Config
 .text.HAL_CRC_Init
                0x0800161c       0x74 ./Drivers/STM32H7xx_HAL_Driver/Src/stm32h7xx_hal_crc.o
                0x0800161c                HAL_CRC_Init
 .text.HAL_CRCEx_Polynomial_Set
                0x08001690       0x4e ./Drivers/STM32H7xx_HAL_Driver/Src/stm32h7xx_hal_crc_ex.o
                0x08001690                HAL_CRCEx_Polynomial_Set
 .text.DCMI_DMAXferCplt
                0x080016de       0x7c ./Drivers/STM32H7xx_HAL_Driver/Src/stm32h7xx_hal_dcmi.o
 *fill*         0x0800175a        0x2 
 .text.HAL_DCMI_Init
                0x0800175c       0x90 ./Drivers/STM32H7xx_HAL_Driver/Src/stm32h7xx_hal_dcmi.o
                0x0800175c                HAL_DCMI_Init
 .text.HAL_DCMI_Start_DMA
                0x080017ec       0xd8 ./Drivers/STM32H7xx_HAL_Driver/Src/stm32h7xx_hal_dcmi.o
                0x080017ec                HAL_DCMI_Start_DMA
 .text.HAL_DCMI_Stop
                0x080018c4       0x74 ./Drivers/STM32H7xx_HAL_Driver/Src/stm32h7xx_hal_dcmi.o
                0x080018c4                HAL_DCMI_Stop
 .text.HAL_DCMI_ErrorCallback
                0x08001938        0x2 ./Drivers/STM32H7xx_HAL_Driver/Src/stm32h7xx_hal_dcmi.o
                0x08001938                HAL_DCMI_ErrorCallback
 .text.DCMI_DMAError
                0x0800193a       0x20 ./Drivers/STM32H7xx_HAL_Driver/Src/stm32h7xx_hal_dcmi.o
 .text.HAL_DCMI_LineEventCallback
                0x0800195a        0x2 ./Drivers/STM32H7xx_HAL_Driver/Src/stm32h7xx_hal_dcmi.o
                0x0800195a                HAL_DCMI_LineEventCallback
 .text.HAL_DCMI_VsyncEventCallback
                0x0800195c        0x2 ./Drivers/STM32H7xx_HAL_Driver/Src/stm32h7xx_hal_dcmi.o
                0x0800195c                HAL_DCMI_VsyncEventCallback
 *fill*         0x0800195e        0x2 
 .text.HAL_DCMI_IRQHandler
                0x08001960       0x94 ./Drivers/STM32H7xx_HAL_Driver/Src/stm32h7xx_hal_dcmi.o
                0x08001960                HAL_DCMI_IRQHandler
 .text.DMA_SetConfig
                0x080019f4      0x184 ./Drivers/STM32H7xx_HAL_Driver/Src/stm32h7xx_hal_dma.o
 .text.DMA_CalcBaseAndBitshift
                0x08001b78       0x9c ./Drivers/STM32H7xx_HAL_Driver/Src/stm32h7xx_hal_dma.o
 .text.DMA_CalcDMAMUXChannelBaseAndMask
                0x08001c14       0x98 ./Drivers/STM32H7xx_HAL_Driver/Src/stm32h7xx_hal_dma.o
 .text.DMA_CalcDMAMUXRequestGenBaseAndMask
                0x08001cac       0x70 ./Drivers/STM32H7xx_HAL_Driver/Src/stm32h7xx_hal_dma.o
 .text.HAL_DMA_Init
                0x08001d1c      0x380 ./Drivers/STM32H7xx_HAL_Driver/Src/stm32h7xx_hal_dma.o
                0x08001d1c                HAL_DMA_Init
 .text.HAL_DMA_Start_IT
                0x0800209c      0x234 ./Drivers/STM32H7xx_HAL_Driver/Src/stm32h7xx_hal_dma.o
                0x0800209c                HAL_DMA_Start_IT
 .text.HAL_DMA_Abort
                0x080022d0      0x34c ./Drivers/STM32H7xx_HAL_Driver/Src/stm32h7xx_hal_dma.o
                0x080022d0                HAL_DMA_Abort
 .text.HAL_DMA_Abort_IT
                0x0800261c      0x120 ./Drivers/STM32H7xx_HAL_Driver/Src/stm32h7xx_hal_dma.o
                0x0800261c                HAL_DMA_Abort_IT
 .text.HAL_DMA_IRQHandler
                0x0800273c      0x548 ./Drivers/STM32H7xx_HAL_Driver/Src/stm32h7xx_hal_dma.o
                0x0800273c                HAL_DMA_IRQHandler
 .text.DMA_MultiBufferSetConfig
                0x08002c84       0x60 ./Drivers/STM32H7xx_HAL_Driver/Src/stm32h7xx_hal_dma_ex.o
 .text.HAL_DMAEx_MultiBufferStart_IT
                0x08002ce4      0x3c0 ./Drivers/STM32H7xx_HAL_Driver/Src/stm32h7xx_hal_dma_ex.o
                0x08002ce4                HAL_DMAEx_MultiBufferStart_IT
 .text.HAL_DMAEx_ChangeMemory
                0x080030a4       0x58 ./Drivers/STM32H7xx_HAL_Driver/Src/stm32h7xx_hal_dma_ex.o
                0x080030a4                HAL_DMAEx_ChangeMemory
 .text.HAL_GPIO_Init
                0x080030fc      0x1d0 ./Drivers/STM32H7xx_HAL_Driver/Src/stm32h7xx_hal_gpio.o
                0x080030fc                HAL_GPIO_Init
 .text.HAL_GPIO_WritePin
                0x080032cc        0xa ./Drivers/STM32H7xx_HAL_Driver/Src/stm32h7xx_hal_gpio.o
                0x080032cc                HAL_GPIO_WritePin
 .text.I2C_Flush_TXDR
                0x080032d6       0x1c ./Drivers/STM32H7xx_HAL_Driver/Src/stm32h7xx_hal_i2c.o
 *fill*         0x080032f2        0x2 
 .text.I2C_TransferConfig
                0x080032f4       0x2c ./Drivers/STM32H7xx_HAL_Driver/Src/stm32h7xx_hal_i2c.o
 .text.I2C_IsErrorOccurred
                0x08003320      0x100 ./Drivers/STM32H7xx_HAL_Driver/Src/stm32h7xx_hal_i2c.o
 .text.I2C_WaitOnTXISFlagUntilTimeout
                0x08003420       0x56 ./Drivers/STM32H7xx_HAL_Driver/Src/stm32h7xx_hal_i2c.o
 .text.I2C_WaitOnFlagUntilTimeout
                0x08003476       0x76 ./Drivers/STM32H7xx_HAL_Driver/Src/stm32h7xx_hal_i2c.o
 .text.I2C_WaitOnSTOPFlagUntilTimeout
                0x080034ec       0x52 ./Drivers/STM32H7xx_HAL_Driver/Src/stm32h7xx_hal_i2c.o
 *fill*         0x0800353e        0x2 
 .text.I2C_WaitOnRXNEFlagUntilTimeout
                0x08003540       0xa4 ./Drivers/STM32H7xx_HAL_Driver/Src/stm32h7xx_hal_i2c.o
 .text.HAL_I2C_Init
                0x080035e4       0xaa ./Drivers/STM32H7xx_HAL_Driver/Src/stm32h7xx_hal_i2c.o
                0x080035e4                HAL_I2C_Init
 *fill*         0x0800368e        0x2 
 .text.HAL_I2C_Master_Transmit
                0x08003690      0x158 ./Drivers/STM32H7xx_HAL_Driver/Src/stm32h7xx_hal_i2c.o
                0x08003690                HAL_I2C_Master_Transmit
 .text.HAL_I2C_Master_Receive
                0x080037e8      0x130 ./Drivers/STM32H7xx_HAL_Driver/Src/stm32h7xx_hal_i2c.o
                0x080037e8                HAL_I2C_Master_Receive
 .text.HAL_I2CEx_ConfigAnalogFilter
                0x08003918       0x4c ./Drivers/STM32H7xx_HAL_Driver/Src/stm32h7xx_hal_i2c_ex.o
                0x08003918                HAL_I2CEx_ConfigAnalogFilter
 .text.HAL_I2CEx_ConfigDigitalFilter
                0x08003964       0x4a ./Drivers/STM32H7xx_HAL_Driver/Src/stm32h7xx_hal_i2c_ex.o
                0x08003964                HAL_I2CEx_ConfigDigitalFilter
 *fill*         0x080039ae        0x2 
 .text.HAL_PWREx_ConfigSupply
                0x080039b0       0x48 ./Drivers/STM32H7xx_HAL_Driver/Src/stm32h7xx_hal_pwr_ex.o
                0x080039b0                HAL_PWREx_ConfigSupply
 .text.HAL_RCC_OscConfig
                0x080039f8      0x558 ./Drivers/STM32H7xx_HAL_Driver/Src/stm32h7xx_hal_rcc.o
                0x080039f8                HAL_RCC_OscConfig
 .text.HAL_RCC_MCOConfig
                0x08003f50       0x9c ./Drivers/STM32H7xx_HAL_Driver/Src/stm32h7xx_hal_rcc.o
                0x08003f50                HAL_RCC_MCOConfig
 .text.HAL_RCC_GetSysClockFreq
                0x08003fec      0x144 ./Drivers/STM32H7xx_HAL_Driver/Src/stm32h7xx_hal_rcc.o
                0x08003fec                HAL_RCC_GetSysClockFreq
 .text.HAL_RCC_ClockConfig
                0x08004130      0x24c ./Drivers/STM32H7xx_HAL_Driver/Src/stm32h7xx_hal_rcc.o
                0x08004130                HAL_RCC_ClockConfig
 .text.HAL_RCC_GetHCLKFreq
                0x0800437c       0x44 ./Drivers/STM32H7xx_HAL_Driver/Src/stm32h7xx_hal_rcc.o
                0x0800437c                HAL_RCC_GetHCLKFreq
 .text.HAL_RCC_GetPCLK1Freq
                0x080043c0       0x24 ./Drivers/STM32H7xx_HAL_Driver/Src/stm32h7xx_hal_rcc.o
                0x080043c0                HAL_RCC_GetPCLK1Freq
 .text.HAL_RCC_GetPCLK2Freq
                0x080043e4       0x24 ./Drivers/STM32H7xx_HAL_Driver/Src/stm32h7xx_hal_rcc.o
                0x080043e4                HAL_RCC_GetPCLK2Freq
 .text.RCCEx_PLL2_Config
                0x08004408       0xf0 ./Drivers/STM32H7xx_HAL_Driver/Src/stm32h7xx_hal_rcc_ex.o
 .text.RCCEx_PLL3_Config
                0x080044f8       0xf0 ./Drivers/STM32H7xx_HAL_Driver/Src/stm32h7xx_hal_rcc_ex.o
 .text.HAL_RCCEx_PeriphCLKConfig
                0x080045e8      0x9d0 ./Drivers/STM32H7xx_HAL_Driver/Src/stm32h7xx_hal_rcc_ex.o
                0x080045e8                HAL_RCCEx_PeriphCLKConfig
 .text.HAL_RCCEx_GetD3PCLK1Freq
                0x08004fb8       0x24 ./Drivers/STM32H7xx_HAL_Driver/Src/stm32h7xx_hal_rcc_ex.o
                0x08004fb8                HAL_RCCEx_GetD3PCLK1Freq
 .text.HAL_RCCEx_GetPLL2ClockFreq
                0x08004fdc      0x154 ./Drivers/STM32H7xx_HAL_Driver/Src/stm32h7xx_hal_rcc_ex.o
                0x08004fdc                HAL_RCCEx_GetPLL2ClockFreq
 .text.HAL_RCCEx_GetPLL3ClockFreq
                0x08005130      0x154 ./Drivers/STM32H7xx_HAL_Driver/Src/stm32h7xx_hal_rcc_ex.o
                0x08005130                HAL_RCCEx_GetPLL3ClockFreq
 .text.UART_EndRxTransfer
                0x08005284       0x58 ./Drivers/STM32H7xx_HAL_Driver/Src/stm32h7xx_hal_uart.o
 .text.UART_SetConfig
                0x080052dc      0x32c ./Drivers/STM32H7xx_HAL_Driver/Src/stm32h7xx_hal_uart.o
                0x080052dc                UART_SetConfig
 .text.UART_AdvFeatureConfig
                0x08005608       0xaa ./Drivers/STM32H7xx_HAL_Driver/Src/stm32h7xx_hal_uart.o
                0x08005608                UART_AdvFeatureConfig
 .text.UART_WaitOnFlagUntilTimeout
                0x080056b2       0x90 ./Drivers/STM32H7xx_HAL_Driver/Src/stm32h7xx_hal_uart.o
                0x080056b2                UART_WaitOnFlagUntilTimeout
 .text.HAL_UART_Transmit
                0x08005742       0xaa ./Drivers/STM32H7xx_HAL_Driver/Src/stm32h7xx_hal_uart.o
                0x08005742                HAL_UART_Transmit
 .text.UART_CheckIdleState
                0x080057ec       0xb6 ./Drivers/STM32H7xx_HAL_Driver/Src/stm32h7xx_hal_uart.o
                0x080057ec                UART_CheckIdleState
 .text.HAL_UART_Init
                0x080058a2       0x60 ./Drivers/STM32H7xx_HAL_Driver/Src/stm32h7xx_hal_uart.o
                0x080058a2                HAL_UART_Init
 *fill*         0x08005902        0x2 
 .text.UARTEx_SetNbDataToProcess
                0x08005904       0x44 ./Drivers/STM32H7xx_HAL_Driver/Src/stm32h7xx_hal_uart_ex.o
 .text.HAL_UARTEx_DisableFifoMode
                0x08005948       0x36 ./Drivers/STM32H7xx_HAL_Driver/Src/stm32h7xx_hal_uart_ex.o
                0x08005948                HAL_UARTEx_DisableFifoMode
 .text.HAL_UARTEx_SetTxFifoThreshold
                0x0800597e       0x40 ./Drivers/STM32H7xx_HAL_Driver/Src/stm32h7xx_hal_uart_ex.o
                0x0800597e                HAL_UARTEx_SetTxFifoThreshold
 .text.HAL_UARTEx_SetRxFifoThreshold
                0x080059be       0x40 ./Drivers/STM32H7xx_HAL_Driver/Src/stm32h7xx_hal_uart_ex.o
                0x080059be                HAL_UARTEx_SetRxFifoThreshold
 *fill*         0x080059fe        0x2 
 .text.MX_X_CUBE_AI_Init
                0x08005a00       0x74 ./X-CUBE-AI/App/app_x-cube-ai.o
                0x08005a00                MX_X_CUBE_AI_Init
 .text.MX_X_CUBE_AI_Process
                0x08005a74       0x60 ./X-CUBE-AI/App/app_x-cube-ai.o
                0x08005a74                MX_X_CUBE_AI_Process
 .text.ai_network_get_error
                0x08005ad4        0x4 ./X-CUBE-AI/App/network.o
                0x08005ad4                ai_network_get_error
 .text.ai_network_create
                0x08005ad8       0x1c ./X-CUBE-AI/App/network.o
                0x08005ad8                ai_network_create
 .text.ai_network_inputs_get
                0x08005af4       0x14 ./X-CUBE-AI/App/network.o
                0x08005af4                ai_network_inputs_get
 .text.ai_network_outputs_get
                0x08005b08       0x14 ./X-CUBE-AI/App/network.o
                0x08005b08                ai_network_outputs_get
 .text.ai_network_init
                0x08005b1c      0x1e4 ./X-CUBE-AI/App/network.o
                0x08005b1c                ai_network_init
 .text.ai_network_create_and_init
                0x08005d00       0x8e ./X-CUBE-AI/App/network.o
                0x08005d00                ai_network_create_and_init
 .text.ai_network_run
                0x08005d8e        0x4 ./X-CUBE-AI/App/network.o
                0x08005d8e                ai_network_run
 *fill*         0x08005d92        0x2 
 .text.ai_network_data_params_get
                0x08005d94       0x30 ./X-CUBE-AI/App/network_data.o
                0x08005d94                ai_network_data_params_get
 .text.ai_buffer_get_size
                0x08005dc4       0x68 ../Middlewares/ST/AI/Lib\NetworkRuntime810_CM7_GCC.a(ai_platform.o)
                0x08005dc4                ai_buffer_get_size
 .text.ai_buffer_array_sane
                0x08005e2c       0x14 ../Middlewares/ST/AI/Lib\NetworkRuntime810_CM7_GCC.a(ai_platform.o)
                0x08005e2c                ai_buffer_array_sane
 .text.ai_buffer_array_item_set_address
                0x08005e40       0x20 ../Middlewares/ST/AI/Lib\NetworkRuntime810_CM7_GCC.a(ai_platform.o)
                0x08005e40                ai_buffer_array_item_set_address
 .text._ai_platform_acquire_crc
                0x08005e60        0x4 ../Middlewares/ST/AI/Lib\NetworkRuntime810_CM7_GCC.a(ai_platform_interface.o)
                0x08005e60                _ai_platform_acquire_crc
 .text._ai_platform_release_crc
                0x08005e64        0x4 ../Middlewares/ST/AI/Lib\NetworkRuntime810_CM7_GCC.a(ai_platform_interface.o)
                0x08005e64                _ai_platform_release_crc
 .text.ai_platform_get_weights_map
                0x08005e68       0xb0 ../Middlewares/ST/AI/Lib\NetworkRuntime810_CM7_GCC.a(ai_platform_interface.o)
                0x08005e68                ai_platform_get_weights_map
 .text.ai_platform_get_activations_map
                0x08005f18       0xb0 ../Middlewares/ST/AI/Lib\NetworkRuntime810_CM7_GCC.a(ai_platform_interface.o)
                0x08005f18                ai_platform_get_activations_map
 .text.ai_platform_bind_network_params
                0x08005fc8       0x34 ../Middlewares/ST/AI/Lib\NetworkRuntime810_CM7_GCC.a(ai_platform_interface.o)
                0x08005fc8                ai_platform_bind_network_params
 .text.ai_platform_network_get_error
                0x08005ffc      0x218 ../Middlewares/ST/AI/Lib\NetworkRuntime810_CM7_GCC.a(ai_platform_interface.o)
                0x08005ffc                ai_platform_network_get_error
 .text.ai_platform_network_set_error
                0x08006214        0xc ../Middlewares/ST/AI/Lib\NetworkRuntime810_CM7_GCC.a(ai_platform_interface.o)
                0x08006214                ai_platform_network_set_error
 .text.ai_platform_inputs_get
                0x08006220      0x318 ../Middlewares/ST/AI/Lib\NetworkRuntime810_CM7_GCC.a(ai_platform_interface.o)
                0x08006220                ai_platform_inputs_get
 .text.ai_platform_outputs_get
                0x08006538      0x310 ../Middlewares/ST/AI/Lib\NetworkRuntime810_CM7_GCC.a(ai_platform_interface.o)
                0x08006538                ai_platform_outputs_get
 .text.ai_platform_network_create
                0x08006848      0x3b4 ../Middlewares/ST/AI/Lib\NetworkRuntime810_CM7_GCC.a(ai_platform_interface.o)
                0x08006848                ai_platform_network_create
 .text.ai_platform_network_init
                0x08006bfc      0x338 ../Middlewares/ST/AI/Lib\NetworkRuntime810_CM7_GCC.a(ai_platform_interface.o)
                0x08006bfc                ai_platform_network_init
 .text.ai_platform_network_post_init
                0x08006f34      0x254 ../Middlewares/ST/AI/Lib\NetworkRuntime810_CM7_GCC.a(ai_platform_interface.o)
                0x08006f34                ai_platform_network_post_init
 .text.ai_platform_network_process
                0x08007188      0x5b8 ../Middlewares/ST/AI/Lib\NetworkRuntime810_CM7_GCC.a(ai_platform_interface.o)
                0x08007188                ai_platform_network_process
 .text.core_init
                0x08007740        0x4 ../Middlewares/ST/AI/Lib\NetworkRuntime810_CM7_GCC.a(core_common.o)
                0x08007740                core_init
 .text.core_get_error
                0x08007744        0xc ../Middlewares/ST/AI/Lib\NetworkRuntime810_CM7_GCC.a(core_common.o)
                0x08007744                core_get_error
 .text.core_set_error
                0x08007750       0x18 ../Middlewares/ST/AI/Lib\NetworkRuntime810_CM7_GCC.a(core_common.o)
                0x08007750                core_set_error
 .text.node_convert
                0x08007768      0x2a0 ../Middlewares/ST/AI/Lib\NetworkRuntime810_CM7_GCC.a(core_convert.o)
                0x08007768                node_convert
 .text.ai_check_custom_types
                0x08007a08       0x50 ../Middlewares/ST/AI/Lib\NetworkRuntime810_CM7_GCC.a(layers.o)
                0x08007a08                ai_check_custom_types
 .text.ai_layers_init_all
                0x08007a58       0x1c ../Middlewares/ST/AI/Lib\NetworkRuntime810_CM7_GCC.a(layers.o)
                0x08007a58                ai_layers_init_all
 .text.ai_layers_post_init_all
                0x08007a74       0x28 ../Middlewares/ST/AI/Lib\NetworkRuntime810_CM7_GCC.a(layers.o)
                0x08007a74                ai_layers_post_init_all
 .text.ai_layers_forward_all
                0x08007a9c       0x90 ../Middlewares/ST/AI/Lib\NetworkRuntime810_CM7_GCC.a(layers.o)
                0x08007a9c                ai_layers_forward_all
 .text.func_dummy
                0x08007b2c        0x4 ../Middlewares/ST/AI/Lib\NetworkRuntime810_CM7_GCC.a(layers_conv2d_sssa8_ch.o)
 .text.forward_conv2d_sssa8_ch_nl_pool
                0x08007b30      0x54c ../Middlewares/ST/AI/Lib\NetworkRuntime810_CM7_GCC.a(layers_conv2d_sssa8_ch.o)
                0x08007b30                forward_conv2d_sssa8_ch_nl_pool
 .text.forward_dense_integer_SSSA
                0x0800807c      0x2f8 ../Middlewares/ST/AI/Lib\NetworkRuntime810_CM7_GCC.a(layers_conv2d_stm32_integer.o)
                0x0800807c                forward_dense_integer_SSSA
 .text.forward_transpose
                0x08008374      0x164 ../Middlewares/ST/AI/Lib\NetworkRuntime810_CM7_GCC.a(layers_generic_float.o)
                0x08008374                forward_transpose
 .text.pool_func_mp_array_integer_INT8
                0x080084d8      0x1d8 ../Middlewares/ST/AI/Lib\NetworkRuntime810_CM7_GCC.a(layers_pool_stm32_integer.o)
                0x080084d8                pool_func_mp_array_integer_INT8
 .text.forward_lite_conv2d_sssa8_ch
                0x080086b0      0xae0 ../Middlewares/ST/AI/Lib\NetworkRuntime810_CM7_GCC.a(forward_lite_conv2d_sssa8_ch.o)
                0x080086b0                forward_lite_conv2d_sssa8_ch
 .text.forward_lite_maxpool_is8os8_scalepos
                0x08009190      0x1c4 ../Middlewares/ST/AI/Lib\NetworkRuntime810_CM7_GCC.a(forward_lite_maxpool_is8os8.o)
                0x08009190                forward_lite_maxpool_is8os8_scalepos
 .text.forward_lite_maxpool_is8os8_scaleneg
                0x08009354      0x1c0 ../Middlewares/ST/AI/Lib\NetworkRuntime810_CM7_GCC.a(forward_lite_maxpool_is8os8.o)
                0x08009354                forward_lite_maxpool_is8os8_scaleneg
 .text.align_factor
                0x08009514       0xa4 ../Middlewares/ST/AI/Lib\NetworkRuntime810_CM7_GCC.a(st_convolve_reference.o)
                0x08009514                align_factor
 .text.align_factor_ch
                0x080095b8       0x60 ../Middlewares/ST/AI/Lib\NetworkRuntime810_CM7_GCC.a(st_convolve_reference.o)
                0x080095b8                align_factor_ch
 .text.st_sssa8_ch_convolve_rank1upd
                0x08009618      0x114 ../Middlewares/ST/AI/Lib\NetworkRuntime810_CM7_GCC.a(st_sssa8_ch_convolve.o)
                0x08009618                st_sssa8_ch_convolve_rank1upd
 .text.st_sssa8_fully_connected
                0x0800972c      0x5f4 ../Middlewares/ST/AI/Lib\NetworkRuntime810_CM7_GCC.a(st_sssa8_dense.o)
                0x0800972c                st_sssa8_fully_connected
 .text.st_int8_copy
                0x08009d20      0x110 ../Middlewares/ST/AI/Lib\NetworkRuntime810_CM7_GCC.a(st_int8_fill.o)
                0x08009d20                st_int8_copy
 .text.st_int8_reordered_no_shift_zero
                0x08009e30       0x70 ../Middlewares/ST/AI/Lib\NetworkRuntime810_CM7_GCC.a(st_int8_reordered_no_shift.o)
                0x08009e30                st_int8_reordered_no_shift_zero
 .text.st_int8_to16_no_shift
                0x08009ea0       0xc4 ../Middlewares/ST/AI/Lib\NetworkRuntime810_CM7_GCC.a(st_int8_to16_no_shift.o)
                0x08009ea0                st_int8_to16_no_shift
 .text.st_int8_to16_no_shift_interleaved
                0x08009f64       0x88 ../Middlewares/ST/AI/Lib\NetworkRuntime810_CM7_GCC.a(st_int8_to16_no_shift.o)
                0x08009f64                st_int8_to16_no_shift_interleaved
 .text.st_int8_to16_dual
                0x08009fec      0x1d4 ../Middlewares/ST/AI/Lib\NetworkRuntime810_CM7_GCC.a(st_int8_to16_no_shift.o)
                0x08009fec                st_int8_to16_dual
 .text.st_int8_to16_dual_interleaved
                0x0800a1c0      0x174 ../Middlewares/ST/AI/Lib\NetworkRuntime810_CM7_GCC.a(st_int8_to16_no_shift.o)
                0x0800a1c0                st_int8_to16_dual_interleaved
 .text.ai_padding_opt_init
                0x0800a334       0xb4 ../Middlewares/ST/AI/Lib\NetworkRuntime810_CM7_GCC.a(st_padding_opt.o)
                0x0800a334                ai_padding_opt_init
 .text.ai_padding_opt_phase1
                0x0800a3e8       0x34 ../Middlewares/ST/AI/Lib\NetworkRuntime810_CM7_GCC.a(st_padding_opt.o)
                0x0800a3e8                ai_padding_opt_phase1
 .text.st_sssa8_ch_nn_mat_mult_kernel_opt
                0x0800a41c      0x7d4 ../Middlewares/ST/AI/Lib\NetworkRuntime810_CM7_GCC.a(st_sssa8_ch_nn_mat_mult_kernel_opt.o)
                0x0800a41c                st_sssa8_ch_nn_mat_mult_kernel_opt
 .text.st_sssa8_ch_nn_mat_mult_kernel_single_opt
                0x0800abf0      0x47c ../Middlewares/ST/AI/Lib\NetworkRuntime810_CM7_GCC.a(st_sssa8_ch_nn_mat_mult_kernel_opt.o)
                0x0800abf0                st_sssa8_ch_nn_mat_mult_kernel_single_opt
 .text.arm_fill_q15
                0x0800b06c       0x5c ../Middlewares/ST/AI/Lib\NetworkRuntime810_CM7_GCC.a(arm_fill_q15.o)
                0x0800b06c                arm_fill_q15
 .text.arm_float_to_q15
                0x0800b0c8      0x16c ../Middlewares/ST/AI/Lib\NetworkRuntime810_CM7_GCC.a(arm_float_to_q15.o)
                0x0800b0c8                arm_float_to_q15
 .text.arm_float_to_q7
                0x0800b234      0x198 ../Middlewares/ST/AI/Lib\NetworkRuntime810_CM7_GCC.a(arm_float_to_q7.o)
                0x0800b234                arm_float_to_q7
 .text.arm_q15_to_float
                0x0800b3cc       0xcc ../Middlewares/ST/AI/Lib\NetworkRuntime810_CM7_GCC.a(arm_q15_to_float.o)
                0x0800b3cc                arm_q15_to_float
 .text.arm_q7_to_float
                0x0800b498       0xc8 ../Middlewares/ST/AI/Lib\NetworkRuntime810_CM7_GCC.a(arm_q7_to_float.o)
                0x0800b498                arm_q7_to_float
 .text.ai_array_to_buffer_fmt
                0x0800b560       0xd8 ../Middlewares/ST/AI/Lib\NetworkRuntime810_CM7_GCC.a(ai_datatypes_format.o)
                0x0800b560                ai_array_to_buffer_fmt
 .text.ai_array_get_byte_size
                0x0800b638       0x50 ../Middlewares/ST/AI/Lib\NetworkRuntime810_CM7_GCC.a(ai_datatypes_format.o)
                0x0800b638                ai_array_get_byte_size
 .text.ai_array_get_data_byte_size
                0x0800b688       0x20 ../Middlewares/ST/AI/Lib\NetworkRuntime810_CM7_GCC.a(ai_datatypes_format.o)
                0x0800b688                ai_array_get_data_byte_size
 .text.ai_version_get
                0x0800b6a8        0xc ../Middlewares/ST/AI/Lib\NetworkRuntime810_CM7_GCC.a(ai_datatypes_internal.o)
                0x0800b6a8                ai_version_get
 .text.get_tensor_byte_size
                0x0800b6b4       0x2c ../Middlewares/ST/AI/Lib\NetworkRuntime810_CM7_GCC.a(ai_datatypes_internal.o)
                0x0800b6b4                get_tensor_byte_size
 .text.core_tensor_clone
                0x0800b6e0       0x64 ../Middlewares/ST/AI/Lib\NetworkRuntime810_CM7_GCC.a(core_utils.o)
                0x0800b6e0                core_tensor_clone
 .text.core_array_clone
                0x0800b744        0xc ../Middlewares/ST/AI/Lib\NetworkRuntime810_CM7_GCC.a(core_utils.o)
                0x0800b744                core_array_clone
 .text.sbrk_aligned
                0x0800b750       0x44 C:/ST/STM32CubeIDE_1.13.1/STM32CubeIDE/plugins/com.st.stm32cube.ide.mcu.externaltools.gnu-tools-for-stm32.12.3.rel1.win32_1.0.100.202403111256/tools/bin/../lib/gcc/arm-none-eabi/12.3.1/../../../../arm-none-eabi/lib/thumb/v7e-m+dp/hard\libc_nano.a(libc_a-mallocr.o)
 .text._malloc_r
                0x0800b794      0x100 C:/ST/STM32CubeIDE_1.13.1/STM32CubeIDE/plugins/com.st.stm32cube.ide.mcu.externaltools.gnu-tools-for-stm32.12.3.rel1.win32_1.0.100.202403111256/tools/bin/../lib/gcc/arm-none-eabi/12.3.1/../../../../arm-none-eabi/lib/thumb/v7e-m+dp/hard\libc_nano.a(libc_a-mallocr.o)
                0x0800b794                _malloc_r
 .text.__malloc_lock
                0x0800b894        0xc C:/ST/STM32CubeIDE_1.13.1/STM32CubeIDE/plugins/com.st.stm32cube.ide.mcu.externaltools.gnu-tools-for-stm32.12.3.rel1.win32_1.0.100.202403111256/tools/bin/../lib/gcc/arm-none-eabi/12.3.1/../../../../arm-none-eabi/lib/thumb/v7e-m+dp/hard\libc_nano.a(libc_a-mlock.o)
                0x0800b894                __malloc_lock
 .text.__malloc_unlock
                0x0800b8a0        0xc C:/ST/STM32CubeIDE_1.13.1/STM32CubeIDE/plugins/com.st.stm32cube.ide.mcu.externaltools.gnu-tools-for-stm32.12.3.rel1.win32_1.0.100.202403111256/tools/bin/../lib/gcc/arm-none-eabi/12.3.1/../../../../arm-none-eabi/lib/thumb/v7e-m+dp/hard\libc_nano.a(libc_a-mlock.o)
                0x0800b8a0                __malloc_unlock
 .text._realloc_r
                0x0800b8ac       0x5c C:/ST/STM32CubeIDE_1.13.1/STM32CubeIDE/plugins/com.st.stm32cube.ide.mcu.externaltools.gnu-tools-for-stm32.12.3.rel1.win32_1.0.100.202403111256/tools/bin/../lib/gcc/arm-none-eabi/12.3.1/../../../../arm-none-eabi/lib/thumb/v7e-m+dp/hard\libc_nano.a(libc_a-reallocr.o)
                0x0800b8ac                _realloc_r
 .text.std      0x0800b908       0x6c C:/ST/STM32CubeIDE_1.13.1/STM32CubeIDE/plugins/com.st.stm32cube.ide.mcu.externaltools.gnu-tools-for-stm32.12.3.rel1.win32_1.0.100.202403111256/tools/bin/../lib/gcc/arm-none-eabi/12.3.1/../../../../arm-none-eabi/lib/thumb/v7e-m+dp/hard\libc_nano.a(libc_a-findfp.o)
 .text.stdio_exit_handler
                0x0800b974       0x18 C:/ST/STM32CubeIDE_1.13.1/STM32CubeIDE/plugins/com.st.stm32cube.ide.mcu.externaltools.gnu-tools-for-stm32.12.3.rel1.win32_1.0.100.202403111256/tools/bin/../lib/gcc/arm-none-eabi/12.3.1/../../../../arm-none-eabi/lib/thumb/v7e-m+dp/hard\libc_nano.a(libc_a-findfp.o)
 .text.cleanup_stdio
                0x0800b98c       0x40 C:/ST/STM32CubeIDE_1.13.1/STM32CubeIDE/plugins/com.st.stm32cube.ide.mcu.externaltools.gnu-tools-for-stm32.12.3.rel1.win32_1.0.100.202403111256/tools/bin/../lib/gcc/arm-none-eabi/12.3.1/../../../../arm-none-eabi/lib/thumb/v7e-m+dp/hard\libc_nano.a(libc_a-findfp.o)
 .text.global_stdio_init.part.0
                0x0800b9cc       0x3c C:/ST/STM32CubeIDE_1.13.1/STM32CubeIDE/plugins/com.st.stm32cube.ide.mcu.externaltools.gnu-tools-for-stm32.12.3.rel1.win32_1.0.100.202403111256/tools/bin/../lib/gcc/arm-none-eabi/12.3.1/../../../../arm-none-eabi/lib/thumb/v7e-m+dp/hard\libc_nano.a(libc_a-findfp.o)
 .text.__sfp_lock_acquire
                0x0800ba08        0xc C:/ST/STM32CubeIDE_1.13.1/STM32CubeIDE/plugins/com.st.stm32cube.ide.mcu.externaltools.gnu-tools-for-stm32.12.3.rel1.win32_1.0.100.202403111256/tools/bin/../lib/gcc/arm-none-eabi/12.3.1/../../../../arm-none-eabi/lib/thumb/v7e-m+dp/hard\libc_nano.a(libc_a-findfp.o)
                0x0800ba08                __sfp_lock_acquire
 .text.__sfp_lock_release
                0x0800ba14        0xc C:/ST/STM32CubeIDE_1.13.1/STM32CubeIDE/plugins/com.st.stm32cube.ide.mcu.externaltools.gnu-tools-for-stm32.12.3.rel1.win32_1.0.100.202403111256/tools/bin/../lib/gcc/arm-none-eabi/12.3.1/../../../../arm-none-eabi/lib/thumb/v7e-m+dp/hard\libc_nano.a(libc_a-findfp.o)
                0x0800ba14                __sfp_lock_release
 .text.__sinit  0x0800ba20       0x30 C:/ST/STM32CubeIDE_1.13.1/STM32CubeIDE/plugins/com.st.stm32cube.ide.mcu.externaltools.gnu-tools-for-stm32.12.3.rel1.win32_1.0.100.202403111256/tools/bin/../lib/gcc/arm-none-eabi/12.3.1/../../../../arm-none-eabi/lib/thumb/v7e-m+dp/hard\libc_nano.a(libc_a-findfp.o)
                0x0800ba20                __sinit
 .text._fwalk_sglue
                0x0800ba50       0x3c C:/ST/STM32CubeIDE_1.13.1/STM32CubeIDE/plugins/com.st.stm32cube.ide.mcu.externaltools.gnu-tools-for-stm32.12.3.rel1.win32_1.0.100.202403111256/tools/bin/../lib/gcc/arm-none-eabi/12.3.1/../../../../arm-none-eabi/lib/thumb/v7e-m+dp/hard\libc_nano.a(libc_a-fwalk.o)
                0x0800ba50                _fwalk_sglue
 .text.printf   0x0800ba8c       0x24 C:/ST/STM32CubeIDE_1.13.1/STM32CubeIDE/plugins/com.st.stm32cube.ide.mcu.externaltools.gnu-tools-for-stm32.12.3.rel1.win32_1.0.100.202403111256/tools/bin/../lib/gcc/arm-none-eabi/12.3.1/../../../../arm-none-eabi/lib/thumb/v7e-m+dp/hard\libc_nano.a(libc_a-printf.o)
                0x0800ba8c                iprintf
                0x0800ba8c                printf
 .text._puts_r  0x0800bab0       0xaa C:/ST/STM32CubeIDE_1.13.1/STM32CubeIDE/plugins/com.st.stm32cube.ide.mcu.externaltools.gnu-tools-for-stm32.12.3.rel1.win32_1.0.100.202403111256/tools/bin/../lib/gcc/arm-none-eabi/12.3.1/../../../../arm-none-eabi/lib/thumb/v7e-m+dp/hard\libc_nano.a(libc_a-puts.o)
                0x0800bab0                _puts_r
 *fill*         0x0800bb5a        0x2 
 .text.puts     0x0800bb5c       0x10 C:/ST/STM32CubeIDE_1.13.1/STM32CubeIDE/plugins/com.st.stm32cube.ide.mcu.externaltools.gnu-tools-for-stm32.12.3.rel1.win32_1.0.100.202403111256/tools/bin/../lib/gcc/arm-none-eabi/12.3.1/../../../../arm-none-eabi/lib/thumb/v7e-m+dp/hard\libc_nano.a(libc_a-puts.o)
                0x0800bb5c                puts
 .text.sprintf  0x0800bb6c       0x40 C:/ST/STM32CubeIDE_1.13.1/STM32CubeIDE/plugins/com.st.stm32cube.ide.mcu.externaltools.gnu-tools-for-stm32.12.3.rel1.win32_1.0.100.202403111256/tools/bin/../lib/gcc/arm-none-eabi/12.3.1/../../../../arm-none-eabi/lib/thumb/v7e-m+dp/hard\libc_nano.a(libc_a-sprintf.o)
                0x0800bb6c                siprintf
                0x0800bb6c                sprintf
 .text.__sread  0x0800bbac       0x22 C:/ST/STM32CubeIDE_1.13.1/STM32CubeIDE/plugins/com.st.stm32cube.ide.mcu.externaltools.gnu-tools-for-stm32.12.3.rel1.win32_1.0.100.202403111256/tools/bin/../lib/gcc/arm-none-eabi/12.3.1/../../../../arm-none-eabi/lib/thumb/v7e-m+dp/hard\libc_nano.a(libc_a-stdio.o)
                0x0800bbac                __sread
 .text.__swrite
                0x0800bbce       0x38 C:/ST/STM32CubeIDE_1.13.1/STM32CubeIDE/plugins/com.st.stm32cube.ide.mcu.externaltools.gnu-tools-for-stm32.12.3.rel1.win32_1.0.100.202403111256/tools/bin/../lib/gcc/arm-none-eabi/12.3.1/../../../../arm-none-eabi/lib/thumb/v7e-m+dp/hard\libc_nano.a(libc_a-stdio.o)
                0x0800bbce                __swrite
 .text.__sseek  0x0800bc06       0x24 C:/ST/STM32CubeIDE_1.13.1/STM32CubeIDE/plugins/com.st.stm32cube.ide.mcu.externaltools.gnu-tools-for-stm32.12.3.rel1.win32_1.0.100.202403111256/tools/bin/../lib/gcc/arm-none-eabi/12.3.1/../../../../arm-none-eabi/lib/thumb/v7e-m+dp/hard\libc_nano.a(libc_a-stdio.o)
                0x0800bc06                __sseek
 .text.__sclose
                0x0800bc2a        0x8 C:/ST/STM32CubeIDE_1.13.1/STM32CubeIDE/plugins/com.st.stm32cube.ide.mcu.externaltools.gnu-tools-for-stm32.12.3.rel1.win32_1.0.100.202403111256/tools/bin/../lib/gcc/arm-none-eabi/12.3.1/../../../../arm-none-eabi/lib/thumb/v7e-m+dp/hard\libc_nano.a(libc_a-stdio.o)
                0x0800bc2a                __sclose
 .text.__swbuf_r
                0x0800bc32       0x7c C:/ST/STM32CubeIDE_1.13.1/STM32CubeIDE/plugins/com.st.stm32cube.ide.mcu.externaltools.gnu-tools-for-stm32.12.3.rel1.win32_1.0.100.202403111256/tools/bin/../lib/gcc/arm-none-eabi/12.3.1/../../../../arm-none-eabi/lib/thumb/v7e-m+dp/hard\libc_nano.a(libc_a-wbuf.o)
                0x0800bc32                __swbuf_r
 *fill*         0x0800bcae        0x2 
 .text.__swsetup_r
                0x0800bcb0       0xac C:/ST/STM32CubeIDE_1.13.1/STM32CubeIDE/plugins/com.st.stm32cube.ide.mcu.externaltools.gnu-tools-for-stm32.12.3.rel1.win32_1.0.100.202403111256/tools/bin/../lib/gcc/arm-none-eabi/12.3.1/../../../../arm-none-eabi/lib/thumb/v7e-m+dp/hard\libc_nano.a(libc_a-wsetup.o)
                0x0800bcb0                __swsetup_r
 .text.memmove  0x0800bd5c       0x34 C:/ST/STM32CubeIDE_1.13.1/STM32CubeIDE/plugins/com.st.stm32cube.ide.mcu.externaltools.gnu-tools-for-stm32.12.3.rel1.win32_1.0.100.202403111256/tools/bin/../lib/gcc/arm-none-eabi/12.3.1/../../../../arm-none-eabi/lib/thumb/v7e-m+dp/hard\libc_nano.a(libc_a-memmove.o)
                0x0800bd5c                memmove
 .text.memset   0x0800bd90       0x10 C:/ST/STM32CubeIDE_1.13.1/STM32CubeIDE/plugins/com.st.stm32cube.ide.mcu.externaltools.gnu-tools-for-stm32.12.3.rel1.win32_1.0.100.202403111256/tools/bin/../lib/gcc/arm-none-eabi/12.3.1/../../../../arm-none-eabi/lib/thumb/v7e-m+dp/hard\libc_nano.a(libc_a-memset.o)
                0x0800bd90                memset
 .text._close_r
                0x0800bda0       0x20 C:/ST/STM32CubeIDE_1.13.1/STM32CubeIDE/plugins/com.st.stm32cube.ide.mcu.externaltools.gnu-tools-for-stm32.12.3.rel1.win32_1.0.100.202403111256/tools/bin/../lib/gcc/arm-none-eabi/12.3.1/../../../../arm-none-eabi/lib/thumb/v7e-m+dp/hard\libc_nano.a(libc_a-closer.o)
                0x0800bda0                _close_r
 .text._lseek_r
                0x0800bdc0       0x24 C:/ST/STM32CubeIDE_1.13.1/STM32CubeIDE/plugins/com.st.stm32cube.ide.mcu.externaltools.gnu-tools-for-stm32.12.3.rel1.win32_1.0.100.202403111256/tools/bin/../lib/gcc/arm-none-eabi/12.3.1/../../../../arm-none-eabi/lib/thumb/v7e-m+dp/hard\libc_nano.a(libc_a-lseekr.o)
                0x0800bdc0                _lseek_r
 .text._read_r  0x0800bde4       0x24 C:/ST/STM32CubeIDE_1.13.1/STM32CubeIDE/plugins/com.st.stm32cube.ide.mcu.externaltools.gnu-tools-for-stm32.12.3.rel1.win32_1.0.100.202403111256/tools/bin/../lib/gcc/arm-none-eabi/12.3.1/../../../../arm-none-eabi/lib/thumb/v7e-m+dp/hard\libc_nano.a(libc_a-readr.o)
                0x0800bde4                _read_r
 .text._sbrk_r  0x0800be08       0x20 C:/ST/STM32CubeIDE_1.13.1/STM32CubeIDE/plugins/com.st.stm32cube.ide.mcu.externaltools.gnu-tools-for-stm32.12.3.rel1.win32_1.0.100.202403111256/tools/bin/../lib/gcc/arm-none-eabi/12.3.1/../../../../arm-none-eabi/lib/thumb/v7e-m+dp/hard\libc_nano.a(libc_a-sbrkr.o)
                0x0800be08                _sbrk_r
 .text._write_r
                0x0800be28       0x24 C:/ST/STM32CubeIDE_1.13.1/STM32CubeIDE/plugins/com.st.stm32cube.ide.mcu.externaltools.gnu-tools-for-stm32.12.3.rel1.win32_1.0.100.202403111256/tools/bin/../lib/gcc/arm-none-eabi/12.3.1/../../../../arm-none-eabi/lib/thumb/v7e-m+dp/hard\libc_nano.a(libc_a-writer.o)
                0x0800be28                _write_r
 .text.__errno  0x0800be4c        0xc C:/ST/STM32CubeIDE_1.13.1/STM32CubeIDE/plugins/com.st.stm32cube.ide.mcu.externaltools.gnu-tools-for-stm32.12.3.rel1.win32_1.0.100.202403111256/tools/bin/../lib/gcc/arm-none-eabi/12.3.1/../../../../arm-none-eabi/lib/thumb/v7e-m+dp/hard\libc_nano.a(libc_a-errno.o)
                0x0800be4c                __errno
 .text.__libc_init_array
                0x0800be58       0x48 C:/ST/STM32CubeIDE_1.13.1/STM32CubeIDE/plugins/com.st.stm32cube.ide.mcu.externaltools.gnu-tools-for-stm32.12.3.rel1.win32_1.0.100.202403111256/tools/bin/../lib/gcc/arm-none-eabi/12.3.1/../../../../arm-none-eabi/lib/thumb/v7e-m+dp/hard\libc_nano.a(libc_a-init.o)
                0x0800be58                __libc_init_array
 .text.__retarget_lock_init_recursive
                0x0800bea0        0x2 C:/ST/STM32CubeIDE_1.13.1/STM32CubeIDE/plugins/com.st.stm32cube.ide.mcu.externaltools.gnu-tools-for-stm32.12.3.rel1.win32_1.0.100.202403111256/tools/bin/../lib/gcc/arm-none-eabi/12.3.1/../../../../arm-none-eabi/lib/thumb/v7e-m+dp/hard\libc_nano.a(libc_a-lock.o)
                0x0800bea0                __retarget_lock_init_recursive
 .text.__retarget_lock_acquire_recursive
                0x0800bea2        0x2 C:/ST/STM32CubeIDE_1.13.1/STM32CubeIDE/plugins/com.st.stm32cube.ide.mcu.externaltools.gnu-tools-for-stm32.12.3.rel1.win32_1.0.100.202403111256/tools/bin/../lib/gcc/arm-none-eabi/12.3.1/../../../../arm-none-eabi/lib/thumb/v7e-m+dp/hard\libc_nano.a(libc_a-lock.o)
                0x0800bea2                __retarget_lock_acquire_recursive
 .text.__retarget_lock_release_recursive
                0x0800bea4        0x2 C:/ST/STM32CubeIDE_1.13.1/STM32CubeIDE/plugins/com.st.stm32cube.ide.mcu.externaltools.gnu-tools-for-stm32.12.3.rel1.win32_1.0.100.202403111256/tools/bin/../lib/gcc/arm-none-eabi/12.3.1/../../../../arm-none-eabi/lib/thumb/v7e-m+dp/hard\libc_nano.a(libc_a-lock.o)
                0x0800bea4                __retarget_lock_release_recursive
 .text.strcpy   0x0800bea6       0x10 C:/ST/STM32CubeIDE_1.13.1/STM32CubeIDE/plugins/com.st.stm32cube.ide.mcu.externaltools.gnu-tools-for-stm32.12.3.rel1.win32_1.0.100.202403111256/tools/bin/../lib/gcc/arm-none-eabi/12.3.1/../../../../arm-none-eabi/lib/thumb/v7e-m+dp/hard\libc_nano.a(libc_a-strcpy.o)
                0x0800bea6                strcpy
 .text.memcpy   0x0800beb6       0x1c C:/ST/STM32CubeIDE_1.13.1/STM32CubeIDE/plugins/com.st.stm32cube.ide.mcu.externaltools.gnu-tools-for-stm32.12.3.rel1.win32_1.0.100.202403111256/tools/bin/../lib/gcc/arm-none-eabi/12.3.1/../../../../arm-none-eabi/lib/thumb/v7e-m+dp/hard\libc_nano.a(libc_a-memcpy-stub.o)
                0x0800beb6                memcpy
 *fill*         0x0800bed2        0x2 
 .text._free_r  0x0800bed4       0x94 C:/ST/STM32CubeIDE_1.13.1/STM32CubeIDE/plugins/com.st.stm32cube.ide.mcu.externaltools.gnu-tools-for-stm32.12.3.rel1.win32_1.0.100.202403111256/tools/bin/../lib/gcc/arm-none-eabi/12.3.1/../../../../arm-none-eabi/lib/thumb/v7e-m+dp/hard\libc_nano.a(libc_a-freer.o)
                0x0800bed4                _free_r
 .text._malloc_usable_size_r
                0x0800bf68       0x10 C:/ST/STM32CubeIDE_1.13.1/STM32CubeIDE/plugins/com.st.stm32cube.ide.mcu.externaltools.gnu-tools-for-stm32.12.3.rel1.win32_1.0.100.202403111256/tools/bin/../lib/gcc/arm-none-eabi/12.3.1/../../../../arm-none-eabi/lib/thumb/v7e-m+dp/hard\libc_nano.a(libc_a-msizer.o)
                0x0800bf68                _malloc_usable_size_r
 .text.__ssputs_r
                0x0800bf78       0xb6 C:/ST/STM32CubeIDE_1.13.1/STM32CubeIDE/plugins/com.st.stm32cube.ide.mcu.externaltools.gnu-tools-for-stm32.12.3.rel1.win32_1.0.100.202403111256/tools/bin/../lib/gcc/arm-none-eabi/12.3.1/../../../../arm-none-eabi/lib/thumb/v7e-m+dp/hard\libc_nano.a(libc_a-nano-svfprintf.o)
                0x0800bf78                __ssputs_r
 *fill*         0x0800c02e        0x2 
 .text._svfprintf_r
                0x0800c030      0x1f8 C:/ST/STM32CubeIDE_1.13.1/STM32CubeIDE/plugins/com.st.stm32cube.ide.mcu.externaltools.gnu-tools-for-stm32.12.3.rel1.win32_1.0.100.202403111256/tools/bin/../lib/gcc/arm-none-eabi/12.3.1/../../../../arm-none-eabi/lib/thumb/v7e-m+dp/hard\libc_nano.a(libc_a-nano-svfprintf.o)
                0x0800c030                _svfiprintf_r
                0x0800c030                _svfprintf_r
 .text.__sfputc_r
                0x0800c228       0x2e C:/ST/STM32CubeIDE_1.13.1/STM32CubeIDE/plugins/com.st.stm32cube.ide.mcu.externaltools.gnu-tools-for-stm32.12.3.rel1.win32_1.0.100.202403111256/tools/bin/../lib/gcc/arm-none-eabi/12.3.1/../../../../arm-none-eabi/lib/thumb/v7e-m+dp/hard\libc_nano.a(libc_a-nano-vfprintf.o)
 .text.__sfputs_r
                0x0800c256       0x24 C:/ST/STM32CubeIDE_1.13.1/STM32CubeIDE/plugins/com.st.stm32cube.ide.mcu.externaltools.gnu-tools-for-stm32.12.3.rel1.win32_1.0.100.202403111256/tools/bin/../lib/gcc/arm-none-eabi/12.3.1/../../../../arm-none-eabi/lib/thumb/v7e-m+dp/hard\libc_nano.a(libc_a-nano-vfprintf.o)
                0x0800c256                __sfputs_r
 *fill*         0x0800c27a        0x2 
 .text._vfprintf_r
                0x0800c27c      0x230 C:/ST/STM32CubeIDE_1.13.1/STM32CubeIDE/plugins/com.st.stm32cube.ide.mcu.externaltools.gnu-tools-for-stm32.12.3.rel1.win32_1.0.100.202403111256/tools/bin/../lib/gcc/arm-none-eabi/12.3.1/../../../../arm-none-eabi/lib/thumb/v7e-m+dp/hard\libc_nano.a(libc_a-nano-vfprintf.o)
                0x0800c27c                _vfprintf_r
                0x0800c27c                _vfiprintf_r
 .text._printf_common
                0x0800c4ac       0xda C:/ST/STM32CubeIDE_1.13.1/STM32CubeIDE/plugins/com.st.stm32cube.ide.mcu.externaltools.gnu-tools-for-stm32.12.3.rel1.win32_1.0.100.202403111256/tools/bin/../lib/gcc/arm-none-eabi/12.3.1/../../../../arm-none-eabi/lib/thumb/v7e-m+dp/hard\libc_nano.a(libc_a-nano-vfprintf_i.o)
                0x0800c4ac                _printf_common
 *fill*         0x0800c586        0x2 
 .text._printf_i
                0x0800c588      0x240 C:/ST/STM32CubeIDE_1.13.1/STM32CubeIDE/plugins/com.st.stm32cube.ide.mcu.externaltools.gnu-tools-for-stm32.12.3.rel1.win32_1.0.100.202403111256/tools/bin/../lib/gcc/arm-none-eabi/12.3.1/../../../../arm-none-eabi/lib/thumb/v7e-m+dp/hard\libc_nano.a(libc_a-nano-vfprintf_i.o)
                0x0800c588                _printf_i
 .text.__sflush_r
                0x0800c7c8      0x108 C:/ST/STM32CubeIDE_1.13.1/STM32CubeIDE/plugins/com.st.stm32cube.ide.mcu.externaltools.gnu-tools-for-stm32.12.3.rel1.win32_1.0.100.202403111256/tools/bin/../lib/gcc/arm-none-eabi/12.3.1/../../../../arm-none-eabi/lib/thumb/v7e-m+dp/hard\libc_nano.a(libc_a-fflush.o)
                0x0800c7c8                __sflush_r
 .text._fflush_r
                0x0800c8d0       0x50 C:/ST/STM32CubeIDE_1.13.1/STM32CubeIDE/plugins/com.st.stm32cube.ide.mcu.externaltools.gnu-tools-for-stm32.12.3.rel1.win32_1.0.100.202403111256/tools/bin/../lib/gcc/arm-none-eabi/12.3.1/../../../../arm-none-eabi/lib/thumb/v7e-m+dp/hard\libc_nano.a(libc_a-fflush.o)
                0x0800c8d0                _fflush_r
 .text.__swhatbuf_r
                0x0800c920       0x4c C:/ST/STM32CubeIDE_1.13.1/STM32CubeIDE/plugins/com.st.stm32cube.ide.mcu.externaltools.gnu-tools-for-stm32.12.3.rel1.win32_1.0.100.202403111256/tools/bin/../lib/gcc/arm-none-eabi/12.3.1/../../../../arm-none-eabi/lib/thumb/v7e-m+dp/hard\libc_nano.a(libc_a-makebuf.o)
                0x0800c920                __swhatbuf_r
 .text.__smakebuf_r
                0x0800c96c       0x78 C:/ST/STM32CubeIDE_1.13.1/STM32CubeIDE/plugins/com.st.stm32cube.ide.mcu.externaltools.gnu-tools-for-stm32.12.3.rel1.win32_1.0.100.202403111256/tools/bin/../lib/gcc/arm-none-eabi/12.3.1/../../../../arm-none-eabi/lib/thumb/v7e-m+dp/hard\libc_nano.a(libc_a-makebuf.o)
                0x0800c96c                __smakebuf_r
 .text._fstat_r
                0x0800c9e4       0x24 C:/ST/STM32CubeIDE_1.13.1/STM32CubeIDE/plugins/com.st.stm32cube.ide.mcu.externaltools.gnu-tools-for-stm32.12.3.rel1.win32_1.0.100.202403111256/tools/bin/../lib/gcc/arm-none-eabi/12.3.1/../../../../arm-none-eabi/lib/thumb/v7e-m+dp/hard\libc_nano.a(libc_a-fstatr.o)
                0x0800c9e4                _fstat_r
 .text._isatty_r
                0x0800ca08       0x20 C:/ST/STM32CubeIDE_1.13.1/STM32CubeIDE/plugins/com.st.stm32cube.ide.mcu.externaltools.gnu-tools-for-stm32.12.3.rel1.win32_1.0.100.202403111256/tools/bin/../lib/gcc/arm-none-eabi/12.3.1/../../../../arm-none-eabi/lib/thumb/v7e-m+dp/hard\libc_nano.a(libc_a-isattyr.o)
                0x0800ca08                _isatty_r
 .text.checkint
                0x0800ca28       0x2e C:/ST/STM32CubeIDE_1.13.1/STM32CubeIDE/plugins/com.st.stm32cube.ide.mcu.externaltools.gnu-tools-for-stm32.12.3.rel1.win32_1.0.100.202403111256/tools/bin/../lib/gcc/arm-none-eabi/12.3.1/../../../../arm-none-eabi/lib/thumb/v7e-m+dp/hard\libm.a(libm_a-sf_pow.o)
 *fill*         0x0800ca56        0x2 
 .text.powf     0x0800ca58      0x2c0 C:/ST/STM32CubeIDE_1.13.1/STM32CubeIDE/plugins/com.st.stm32cube.ide.mcu.externaltools.gnu-tools-for-stm32.12.3.rel1.win32_1.0.100.202403111256/tools/bin/../lib/gcc/arm-none-eabi/12.3.1/../../../../arm-none-eabi/lib/thumb/v7e-m+dp/hard\libm.a(libm_a-sf_pow.o)
                0x0800ca58                powf
 .text.with_errnof
                0x0800cd18       0x1c C:/ST/STM32CubeIDE_1.13.1/STM32CubeIDE/plugins/com.st.stm32cube.ide.mcu.externaltools.gnu-tools-for-stm32.12.3.rel1.win32_1.0.100.202403111256/tools/bin/../lib/gcc/arm-none-eabi/12.3.1/../../../../arm-none-eabi/lib/thumb/v7e-m+dp/hard\libm.a(libm_a-math_errf.o)
 .text.xflowf   0x0800cd34       0x16 C:/ST/STM32CubeIDE_1.13.1/STM32CubeIDE/plugins/com.st.stm32cube.ide.mcu.externaltools.gnu-tools-for-stm32.12.3.rel1.win32_1.0.100.202403111256/tools/bin/../lib/gcc/arm-none-eabi/12.3.1/../../../../arm-none-eabi/lib/thumb/v7e-m+dp/hard\libm.a(libm_a-math_errf.o)
 *fill*         0x0800cd4a        0x2 
 .text.__math_uflowf
                0x0800cd4c        0xc C:/ST/STM32CubeIDE_1.13.1/STM32CubeIDE/plugins/com.st.stm32cube.ide.mcu.externaltools.gnu-tools-for-stm32.12.3.rel1.win32_1.0.100.202403111256/tools/bin/../lib/gcc/arm-none-eabi/12.3.1/../../../../arm-none-eabi/lib/thumb/v7e-m+dp/hard\libm.a(libm_a-math_errf.o)
                0x0800cd4c                __math_uflowf
 .text.__math_may_uflowf
                0x0800cd58        0xc C:/ST/STM32CubeIDE_1.13.1/STM32CubeIDE/plugins/com.st.stm32cube.ide.mcu.externaltools.gnu-tools-for-stm32.12.3.rel1.win32_1.0.100.202403111256/tools/bin/../lib/gcc/arm-none-eabi/12.3.1/../../../../arm-none-eabi/lib/thumb/v7e-m+dp/hard\libm.a(libm_a-math_errf.o)
                0x0800cd58                __math_may_uflowf
 .text.__math_oflowf
                0x0800cd64        0xc C:/ST/STM32CubeIDE_1.13.1/STM32CubeIDE/plugins/com.st.stm32cube.ide.mcu.externaltools.gnu-tools-for-stm32.12.3.rel1.win32_1.0.100.202403111256/tools/bin/../lib/gcc/arm-none-eabi/12.3.1/../../../../arm-none-eabi/lib/thumb/v7e-m+dp/hard\libm.a(libm_a-math_errf.o)
                0x0800cd64                __math_oflowf
 .text.__math_divzerof
                0x0800cd70       0x24 C:/ST/STM32CubeIDE_1.13.1/STM32CubeIDE/plugins/com.st.stm32cube.ide.mcu.externaltools.gnu-tools-for-stm32.12.3.rel1.win32_1.0.100.202403111256/tools/bin/../lib/gcc/arm-none-eabi/12.3.1/../../../../arm-none-eabi/lib/thumb/v7e-m+dp/hard\libm.a(libm_a-math_errf.o)
                0x0800cd70                __math_divzerof
 .text.__math_invalidf
                0x0800cd94       0x1e C:/ST/STM32CubeIDE_1.13.1/STM32CubeIDE/plugins/com.st.stm32cube.ide.mcu.externaltools.gnu-tools-for-stm32.12.3.rel1.win32_1.0.100.202403111256/tools/bin/../lib/gcc/arm-none-eabi/12.3.1/../../../../arm-none-eabi/lib/thumb/v7e-m+dp/hard\libm.a(libm_a-math_errf.o)
                0x0800cd94                __math_invalidf
 *fill*         0x0800cdb2        0x2 
 .text._close   0x0800cdb4       0x10 C:/ST/STM32CubeIDE_1.13.1/STM32CubeIDE/plugins/com.st.stm32cube.ide.mcu.externaltools.gnu-tools-for-stm32.12.3.rel1.win32_1.0.100.202403111256/tools/bin/../lib/gcc/arm-none-eabi/12.3.1/../../../../arm-none-eabi/lib/thumb/v7e-m+dp/hard\libnosys.a(close.o)
                0x0800cdb4                _close
 .text._fstat   0x0800cdc4       0x10 C:/ST/STM32CubeIDE_1.13.1/STM32CubeIDE/plugins/com.st.stm32cube.ide.mcu.externaltools.gnu-tools-for-stm32.12.3.rel1.win32_1.0.100.202403111256/tools/bin/../lib/gcc/arm-none-eabi/12.3.1/../../../../arm-none-eabi/lib/thumb/v7e-m+dp/hard\libnosys.a(fstat.o)
                0x0800cdc4                _fstat
 .text._isatty  0x0800cdd4       0x10 C:/ST/STM32CubeIDE_1.13.1/STM32CubeIDE/plugins/com.st.stm32cube.ide.mcu.externaltools.gnu-tools-for-stm32.12.3.rel1.win32_1.0.100.202403111256/tools/bin/../lib/gcc/arm-none-eabi/12.3.1/../../../../arm-none-eabi/lib/thumb/v7e-m+dp/hard\libnosys.a(isatty.o)
                0x0800cdd4                _isatty
 .text._lseek   0x0800cde4       0x10 C:/ST/STM32CubeIDE_1.13.1/STM32CubeIDE/plugins/com.st.stm32cube.ide.mcu.externaltools.gnu-tools-for-stm32.12.3.rel1.win32_1.0.100.202403111256/tools/bin/../lib/gcc/arm-none-eabi/12.3.1/../../../../arm-none-eabi/lib/thumb/v7e-m+dp/hard\libnosys.a(lseek.o)
                0x0800cde4                _lseek
 .text._read    0x0800cdf4       0x10 C:/ST/STM32CubeIDE_1.13.1/STM32CubeIDE/plugins/com.st.stm32cube.ide.mcu.externaltools.gnu-tools-for-stm32.12.3.rel1.win32_1.0.100.202403111256/tools/bin/../lib/gcc/arm-none-eabi/12.3.1/../../../../arm-none-eabi/lib/thumb/v7e-m+dp/hard\libnosys.a(read.o)
                0x0800cdf4                _read
 .text._write   0x0800ce04       0x10 C:/ST/STM32CubeIDE_1.13.1/STM32CubeIDE/plugins/com.st.stm32cube.ide.mcu.externaltools.gnu-tools-for-stm32.12.3.rel1.win32_1.0.100.202403111256/tools/bin/../lib/gcc/arm-none-eabi/12.3.1/../../../../arm-none-eabi/lib/thumb/v7e-m+dp/hard\libnosys.a(write.o)
                0x0800ce04                _write
 *(.glue_7)
 .glue_7        0x0800ce14        0x0 linker stubs
 *(.glue_7t)
 .glue_7t       0x0800ce14        0x0 linker stubs
 *(.eh_frame)
 .eh_frame      0x0800ce14        0x0 C:/ST/STM32CubeIDE_1.13.1/STM32CubeIDE/plugins/com.st.stm32cube.ide.mcu.externaltools.gnu-tools-for-stm32.12.3.rel1.win32_1.0.100.202403111256/tools/bin/../lib/gcc/arm-none-eabi/12.3.1/thumb/v7e-m+dp/hard/crtbegin.o
 *(.init)
 .init          0x0800ce14        0x4 C:/ST/STM32CubeIDE_1.13.1/STM32CubeIDE/plugins/com.st.stm32cube.ide.mcu.externaltools.gnu-tools-for-stm32.12.3.rel1.win32_1.0.100.202403111256/tools/bin/../lib/gcc/arm-none-eabi/12.3.1/thumb/v7e-m+dp/hard/crti.o
                0x0800ce14                _init
 .init          0x0800ce18        0x8 C:/ST/STM32CubeIDE_1.13.1/STM32CubeIDE/plugins/com.st.stm32cube.ide.mcu.externaltools.gnu-tools-for-stm32.12.3.rel1.win32_1.0.100.202403111256/tools/bin/../lib/gcc/arm-none-eabi/12.3.1/thumb/v7e-m+dp/hard/crtn.o
 *(.fini)
 .fini          0x0800ce20        0x4 C:/ST/STM32CubeIDE_1.13.1/STM32CubeIDE/plugins/com.st.stm32cube.ide.mcu.externaltools.gnu-tools-for-stm32.12.3.rel1.win32_1.0.100.202403111256/tools/bin/../lib/gcc/arm-none-eabi/12.3.1/thumb/v7e-m+dp/hard/crti.o
                0x0800ce20                _fini
 .fini          0x0800ce24        0x8 C:/ST/STM32CubeIDE_1.13.1/STM32CubeIDE/plugins/com.st.stm32cube.ide.mcu.externaltools.gnu-tools-for-stm32.12.3.rel1.win32_1.0.100.202403111256/tools/bin/../lib/gcc/arm-none-eabi/12.3.1/thumb/v7e-m+dp/hard/crtn.o
                0x0800ce2c                        . = ALIGN (0x4)
                0x0800ce2c                        _etext = .

.vfp11_veneer   0x0800ce2c        0x0
 .vfp11_veneer  0x0800ce2c        0x0 linker stubs

.v4_bx          0x0800ce2c        0x0
 .v4_bx         0x0800ce2c        0x0 linker stubs

.iplt           0x0800ce2c        0x0
 .iplt          0x0800ce2c        0x0 C:/ST/STM32CubeIDE_1.13.1/STM32CubeIDE/plugins/com.st.stm32cube.ide.mcu.externaltools.gnu-tools-for-stm32.12.3.rel1.win32_1.0.100.202403111256/tools/bin/../lib/gcc/arm-none-eabi/12.3.1/thumb/v7e-m+dp/hard/crtbegin.o

.rodata         0x0800ce40    0xa1dd0
                0x0800ce40                        . = ALIGN (0x4)
 *(.rodata)
 .rodata        0x0800ce40       0x10 ./X-CUBE-AI/App/network_data.o
 *(.rodata*)
 .rodata.ov7670_write.str1.1
                0x0800ce50       0x13 ./Core/Src/camera.o
 .rodata.ov7670_read.str1.1
                0x0800ce63       0x4d ./Core/Src/camera.o
 .rodata.ov7670_init.str1.1
                0x0800ceb0       0x19 ./Core/Src/camera.o
 .rodata.ov7670_startCap.str1.1
                0x0800cec9       0x12 ./Core/Src/camera.o
 .rodata.lcd_init.str1.1
                0x0800cedb       0x12 ./Core/Src/lcd.o
                                  0x1 (size before relaxing)
 .rodata.main.str1.1
                0x0800cedb       0x60 ./Core/Src/main.o
 .rodata.D1CorePrescTable
                0x0800cf3b       0x10 ./Core/Src/system_stm32h7xx.o
                0x0800cf3b                D1CorePrescTable
 .rodata.flagBitshiftOffset.0
                0x0800cf4b        0x8 ./Drivers/STM32H7xx_HAL_Driver/Src/stm32h7xx_hal_dma.o
 *fill*         0x0800cf53        0x1 
 .rodata.UARTPrescTable
                0x0800cf54       0x18 ./Drivers/STM32H7xx_HAL_Driver/Src/stm32h7xx_hal_uart.o
                0x0800cf54                UARTPrescTable
 .rodata.denominator.0
                0x0800cf6c        0x8 ./Drivers/STM32H7xx_HAL_Driver/Src/stm32h7xx_hal_uart_ex.o
 .rodata.numerator.1
                0x0800cf74        0x8 ./Drivers/STM32H7xx_HAL_Driver/Src/stm32h7xx_hal_uart_ex.o
 .rodata.MX_X_CUBE_AI_Init.str1.1
                0x0800cf7c       0x6a ./X-CUBE-AI/App/app_x-cube-ai.o
 .rodata.MX_X_CUBE_AI_Process.str1.1
                0x0800cfe6       0x3e ./X-CUBE-AI/App/app_x-cube-ai.o
 .rodata.conversion_0_chain
                0x0800d024        0x8 ./X-CUBE-AI/App/network.o
 .rodata.conv2d_1_chain
                0x0800d02c        0x8 ./X-CUBE-AI/App/network.o
 .rodata.conv2d_3_chain
                0x0800d034        0x8 ./X-CUBE-AI/App/network.o
 .rodata.transpose_5_chain
                0x0800d03c        0x8 ./X-CUBE-AI/App/network.o
 .rodata.gemm_7_chain
                0x0800d044        0x8 ./X-CUBE-AI/App/network.o
 .rodata.gemm_8_chain
                0x0800d04c        0x8 ./X-CUBE-AI/App/network.o
 .rodata.conversion_9_chain
                0x0800d054        0x8 ./X-CUBE-AI/App/network.o
 .rodata.gemm_8_output_array_intq
                0x0800d05c        0x8 ./X-CUBE-AI/App/network.o
 .rodata.__compound_literal.35
                0x0800d064        0x8 ./X-CUBE-AI/App/network.o
 .rodata.__compound_literal.34
                0x0800d06c        0x1 ./X-CUBE-AI/App/network.o
 *fill*         0x0800d06d        0x3 
 .rodata.__compound_literal.33
                0x0800d070        0x4 ./X-CUBE-AI/App/network.o
 .rodata.gemm_7_output_array_intq
                0x0800d074        0x8 ./X-CUBE-AI/App/network.o
 .rodata.__compound_literal.32
                0x0800d07c        0x8 ./X-CUBE-AI/App/network.o
 .rodata.__compound_literal.31
                0x0800d084        0x1 ./X-CUBE-AI/App/network.o
 *fill*         0x0800d085        0x3 
 .rodata.__compound_literal.30
                0x0800d088        0x4 ./X-CUBE-AI/App/network.o
 .rodata.transpose_5_output_array_intq
                0x0800d08c        0x8 ./X-CUBE-AI/App/network.o
 .rodata.__compound_literal.29
                0x0800d094        0x8 ./X-CUBE-AI/App/network.o
 .rodata.__compound_literal.28
                0x0800d09c        0x1 ./X-CUBE-AI/App/network.o
 *fill*         0x0800d09d        0x3 
 .rodata.__compound_literal.27
                0x0800d0a0        0x4 ./X-CUBE-AI/App/network.o
 .rodata.conv2d_3_output_array_intq
                0x0800d0a4        0x8 ./X-CUBE-AI/App/network.o
 .rodata.__compound_literal.26
                0x0800d0ac        0x8 ./X-CUBE-AI/App/network.o
 .rodata.__compound_literal.25
                0x0800d0b4        0x1 ./X-CUBE-AI/App/network.o
 *fill*         0x0800d0b5        0x3 
 .rodata.__compound_literal.24
                0x0800d0b8        0x4 ./X-CUBE-AI/App/network.o
 .rodata.conv2d_1_output_array_intq
                0x0800d0bc        0x8 ./X-CUBE-AI/App/network.o
 .rodata.__compound_literal.23
                0x0800d0c4        0x8 ./X-CUBE-AI/App/network.o
 .rodata.__compound_literal.22
                0x0800d0cc        0x1 ./X-CUBE-AI/App/network.o
 *fill*         0x0800d0cd        0x3 
 .rodata.__compound_literal.21
                0x0800d0d0        0x4 ./X-CUBE-AI/App/network.o
 .rodata.conversion_0_output_array_intq
                0x0800d0d4        0x8 ./X-CUBE-AI/App/network.o
 .rodata.__compound_literal.20
                0x0800d0dc        0x8 ./X-CUBE-AI/App/network.o
 .rodata.__compound_literal.19
                0x0800d0e4        0x1 ./X-CUBE-AI/App/network.o
 *fill*         0x0800d0e5        0x3 
 .rodata.__compound_literal.18
                0x0800d0e8        0x4 ./X-CUBE-AI/App/network.o
 .rodata.conv2d_3_scratch1_array_intq
                0x0800d0ec        0x8 ./X-CUBE-AI/App/network.o
 .rodata.__compound_literal.17
                0x0800d0f4        0x8 ./X-CUBE-AI/App/network.o
 .rodata.__compound_literal.16
                0x0800d0fc        0x1 ./X-CUBE-AI/App/network.o
 *fill*         0x0800d0fd        0x3 
 .rodata.__compound_literal.15
                0x0800d100        0x4 ./X-CUBE-AI/App/network.o
 .rodata.conv2d_1_scratch1_array_intq
                0x0800d104        0x8 ./X-CUBE-AI/App/network.o
 .rodata.__compound_literal.14
                0x0800d10c        0x8 ./X-CUBE-AI/App/network.o
 .rodata.__compound_literal.13
                0x0800d114        0x1 ./X-CUBE-AI/App/network.o
 *fill*         0x0800d115        0x3 
 .rodata.__compound_literal.12
                0x0800d118        0x4 ./X-CUBE-AI/App/network.o
 .rodata.gemm_8_weights_array_intq
                0x0800d11c        0x8 ./X-CUBE-AI/App/network.o
 .rodata.__compound_literal.11
                0x0800d124        0x8 ./X-CUBE-AI/App/network.o
 .rodata.__compound_literal.10
                0x0800d12c        0x1 ./X-CUBE-AI/App/network.o
 *fill*         0x0800d12d        0x3 
 .rodata.__compound_literal.9
                0x0800d130        0x4 ./X-CUBE-AI/App/network.o
 .rodata.gemm_7_weights_array_intq
                0x0800d134        0x8 ./X-CUBE-AI/App/network.o
 .rodata.__compound_literal.8
                0x0800d13c        0x8 ./X-CUBE-AI/App/network.o
 .rodata.__compound_literal.7
                0x0800d144        0x1 ./X-CUBE-AI/App/network.o
 *fill*         0x0800d145        0x3 
 .rodata.__compound_literal.6
                0x0800d148        0x4 ./X-CUBE-AI/App/network.o
 .rodata.conv2d_3_weights_array_intq
                0x0800d14c        0x8 ./X-CUBE-AI/App/network.o
 .rodata.__compound_literal.5
                0x0800d154        0x8 ./X-CUBE-AI/App/network.o
 .rodata.__compound_literal.4
                0x0800d15c       0x10 ./X-CUBE-AI/App/network.o
 .rodata.__compound_literal.3
                0x0800d16c       0x40 ./X-CUBE-AI/App/network.o
 .rodata.conv2d_1_weights_array_intq
                0x0800d1ac        0x8 ./X-CUBE-AI/App/network.o
 .rodata.__compound_literal.2
                0x0800d1b4        0x8 ./X-CUBE-AI/App/network.o
 .rodata.__compound_literal.1
                0x0800d1bc        0x6 ./X-CUBE-AI/App/network.o
 *fill*         0x0800d1c2        0x2 
 .rodata.__compound_literal.0
                0x0800d1c4       0x18 ./X-CUBE-AI/App/network.o
 *fill*         0x0800d1dc        0x4 
 .rodata.s_network_weights_array_u64
                0x0800d1e0    0xa1788 ./X-CUBE-AI/App/network_data_params.o
                0x0800d1e0                s_network_weights_array_u64
 .rodata._svfprintf_r.str1.1
                0x080ae968       0x11 C:/ST/STM32CubeIDE_1.13.1/STM32CubeIDE/plugins/com.st.stm32cube.ide.mcu.externaltools.gnu-tools-for-stm32.12.3.rel1.win32_1.0.100.202403111256/tools/bin/../lib/gcc/arm-none-eabi/12.3.1/../../../../arm-none-eabi/lib/thumb/v7e-m+dp/hard\libc_nano.a(libc_a-nano-svfprintf.o)
 .rodata._vfprintf_r.str1.1
                0x080ae979       0x11 C:/ST/STM32CubeIDE_1.13.1/STM32CubeIDE/plugins/com.st.stm32cube.ide.mcu.externaltools.gnu-tools-for-stm32.12.3.rel1.win32_1.0.100.202403111256/tools/bin/../lib/gcc/arm-none-eabi/12.3.1/../../../../arm-none-eabi/lib/thumb/v7e-m+dp/hard\libc_nano.a(libc_a-nano-vfprintf.o)
 .rodata._printf_i.str1.1
                0x080ae979       0x22 C:/ST/STM32CubeIDE_1.13.1/STM32CubeIDE/plugins/com.st.stm32cube.ide.mcu.externaltools.gnu-tools-for-stm32.12.3.rel1.win32_1.0.100.202403111256/tools/bin/../lib/gcc/arm-none-eabi/12.3.1/../../../../arm-none-eabi/lib/thumb/v7e-m+dp/hard\libc_nano.a(libc_a-nano-vfprintf_i.o)
 *fill*         0x080ae99b        0x5 
 .rodata.__exp2f_data
                0x080ae9a0      0x148 C:/ST/STM32CubeIDE_1.13.1/STM32CubeIDE/plugins/com.st.stm32cube.ide.mcu.externaltools.gnu-tools-for-stm32.12.3.rel1.win32_1.0.100.202403111256/tools/bin/../lib/gcc/arm-none-eabi/12.3.1/../../../../arm-none-eabi/lib/thumb/v7e-m+dp/hard\libm.a(libm_a-sf_exp2_data.o)
                0x080ae9a0                __exp2f_data
 .rodata.__powf_log2_data
                0x080aeae8      0x128 C:/ST/STM32CubeIDE_1.13.1/STM32CubeIDE/plugins/com.st.stm32cube.ide.mcu.externaltools.gnu-tools-for-stm32.12.3.rel1.win32_1.0.100.202403111256/tools/bin/../lib/gcc/arm-none-eabi/12.3.1/../../../../arm-none-eabi/lib/thumb/v7e-m+dp/hard\libm.a(libm_a-sf_pow_log2_data.o)
                0x080aeae8                __powf_log2_data
                0x080aec10                        . = ALIGN (0x4)

.ARM.extab
 *(.ARM.extab* .gnu.linkonce.armextab.*)

.ARM            0x080aec10        0x8
                0x080aec10                        __exidx_start = .
 *(.ARM.exidx*)
 .ARM.exidx     0x080aec10        0x8 C:/ST/STM32CubeIDE_1.13.1/STM32CubeIDE/plugins/com.st.stm32cube.ide.mcu.externaltools.gnu-tools-for-stm32.12.3.rel1.win32_1.0.100.202403111256/tools/bin/../lib/gcc/arm-none-eabi/12.3.1/../../../../arm-none-eabi/lib/thumb/v7e-m+dp/hard\libc_nano.a(libc_a-strlen.o)
 .ARM.exidx     0x080aec18        0x0 C:/ST/STM32CubeIDE_1.13.1/STM32CubeIDE/plugins/com.st.stm32cube.ide.mcu.externaltools.gnu-tools-for-stm32.12.3.rel1.win32_1.0.100.202403111256/tools/bin/../lib/gcc/arm-none-eabi/12.3.1/../../../../arm-none-eabi/lib/thumb/v7e-m+dp/hard\libc_nano.a(libc_a-memchr.o)
                                  0x8 (size before relaxing)
 .ARM.exidx     0x080aec18        0x0 C:/ST/STM32CubeIDE_1.13.1/STM32CubeIDE/plugins/com.st.stm32cube.ide.mcu.externaltools.gnu-tools-for-stm32.12.3.rel1.win32_1.0.100.202403111256/tools/bin/../lib/gcc/arm-none-eabi/12.3.1/thumb/v7e-m+dp/hard\libgcc.a(_udivmoddi4.o)
                                  0x8 (size before relaxing)
                0x080aec18                        __exidx_end = .

.preinit_array  0x080aec18        0x0
                0x080aec18                        PROVIDE (__preinit_array_start = .)
 *(.preinit_array*)
                0x080aec18                        PROVIDE (__preinit_array_end = .)

.init_array     0x080aec18        0x4
                0x080aec18                        PROVIDE (__init_array_start = .)
 *(SORT_BY_NAME(.init_array.*))
 *(.init_array*)
 .init_array    0x080aec18        0x4 C:/ST/STM32CubeIDE_1.13.1/STM32CubeIDE/plugins/com.st.stm32cube.ide.mcu.externaltools.gnu-tools-for-stm32.12.3.rel1.win32_1.0.100.202403111256/tools/bin/../lib/gcc/arm-none-eabi/12.3.1/thumb/v7e-m+dp/hard/crtbegin.o
                0x080aec1c                        PROVIDE (__init_array_end = .)

.fini_array     0x080aec1c        0x4
                [!provide]                        PROVIDE (__fini_array_start = .)
 *(SORT_BY_NAME(.fini_array.*))
 *(.fini_array*)
 .fini_array    0x080aec1c        0x4 C:/ST/STM32CubeIDE_1.13.1/STM32CubeIDE/plugins/com.st.stm32cube.ide.mcu.externaltools.gnu-tools-for-stm32.12.3.rel1.win32_1.0.100.202403111256/tools/bin/../lib/gcc/arm-none-eabi/12.3.1/thumb/v7e-m+dp/hard/crtbegin.o
                [!provide]                        PROVIDE (__fini_array_end = .)
                0x080aec20                        _sidata = LOADADDR (.data)

.rel.dyn        0x080aec20        0x0
 .rel.iplt      0x080aec20        0x0 C:/ST/STM32CubeIDE_1.13.1/STM32CubeIDE/plugins/com.st.stm32cube.ide.mcu.externaltools.gnu-tools-for-stm32.12.3.rel1.win32_1.0.100.202403111256/tools/bin/../lib/gcc/arm-none-eabi/12.3.1/thumb/v7e-m+dp/hard/crtbegin.o

.data           0x24000000      0xbac load address 0x080aec20
                0x24000000                        . = ALIGN (0x4)
                0x24000000                        _sdata = .
 *(.data)
 *(.data*)
 .data.sp_hdcmi
                0x24000000        0x4 ./Core/Src/camera.o
                0x24000000                sp_hdcmi
 .data.SLAVE_ADDRESS_LCD
                0x24000004        0x2 ./Core/Src/lcd.o
                0x24000004                SLAVE_ADDRESS_LCD
 *fill*         0x24000006        0x2 
 .data.SystemD2Clock
                0x24000008        0x4 ./Core/Src/system_stm32h7xx.o
                0x24000008                SystemD2Clock
 .data.SystemCoreClock
                0x2400000c        0x4 ./Core/Src/system_stm32h7xx.o
                0x2400000c                SystemCoreClock
 .data.uwTickFreq
                0x24000010        0x1 ./Drivers/STM32H7xx_HAL_Driver/Src/stm32h7xx_hal.o
                0x24000010                uwTickFreq
 *fill*         0x24000011        0x3 
 .data.uwTickPrio
                0x24000014        0x4 ./Drivers/STM32H7xx_HAL_Driver/Src/stm32h7xx_hal.o
                0x24000014                uwTickPrio
 .data.data_activations0
                0x24000018        0x4 ./X-CUBE-AI/App/app_x-cube-ai.o
                0x24000018                data_activations0
 .data.g_network
                0x2400001c       0x4c ./X-CUBE-AI/App/network.o
 .data.__compound_literal.136
                0x24000068       0x18 ./X-CUBE-AI/App/network.o
 .data.__compound_literal.135
                0x24000080        0xc ./X-CUBE-AI/App/network.o
 .data.__compound_literal.131
                0x2400008c        0x4 ./X-CUBE-AI/App/network.o
 .data.__compound_literal.130
                0x24000090        0xc ./X-CUBE-AI/App/network.o
 .data.__compound_literal.126
                0x2400009c        0x4 ./X-CUBE-AI/App/network.o
 .data.__compound_literal.125
                0x240000a0       0x1c ./X-CUBE-AI/App/network.o
 .data.__compound_literal.124
                0x240000bc       0x10 ./X-CUBE-AI/App/network.o
 .data.__compound_literal.123
                0x240000cc       0x1c ./X-CUBE-AI/App/network.o
 .data.__compound_literal.122
                0x240000e8       0x10 ./X-CUBE-AI/App/network.o
 .data.conversion_0_layer
                0x240000f8       0x20 ./X-CUBE-AI/App/network.o
 .data.__compound_literal.121
                0x24000118       0x30 ./X-CUBE-AI/App/network.o
 .data.__compound_literal.118
                0x24000148        0x4 ./X-CUBE-AI/App/network.o
 .data.__compound_literal.117
                0x2400014c        0x4 ./X-CUBE-AI/App/network.o
 .data.conv2d_1_layer
                0x24000150       0x60 ./X-CUBE-AI/App/network.o
 .data.__compound_literal.114
                0x240001b0       0x30 ./X-CUBE-AI/App/network.o
 .data.__compound_literal.113
                0x240001e0        0x8 ./X-CUBE-AI/App/network.o
 .data.__compound_literal.112
                0x240001e8        0xc ./X-CUBE-AI/App/network.o
 .data.__compound_literal.111
                0x240001f4        0x4 ./X-CUBE-AI/App/network.o
 .data.__compound_literal.110
                0x240001f8        0x4 ./X-CUBE-AI/App/network.o
 .data.conv2d_3_layer
                0x240001fc       0x60 ./X-CUBE-AI/App/network.o
 .data.__compound_literal.107
                0x2400025c       0x30 ./X-CUBE-AI/App/network.o
 .data.__compound_literal.106
                0x2400028c        0x8 ./X-CUBE-AI/App/network.o
 .data.__compound_literal.105
                0x24000294        0xc ./X-CUBE-AI/App/network.o
 .data.__compound_literal.104
                0x240002a0        0x4 ./X-CUBE-AI/App/network.o
 .data.__compound_literal.103
                0x240002a4        0x4 ./X-CUBE-AI/App/network.o
 .data.transpose_5_layer
                0x240002a8       0x24 ./X-CUBE-AI/App/network.o
 .data.__compound_literal.102
                0x240002cc       0x18 ./X-CUBE-AI/App/network.o
 .data.__compound_literal.101
                0x240002e4       0x30 ./X-CUBE-AI/App/network.o
 .data.__compound_literal.98
                0x24000314        0x4 ./X-CUBE-AI/App/network.o
 .data.__compound_literal.97
                0x24000318        0x4 ./X-CUBE-AI/App/network.o
 .data.gemm_7_layer
                0x2400031c       0x1c ./X-CUBE-AI/App/network.o
 .data.__compound_literal.96
                0x24000338       0x30 ./X-CUBE-AI/App/network.o
 .data.__compound_literal.95
                0x24000368        0x4 ./X-CUBE-AI/App/network.o
 .data.__compound_literal.94
                0x2400036c        0x8 ./X-CUBE-AI/App/network.o
 .data.__compound_literal.93
                0x24000374        0x4 ./X-CUBE-AI/App/network.o
 .data.__compound_literal.92
                0x24000378        0x4 ./X-CUBE-AI/App/network.o
 .data.gemm_8_layer
                0x2400037c       0x1c ./X-CUBE-AI/App/network.o
 .data.__compound_literal.91
                0x24000398       0x30 ./X-CUBE-AI/App/network.o
 .data.__compound_literal.90
                0x240003c8        0x4 ./X-CUBE-AI/App/network.o
 .data.__compound_literal.89
                0x240003cc        0x8 ./X-CUBE-AI/App/network.o
 .data.__compound_literal.88
                0x240003d4        0x4 ./X-CUBE-AI/App/network.o
 .data.__compound_literal.87
                0x240003d8        0x4 ./X-CUBE-AI/App/network.o
 .data.conversion_9_layer
                0x240003dc       0x20 ./X-CUBE-AI/App/network.o
 .data.__compound_literal.86
                0x240003fc       0x30 ./X-CUBE-AI/App/network.o
 .data.__compound_literal.83
                0x2400042c        0x4 ./X-CUBE-AI/App/network.o
 .data.__compound_literal.82
                0x24000430        0x4 ./X-CUBE-AI/App/network.o
 .data.gemm_8_output
                0x24000434       0x1c ./X-CUBE-AI/App/network.o
 .data.__compound_literal.81
                0x24000450       0x10 ./X-CUBE-AI/App/network.o
 .data.__compound_literal.80
                0x24000460       0x10 ./X-CUBE-AI/App/network.o
 .data.gemm_7_output
                0x24000470       0x1c ./X-CUBE-AI/App/network.o
 .data.__compound_literal.79
                0x2400048c       0x10 ./X-CUBE-AI/App/network.o
 .data.__compound_literal.78
                0x2400049c       0x10 ./X-CUBE-AI/App/network.o
 .data.transpose_5_output0
                0x240004ac       0x1c ./X-CUBE-AI/App/network.o
 .data.__compound_literal.77
                0x240004c8       0x10 ./X-CUBE-AI/App/network.o
 .data.__compound_literal.76
                0x240004d8       0x10 ./X-CUBE-AI/App/network.o
 .data.transpose_5_output
                0x240004e8       0x1c ./X-CUBE-AI/App/network.o
 .data.__compound_literal.75
                0x24000504       0x10 ./X-CUBE-AI/App/network.o
 .data.__compound_literal.74
                0x24000514       0x10 ./X-CUBE-AI/App/network.o
 .data.conv2d_3_output